Archive member included to satisfy reference by file (symbol)

Middlewares/ST/touchgfx/lib/core/cortex_m7/gcc\libtouchgfx.a(AbstractPartition.o)
                              TouchGFX/build/STM32F7508-DK/TouchGFX/target/generated/TouchGFXConfiguration.o (touchgfx::AbstractPartition::getAllocationCount() const)
Middlewares/ST/touchgfx/lib/core/cortex_m7/gcc\libtouchgfx.a(Container.o)
                              TouchGFX/build/STM32F7508-DK/TouchGFX/generated/gui_generated/src/mainscreen_screen/mainScreenViewBase.o (touchgfx::Container::add(touchgfx::Drawable&))
Middlewares/ST/touchgfx/lib/core/cortex_m7/gcc\libtouchgfx.a(HAL.o)
                              TouchGFX/build/STM32F7508-DK/TouchGFX/target/generated/TouchGFXGeneratedHAL.o (touchgfx::HAL::drawDrawableInDynamicBitmap(touchgfx::Drawable&, unsigned short))
Middlewares/ST/touchgfx/lib/core/cortex_m7/gcc\libtouchgfx.a(DMA.o)
                              TouchGFX/build/STM32F7508-DK/TouchGFX/target/generated/STM32DMA.o (touchgfx::DMA_Interface::seedExecution())
Middlewares/ST/touchgfx/lib/core/cortex_m7/gcc\libtouchgfx.a(TextArea.o)
                              TouchGFX/build/STM32F7508-DK/TouchGFX/generated/gui_generated/src/mainscreen_screen/mainScreenViewBase.o (touchgfx::TextArea::calculateBoundingArea() const)
Middlewares/ST/touchgfx/lib/core/cortex_m7/gcc\libtouchgfx.a(Box.o)
                              TouchGFX/build/STM32F7508-DK/TouchGFX/generated/gui_generated/src/mainscreen_screen/mainScreenViewBase.o (vtable for touchgfx::Box)
Middlewares/ST/touchgfx/lib/core/cortex_m7/gcc\libtouchgfx.a(LCD.o)
                              Middlewares/ST/touchgfx/lib/core/cortex_m7/gcc\libtouchgfx.a(TextArea.o) (touchgfx::LCD::stringWidth(touchgfx::TextProvider&, touchgfx::Font const&, int, unsigned char))
Middlewares/ST/touchgfx/lib/core/cortex_m7/gcc\libtouchgfx.a(TouchCalibration.o)
                              Middlewares/ST/touchgfx/lib/core/cortex_m7/gcc\libtouchgfx.a(HAL.o) (touchgfx::TouchCalibration::translatePoint(touchgfx::Point&))
Middlewares/ST/touchgfx/lib/core/cortex_m7/gcc\libtouchgfx.a(DisplayTransformation.o)
                              Middlewares/ST/touchgfx/lib/core/cortex_m7/gcc\libtouchgfx.a(HAL.o) (touchgfx::DisplayTransformation::transformFrameBufferToDisplay(short&, short&))
Middlewares/ST/touchgfx/lib/core/cortex_m7/gcc\libtouchgfx.a(Application.o)
                              TouchGFX/build/STM32F7508-DK/TouchGFX/gui/src/common/FrontendApplication.o (touchgfx::Application::switchScreen(touchgfx::Screen*))
Middlewares/ST/touchgfx/lib/core/cortex_m7/gcc\libtouchgfx.a(TypedText.o)
                              TouchGFX/build/STM32F7508-DK/TouchGFX/generated/fonts/src/FontCache.o (touchgfx::TypedText::numberOfTypedTexts)
Middlewares/ST/touchgfx/lib/core/cortex_m7/gcc\libtouchgfx.a(Font.o)
                              TouchGFX/build/STM32F7508-DK/TouchGFX/generated/texts/src/Texts.o (touchgfx::Font::getStringWidthLTR(unsigned char, unsigned short const*, std::__va_list) const)
Middlewares/ST/touchgfx/lib/core/cortex_m7/gcc\libtouchgfx.a(Drawable.o)
                              Middlewares/ST/touchgfx/lib/core/cortex_m7/gcc\libtouchgfx.a(Container.o) (touchgfx::Drawable::invalidate() const)
Middlewares/ST/touchgfx/lib/core/cortex_m7/gcc\libtouchgfx.a(ConstFont.o)
                              TouchGFX/build/STM32F7508-DK/TouchGFX/generated/fonts/src/GeneratedFont.o (touchgfx::ConstFont::ConstFont(touchgfx::GlyphNode const*, unsigned short, unsigned short, unsigned char, unsigned char, unsigned char, unsigned char, unsigned char, unsigned short, unsigned short))
Middlewares/ST/touchgfx/lib/core/cortex_m7/gcc\libtouchgfx.a(Utils.o)
                              TouchGFX/build/STM32F7508-DK/TouchGFX/generated/fonts/src/FontCache.o (touchgfx::memset(void*, unsigned char, unsigned long))
Middlewares/ST/touchgfx/lib/core/cortex_m7/gcc\libtouchgfx.a(Screen.o)
                              TouchGFX/build/STM32F7508-DK/TouchGFX/gui/src/mainscreen_screen/mainScreenView.o (touchgfx::Screen::handleGestureEvent(touchgfx::GestureEvent const&))
Middlewares/ST/touchgfx/lib/core/cortex_m7/gcc\libtouchgfx.a(TextProvider.o)
                              TouchGFX/build/STM32F7508-DK/TouchGFX/generated/fonts/src/FontCache.o (touchgfx::TextProvider::TextProvider())
Middlewares/ST/touchgfx/lib/core/cortex_m7/gcc\libtouchgfx.a(TextureMapTypes.o)
                              Middlewares/ST/touchgfx/lib/core/cortex_m7/gcc\libtouchgfx.a(LCD.o) (touchgfx::Gradients::Gradients(touchgfx::Point3D const*))
Middlewares/ST/touchgfx/lib/core/cortex_m7/gcc\libtouchgfx.a(Unicode.o)
                              TouchGFX/build/STM32F7508-DK/TouchGFX/generated/fonts/src/FontCache.o (touchgfx::Unicode::strlen(unsigned short const*))
Middlewares/ST/touchgfx/lib/core/cortex_m7/gcc\libtouchgfx.a(FontManager.o)
[...]
Memory Configuration

Name             Origin             Length             Attributes
ITCMRAM          0x00000000         0x00004000         xrw
RAM              0x20000000         0x00050000         xrw
SDRAM            0xc0000000         0x00800000         xrw
BOOTLOADER       0x08000000         0x00010000         xr
FLASH            0x90000000         0x00100000         xr
QSPI             0x90100000         0x00f00000         xrw
*default*        0x00000000         0xffffffff

Linker script and memory map

LOAD c:/touchgfx/4.20.0/env/mingw/msys/1.0/gnu-arm-gcc/bin/../lib/gcc/arm-none-eabi/7.3.1/thumb/v7e-m/fpv4-sp/softfp/crti.o
LOAD c:/touchgfx/4.20.0/env/mingw/msys/1.0/gnu-arm-gcc/bin/../lib/gcc/arm-none-eabi/7.3.1/thumb/v7e-m/fpv4-sp/softfp/crtbegin.o
LOAD c:/touchgfx/4.20.0/env/mingw/msys/1.0/gnu-arm-gcc/bin/../lib/gcc/arm-none-eabi/7.3.1/../../../../arm-none-eabi/lib/thumb/v7e-m/fpv4-sp/softfp/crt0.o
LOAD TouchGFX/build/STM32F7508-DK/TouchGFX/gui/src/mainscreen_screen/mainScreenView.o
LOAD TouchGFX/build/STM32F7508-DK/TouchGFX/gui/src/mainscreen_screen/mainScreenPresenter.o
LOAD TouchGFX/build/STM32F7508-DK/TouchGFX/gui/src/model/Model.o
LOAD TouchGFX/build/STM32F7508-DK/TouchGFX/gui/src/common/FrontendApplication.o
LOAD TouchGFX/build/STM32F7508-DK/TouchGFX/generated/gui_generated/src/mainscreen_screen/mainScreenViewBase.o
LOAD TouchGFX/build/STM32F7508-DK/TouchGFX/generated/gui_generated/src/common/FrontendApplicationBase.o
LOAD TouchGFX/build/STM32F7508-DK/TouchGFX/generated/fonts/src/Kerning_verdana_10_4bpp.o
LOAD TouchGFX/build/STM32F7508-DK/TouchGFX/generated/fonts/src/Font_verdana_20_4bpp_0.o
LOAD TouchGFX/build/STM32F7508-DK/TouchGFX/generated/fonts/src/GeneratedFont.o
LOAD TouchGFX/build/STM32F7508-DK/TouchGFX/generated/fonts/src/Kerning_consola_50_4bpp.o
LOAD TouchGFX/build/STM32F7508-DK/TouchGFX/generated/fonts/src/UnmappedDataFont.o
LOAD TouchGFX/build/STM32F7508-DK/TouchGFX/generated/fonts/src/Table_verdana_10_4bpp.o
LOAD TouchGFX/build/STM32F7508-DK/TouchGFX/generated/fonts/src/Kerning_verdana_20_4bpp.o
LOAD TouchGFX/build/STM32F7508-DK/TouchGFX/generated/fonts/src/FontCache.o
LOAD TouchGFX/build/STM32F7508-DK/TouchGFX/generated/fonts/src/Table_consola_50_4bpp.o
LOAD TouchGFX/build/STM32F7508-DK/TouchGFX/generated/fonts/src/Font_verdana_10_4bpp_0.o
LOAD TouchGFX/build/STM32F7508-DK/TouchGFX/generated/fonts/src/Font_consola_50_4bpp_0.o
LOAD TouchGFX/build/STM32F7508-DK/TouchGFX/generated/fonts/src/CachedFont.o
LOAD TouchGFX/build/STM32F7508-DK/TouchGFX/generated/fonts/src/Table_verdana_20_4bpp.o
LOAD TouchGFX/build/STM32F7508-DK/TouchGFX/generated/fonts/src/ApplicationFontProvider.o
LOAD TouchGFX/build/STM32F7508-DK/TouchGFX/generated/images/src/BitmapDatabase.o
LOAD TouchGFX/build/STM32F7508-DK/TouchGFX/generated/texts/src/LanguageGb.o
LOAD TouchGFX/build/STM32F7508-DK/TouchGFX/generated/texts/src/TypedTextDatabase.o
LOAD TouchGFX/build/STM32F7508-DK/TouchGFX/generated/texts/src/Texts.o
LOAD TouchGFX/build/STM32F7508-DK/TouchGFX/target/generated/TouchGFXGeneratedHAL.o
LOAD TouchGFX/build/STM32F7508-DK/TouchGFX/target/generated/STM32DMA.o
LOAD TouchGFX/build/STM32F7508-DK/TouchGFX/target/generated/OSWrappers.o
LOAD TouchGFX/build/STM32F7508-DK/TouchGFX/target/generated/TouchGFXConfiguration.o
LOAD TouchGFX/build/STM32F7508-DK/TouchGFX/target/TouchGFXHAL.o
LOAD TouchGFX/build/STM32F7508-DK/TouchGFX/target/TouchGFXGPIO.o
LOAD TouchGFX/build/STM32F7508-DK/TouchGFX/target/STM32TouchController.o
LOAD TouchGFX/build/STM32F7508-DK/TouchGFX/target/CortexMMCUInstrumentation.o
LOAD TouchGFX/build/STM32F7508-DK/Core/Src/system_stm32f7xx.o
LOAD TouchGFX/build/STM32F7508-DK/Core/Src/main.o
LOAD TouchGFX/build/STM32F7508-DK/Core/Src/stm32f7xx_hal_timebase_tim.o
LOAD TouchGFX/build/STM32F7508-DK/Core/Src/stm32f7xx_hal_msp.o
LOAD TouchGFX/build/STM32F7508-DK/Core/Src/freertos.o
LOAD TouchGFX/build/STM32F7508-DK/Core/Src/stm32f7xx_it.o
LOAD TouchGFX/build/STM32F7508-DK/Drivers/STM32F7xx_HAL_Driver/Src/stm32f7xx_hal_ltdc_ex.o
LOAD TouchGFX/build/STM32F7508-DK/Drivers/STM32F7xx_HAL_Driver/Src/stm32f7xx_hal.o
LOAD TouchGFX/build/STM32F7508-DK/Drivers/STM32F7xx_HAL_Driver/Src/stm32f7xx_hal_uart.o
LOAD TouchGFX/build/STM32F7508-DK/Drivers/STM32F7xx_HAL_Driver/Src/stm32f7xx_hal_rcc_ex.o
LOAD TouchGFX/build/STM32F7508-DK/Drivers/STM32F7xx_HAL_Driver/Src/stm32f7xx_hal_dsi.o
LOAD TouchGFX/build/STM32F7508-DK/Drivers/STM32F7xx_HAL_Driver/Src/stm32f7xx_hal_crc.o
LOAD TouchGFX/build/STM32F7508-DK/Drivers/STM32F7xx_HAL_Driver/Src/stm32f7xx_hal_ltdc.o
LOAD TouchGFX/build/STM32F7508-DK/Drivers/STM32F7xx_HAL_Driver/Src/stm32f7xx_hal_pwr_ex.o
LOAD TouchGFX/build/STM32F7508-DK/Drivers/STM32F7xx_HAL_Driver/Src/stm32f7xx_hal_sdram.o
LOAD TouchGFX/build/STM32F7508-DK/Drivers/STM32F7xx_HAL_Driver/Src/stm32f7xx_hal_flash.o
LOAD TouchGFX/build/STM32F7508-DK/Drivers/STM32F7xx_HAL_Driver/Src/stm32f7xx_hal_rcc.o
LOAD TouchGFX/build/STM32F7508-DK/Drivers/STM32F7xx_HAL_Driver/Src/stm32f7xx_hal_dma_ex.o
LOAD TouchGFX/build/STM32F7508-DK/Drivers/STM32F7xx_HAL_Driver/Src/stm32f7xx_hal_i2c.o
LOAD TouchGFX/build/STM32F7508-DK/Drivers/STM32F7xx_HAL_Driver/Src/stm32f7xx_hal_pwr.o
LOAD TouchGFX/build/STM32F7508-DK/Drivers/STM32F7xx_HAL_Driver/Src/stm32f7xx_hal_dma.o
LOAD TouchGFX/build/STM32F7508-DK/Drivers/STM32F7xx_HAL_Driver/Src/stm32f7xx_hal_uart_ex.o
LOAD TouchGFX/build/STM32F7508-DK/Drivers/STM32F7xx_HAL_Driver/Src/stm32f7xx_hal_tim_ex.o
LOAD TouchGFX/build/STM32F7508-DK/Drivers/STM32F7xx_HAL_Driver/Src/stm32f7xx_hal_cortex.o
LOAD TouchGFX/build/STM32F7508-DK/Drivers/STM32F7xx_HAL_Driver/Src/stm32f7xx_ll_fmc.o
LOAD TouchGFX/build/STM32F7508-DK/Drivers/STM32F7xx_HAL_Driver/Src/stm32f7xx_hal_flash_ex.o
LOAD TouchGFX/build/STM32F7508-DK/Drivers/STM32F7xx_HAL_Driver/Src/stm32f7xx_hal_exti.o
LOAD TouchGFX/build/STM32F7508-DK/Drivers/STM32F7xx_HAL_Driver/Src/stm32f7xx_hal_gpio.o
LOAD TouchGFX/build/STM32F7508-DK/Drivers/STM32F7xx_HAL_Driver/Src/stm32f7xx_hal_dma2d.o
LOAD TouchGFX/build/STM32F7508-DK/Drivers/STM32F7xx_HAL_Driver/Src/stm32f7xx_hal_tim.o
LOAD TouchGFX/build/STM32F7508-DK/Drivers/STM32F7xx_HAL_Driver/Src/stm32f7xx_hal_i2c_ex.o
LOAD TouchGFX/build/STM32F7508-DK/Drivers/STM32F7xx_HAL_Driver/Src/stm32f7xx_hal_crc_ex.o
LOAD TouchGFX/build/STM32F7508-DK/TouchGFX/App/app_touchgfx.o
LOAD TouchGFX/build/STM32F7508-DK/Middlewares/Third_Party/FreeRTOS/Source/croutine.o
LOAD TouchGFX/build/STM32F7508-DK/Middlewares/Third_Party/FreeRTOS/Source/list.o
LOAD TouchGFX/build/STM32F7508-DK/Middlewares/Third_Party/FreeRTOS/Source/queue.o
LOAD TouchGFX/build/STM32F7508-DK/Middlewares/Third_Party/FreeRTOS/Source/tasks.o
LOAD TouchGFX/build/STM32F7508-DK/Middlewares/Third_Party/FreeRTOS/Source/timers.o
LOAD TouchGFX/build/STM32F7508-DK/Middlewares/Third_Party/FreeRTOS/Source/CMSIS_RTOS_V2/cmsis_os2.o
LOAD TouchGFX/build/STM32F7508-DK/gcc/Middlewares/Third_Party/FreeRTOS/Source/portable/MemMang/heap_4.o
LOAD TouchGFX/build/STM32F7508-DK/gcc/Middlewares/Third_Party/FreeRTOS/Source/portable/GCC/ARM_CM7/r0p1/port.o
LOAD TouchGFX/build/STM32F7508-DK/Drivers/BSP/STM32F7508-Discovery/stm32f7508_discovery.o
LOAD TouchGFX/build/STM32F7508-DK/Drivers/BSP/STM32F7508-Discovery/stm32f7508_discovery_sdram.o
LOAD TouchGFX/build/STM32F7508-DK/Drivers/BSP/STM32F7508-Discovery/stm32f7508_discovery_ts.o
LOAD TouchGFX/build/STM32F7508-DK/Drivers/BSP/Components/ft5336/ft5336.o
LOAD TouchGFX/build/STM32F7508-DK/gcc/startup_stm32f750xx.o
LOAD TouchGFX/build/STM32F7508-DK/ExtMem_Boot/Binary/Bootloader.o
START GROUP
LOAD Middlewares/ST/touchgfx/lib/core/cortex_m7/gcc\libtouchgfx.a
END GROUP
LOAD c:/touchgfx/4.20.0/env/mingw/msys/1.0/gnu-arm-gcc/bin/../lib/gcc/arm-none-eabi/7.3.1/../../../../arm-none-eabi/lib/thumb/v7e-m/fpv4-sp/softfp\libstdc++_nano.a
LOAD c:/touchgfx/4.20.0/env/mingw/msys/1.0/gnu-arm-gcc/bin/../lib/gcc/arm-none-eabi/7.3.1/../../../../arm-none-eabi/lib/thumb/v7e-m/fpv4-sp/softfp\libm.a
START GROUP
LOAD c:/touchgfx/4.20.0/env/mingw/msys/1.0/gnu-arm-gcc/bin/../lib/gcc/arm-none-eabi/7.3.1/thumb/v7e-m/fpv4-sp/softfp\libgcc.a
LOAD c:/touchgfx/4.20.0/env/mingw/msys/1.0/gnu-arm-gcc/bin/../lib/gcc/arm-none-eabi/7.3.1/../../../../arm-none-eabi/lib/thumb/v7e-m/fpv4-sp/softfp\libg_nano.a
LOAD c:/touchgfx/4.20.0/env/mingw/msys/1.0/gnu-arm-gcc/bin/../lib/gcc/arm-none-eabi/7.3.1/../../../../arm-none-eabi/lib/thumb/v7e-m/fpv4-sp/softfp\libc_nano.a
END GROUP
START GROUP
LOAD c:/touchgfx/4.20.0/env/mingw/msys/1.0/gnu-arm-gcc/bin/../lib/gcc/arm-none-eabi/7.3.1/thumb/v7e-m/fpv4-sp/softfp\libgcc.a
LOAD c:/touchgfx/4.20.0/env/mingw/msys/1.0/gnu-arm-gcc/bin/../lib/gcc/arm-none-eabi/7.3.1/../../../../arm-none-eabi/lib/thumb/v7e-m/fpv4-sp/softfp\libc_nano.a
LOAD c:/touchgfx/4.20.0/env/mingw/msys/1.0/gnu-arm-gcc/bin/../lib/gcc/arm-none-eabi/7.3.1/../../../../arm-none-eabi/lib/thumb/v7e-m/fpv4-sp/softfp\libnosys.a
END GROUP
START GROUP
LOAD c:/touchgfx/4.20.0/env/mingw/msys/1.0/gnu-arm-gcc/bin/../lib/gcc/arm-none-eabi/7.3.1/thumb/v7e-m/fpv4-sp/softfp\libgcc.a
LOAD c:/touchgfx/4.20.0/env/mingw/msys/1.0/gnu-arm-gcc/bin/../lib/gcc/arm-none-eabi/7.3.1/../../../../arm-none-eabi/lib/thumb/v7e-m/fpv4-sp/softfp\libc_nano.a
LOAD c:/touchgfx/4.20.0/env/mingw/msys/1.0/gnu-arm-gcc/bin/../lib/gcc/arm-none-eabi/7.3.1/../../../../arm-none-eabi/lib/thumb/v7e-m/fpv4-sp/softfp\libnosys.a
END GROUP
LOAD c:/touchgfx/4.20.0/env/mingw/msys/1.0/gnu-arm-gcc/bin/../lib/gcc/arm-none-eabi/7.3.1/thumb/v7e-m/fpv4-sp/softfp/crtend.o
LOAD c:/touchgfx/4.20.0/env/mingw/msys/1.0/gnu-arm-gcc/bin/../lib/gcc/arm-none-eabi/7.3.1/thumb/v7e-m/fpv4-sp/softfp/crtn.o
                0x20050000                _estack = (ORIGIN (RAM) + LENGTH (RAM))
                0x00001000                _Min_Heap_Size = 0x1000
                0x00001000                _Min_Stack_Size = 0x1000

.isr_vector     0x90000000      0x1c8
                0x90000000                . = ALIGN (0x4)
 *(.isr_vector)
 .isr_vector    0x90000000      0x1c8 TouchGFX/build/STM32F7508-DK/gcc/startup_stm32f750xx.o
                0x90000000                g_pfnVectors
                0x900001c8                . = ALIGN (0x4)

.text           0x900001d0    0x1a9fc
                0x900001d0                . = ALIGN (0x4)
 *(.text)
 .text          0x900001d0       0x40 c:/touchgfx/4.20.0/env/mingw/msys/1.0/gnu-arm-gcc/bin/../lib/gcc/arm-none-eabi/7.3.1/thumb/v7e-m/fpv4-sp/softfp/crtbegin.o
 .text          0x90000210       0x30 c:/touchgfx/4.20.0/env/mingw/msys/1.0/gnu-arm-gcc/bin/../lib/gcc/arm-none-eabi/7.3.1/thumb/v7e-m/fpv4-sp/softfp\libgcc.a(_aeabi_uldivmod.o)
                0x90000210                __aeabi_uldivmod
 .text          0x90000240      0x2cc c:/touchgfx/4.20.0/env/mingw/msys/1.0/gnu-arm-gcc/bin/../lib/gcc/arm-none-eabi/7.3.1/thumb/v7e-m/fpv4-sp/softfp\libgcc.a(_udivmoddi4.o)
                0x90000240                __udivmoddi4
 .text          0x9000050c        0x4 c:/touchgfx/4.20.0/env/mingw/msys/1.0/gnu-arm-gcc/bin/../lib/gcc/arm-none-eabi/7.3.1/thumb/v7e-m/fpv4-sp/softfp\libgcc.a(_dvmd_tls.o)
                0x9000050c                __aeabi_idiv0
                0x9000050c                __aeabi_ldiv0
 .text          0x90000510       0xa0 c:/touchgfx/4.20.0/env/mingw/msys/1.0/gnu-arm-gcc/bin/../lib/gcc/arm-none-eabi/7.3.1/../../../../arm-none-eabi/lib/thumb/v7e-m/fpv4-sp/softfp\libg_nano.a(lib_a-memchr.o)
                0x90000510                memchr
 *(.text*)
 .text._ZN8touchgfx6Screen15afterTransitionEv
                0x900005b0        0x2 TouchGFX/build/STM32F7508-DK/TouchGFX/gui/src/mainscreen_screen/mainScreenView.o
                0x900005b0                touchgfx::Screen::afterTransition()
 .text._ZN8touchgfx6Screen14handleKeyEventEh
                0x900005b2        0x2 TouchGFX/build/STM32F7508-DK/TouchGFX/gui/src/mainscreen_screen/mainScreenView.o
                0x900005b2                touchgfx::Screen::handleKeyEvent(unsigned char)
 .text._ZN14mainScreenViewD2Ev
                0x900005b4        0x2 TouchGFX/build/STM32F7508-DK/TouchGFX/gui/src/mainscreen_screen/mainScreenView.o
                0x900005b4                mainScreenView::~mainScreenView()
                0x900005b4                mainScreenView::~mainScreenView()
 .text._ZN14mainScreenView14tearDownScreenEv
                0x900005b6        0x2 TouchGFX/build/STM32F7508-DK/TouchGFX/gui/src/mainscreen_screen/mainScreenView.o
                0x900005b6                mainScreenView::tearDownScreen()
 .text._ZN14mainScreenView11setupScreenEv
                0x900005b8        0x4 TouchGFX/build/STM32F7508-DK/TouchGFX/gui/src/mainscreen_screen/mainScreenView.o
                0x900005b8                mainScreenView::setupScreen()
 .text._ZN14mainScreenViewD0Ev
                0x900005bc        0xe TouchGFX/build/STM32F7508-DK/TouchGFX/gui/src/mainscreen_screen/mainScreenView.o
                0x900005bc                mainScreenView::~mainScreenView()
 *fill*         0x900005ca        0x2 
 .text._ZN14mainScreenViewC2Ev
                0x900005cc       0x14 TouchGFX/build/STM32F7508-DK/TouchGFX/gui/src/mainscreen_screen/mainScreenView.o
                0x900005cc                mainScreenView::mainScreenView()
                0x900005cc                mainScreenView::mainScreenView()
 .text._ZN19mainScreenPresenterD2Ev
                0x900005e0        0x6 TouchGFX/build/STM32F7508-DK/TouchGFX/gui/src/mainscreen_screen/mainScreenPresenter.o
                0x900005e0                mainScreenPresenter::~mainScreenPresenter()
                0x900005e0                mainScreenPresenter::~mainScreenPresenter()
                0x900005e2                non-virtual thunk to mainScreenPresenter::~mainScreenPresenter()
 .text._ZN19mainScreenPresenter8activateEv
                0x900005e6        0x2 TouchGFX/build/STM32F7508-DK/TouchGFX/gui/src/mainscreen_screen/mainScreenPresenter.o
                0x900005e6                mainScreenPresenter::activate()
                0x900005e6                mainScreenPresenter::deactivate()
 .text._ZN19mainScreenPresenterD0Ev
                0x900005e8       0x14 TouchGFX/build/STM32F7508-DK/TouchGFX/gui/src/mainscreen_screen/mainScreenPresenter.o
                0x900005e8                mainScreenPresenter::~mainScreenPresenter()
                0x900005f6                non-virtual thunk to mainScreenPresenter::~mainScreenPresenter()
 .text._ZN19mainScreenPresenterC2ER14mainScreenView
                0x900005fc       0x1c TouchGFX/build/STM32F7508-DK/TouchGFX/gui/src/mainscreen_screen/mainScreenPresenter.o
                0x900005fc                mainScreenPresenter::mainScreenPresenter(mainScreenView&)
                0x900005fc                mainScreenPresenter::mainScreenPresenter(mainScreenView&)
 .text._ZN5ModelC2Ev
                0x90000618        0x6 TouchGFX/build/STM32F7508-DK/TouchGFX/gui/src/model/Model.o
                0x90000618                Model::Model()
                0x90000618                Model::Model()
 .text._ZN5Model4tickEv
                0x9000061e        0x2 TouchGFX/build/STM32F7508-DK/TouchGFX/gui/src/model/Model.o
                0x9000061e                Model::tick()
 .text._ZN8touchgfx11Application15appSwitchScreenEh
                0x90000620        0x2 TouchGFX/build/STM32F7508-DK/TouchGFX/gui/src/common/FrontendApplication.o
                0x90000620                touchgfx::Application::appSwitchScreen(unsigned char)
 .text._ZN8touchgfx11Application13requestRedrawERNS_4RectE
                0x90000622        0xc TouchGFX/build/STM32F7508-DK/TouchGFX/gui/src/common/FrontendApplication.o
                0x90000622                touchgfx::Application::requestRedraw(touchgfx::Rect&)
 .text._ZN19FrontendApplicationD2Ev
                0x9000062e        0x2 TouchGFX/build/STM32F7508-DK/TouchGFX/gui/src/common/FrontendApplication.o
                0x9000062e                FrontendApplication::~FrontendApplication()
                0x9000062e                FrontendApplication::~FrontendApplication()
 .text._ZN23FrontendApplicationBase19changeToStartScreenEv
                0x90000630        0x4 TouchGFX/build/STM32F7508-DK/TouchGFX/gui/src/common/FrontendApplication.o
                0x90000630                FrontendApplicationBase::changeToStartScreen()
 .text._ZN19FrontendApplicationD0Ev
                0x90000634       0x10 TouchGFX/build/STM32F7508-DK/TouchGFX/gui/src/common/FrontendApplication.o
                0x90000634                FrontendApplication::~FrontendApplication()
 .text._ZN19FrontendApplication15handleTickEventEv
                0x90000644       0x16 TouchGFX/build/STM32F7508-DK/TouchGFX/gui/src/common/FrontendApplication.o
                0x90000644                FrontendApplication::handleTickEvent()
 .text._ZN8touchgfx14MVPApplication29handlePendingScreenTransitionEv
                0x9000065a       0x24 TouchGFX/build/STM32F7508-DK/TouchGFX/gui/src/common/FrontendApplication.o
                0x9000065a                touchgfx::MVPApplication::handlePendingScreenTransition()
 *fill*         0x9000067e        0x2 
 .text._ZN19FrontendApplicationC2ER5ModelR12FrontendHeap
                0x90000680       0x14 TouchGFX/build/STM32F7508-DK/TouchGFX/gui/src/common/FrontendApplication.o
                0x90000680                FrontendApplication::FrontendApplication(Model&, FrontendHeap&)
                0x90000680                FrontendApplication::FrontendApplication(Model&, FrontendHeap&)
 .text._ZN8touchgfx8Drawable13getFirstChildEv
                0x90000694        0x4 TouchGFX/build/STM32F7508-DK/TouchGFX/generated/gui_generated/src/mainscreen_screen/mainScreenViewBase.o
                0x90000694                touchgfx::Drawable::getFirstChild()
 .text._ZN8touchgfx8Drawable4setXEs
                0x90000698        0x4 TouchGFX/build/STM32F7508-DK/TouchGFX/generated/gui_generated/src/mainscreen_screen/mainScreenViewBase.o
                0x90000698                touchgfx::Drawable::setX(short)
 .text._ZN8touchgfx8Drawable4setYEs
                0x9000069c        0x4 TouchGFX/build/STM32F7508-DK/TouchGFX/generated/gui_generated/src/mainscreen_screen/mainScreenViewBase.o
                0x9000069c                touchgfx::Drawable::setY(short)
 .text._ZN8touchgfx8Drawable8setWidthEs
                0x900006a0        0x4 TouchGFX/build/STM32F7508-DK/TouchGFX/generated/gui_generated/src/mainscreen_screen/mainScreenViewBase.o
                0x900006a0                touchgfx::Drawable::setWidth(short)
 .text._ZN8touchgfx8Drawable9setHeightEs
                0x900006a4        0x4 TouchGFX/build/STM32F7508-DK/TouchGFX/generated/gui_generated/src/mainscreen_screen/mainScreenViewBase.o
                0x900006a4                touchgfx::Drawable::setHeight(short)
 .text._ZN8touchgfx8Drawable20childGeometryChangedEv
                0x900006a8        0x2 TouchGFX/build/STM32F7508-DK/TouchGFX/generated/gui_generated/src/mainscreen_screen/mainScreenViewBase.o
                0x900006a8                touchgfx::Drawable::childGeometryChanged()
 .text._ZN8touchgfx8Drawable16handleClickEventERKNS_10ClickEventE
                0x900006aa        0x2 TouchGFX/build/STM32F7508-DK/TouchGFX/generated/gui_generated/src/mainscreen_screen/mainScreenViewBase.o
                0x900006aa                touchgfx::Drawable::handleClickEvent(touchgfx::ClickEvent const&)
 .text._ZN8touchgfx8Drawable18handleGestureEventERKNS_12GestureEventE
                0x900006ac        0x2 TouchGFX/build/STM32F7508-DK/TouchGFX/generated/gui_generated/src/mainscreen_screen/mainScreenViewBase.o
                0x900006ac                touchgfx::Drawable::handleGestureEvent(touchgfx::GestureEvent const&)
 .text._ZN8touchgfx8Drawable15handleDragEventERKNS_9DragEventE
                0x900006ae        0x2 TouchGFX/build/STM32F7508-DK/TouchGFX/generated/gui_generated/src/mainscreen_screen/mainScreenViewBase.o
                0x900006ae                touchgfx::Drawable::handleDragEvent(touchgfx::DragEvent const&)
 .text._ZN8touchgfx8Drawable15handleTickEventEv
                0x900006b0        0x2 TouchGFX/build/STM32F7508-DK/TouchGFX/generated/gui_generated/src/mainscreen_screen/mainScreenViewBase.o
                0x900006b0                touchgfx::Drawable::handleTickEvent()
 .text._ZN8touchgfx8Drawable6moveToEss
                0x900006b2       0x18 TouchGFX/build/STM32F7508-DK/TouchGFX/generated/gui_generated/src/mainscreen_screen/mainScreenViewBase.o
                0x900006b2                touchgfx::Drawable::moveTo(short, short)
 .text._ZN8touchgfx8Drawable14setupDrawChainERKNS_4RectEPPS0_
                0x900006ca       0x14 TouchGFX/build/STM32F7508-DK/TouchGFX/generated/gui_generated/src/mainscreen_screen/mainScreenViewBase.o
                0x900006ca                touchgfx::Drawable::setupDrawChain(touchgfx::Rect const&, touchgfx::Drawable**)
 .text._ZN8touchgfx6Screen11setupScreenEv
                0x900006de        0x2 TouchGFX/build/STM32F7508-DK/TouchGFX/generated/gui_generated/src/mainscreen_screen/mainScreenViewBase.o
                0x900006de                touchgfx::Screen::setupScreen()
 .text._ZN8touchgfx6Screen14tearDownScreenEv
                0x900006e0        0x2 TouchGFX/build/STM32F7508-DK/TouchGFX/generated/gui_generated/src/mainscreen_screen/mainScreenViewBase.o
                0x900006e0                touchgfx::Screen::tearDownScreen()
 .text._ZN8touchgfx6Screen15handleTickEventEv
                0x900006e2        0x2 TouchGFX/build/STM32F7508-DK/TouchGFX/generated/gui_generated/src/mainscreen_screen/mainScreenViewBase.o
                0x900006e2                touchgfx::Screen::handleTickEvent()
 .text._ZN8touchgfx6Widget12getLastChildEssPPNS_8DrawableE
                0x900006e4       0x10 TouchGFX/build/STM32F7508-DK/TouchGFX/generated/gui_generated/src/mainscreen_screen/mainScreenViewBase.o
                0x900006e4                touchgfx::Widget::getLastChild(short, short, touchgfx::Drawable**)
 .text._ZN8touchgfx9TypedTextD2Ev
                0x900006f4        0x2 TouchGFX/build/STM32F7508-DK/TouchGFX/generated/gui_generated/src/mainscreen_screen/mainScreenViewBase.o
                0x900006f4                touchgfx::TypedText::~TypedText()
                0x900006f4                touchgfx::TypedText::~TypedText()
 .text._ZN18mainScreenViewBaseD2Ev
                0x900006f6        0x2 TouchGFX/build/STM32F7508-DK/TouchGFX/generated/gui_generated/src/mainscreen_screen/mainScreenViewBase.o
                0x900006f6                mainScreenViewBase::~mainScreenViewBase()
                0x900006f6                mainScreenViewBase::~mainScreenViewBase()
 .text._ZN18mainScreenViewBase11setupScreenEv
                0x900006f8        0x2 TouchGFX/build/STM32F7508-DK/TouchGFX/generated/gui_generated/src/mainscreen_screen/mainScreenViewBase.o
                0x900006f8                mainScreenViewBase::setupScreen()
 .text._ZN8touchgfx9TypedTextD0Ev
                0x900006fa        0xe TouchGFX/build/STM32F7508-DK/TouchGFX/generated/gui_generated/src/mainscreen_screen/mainScreenViewBase.o
                0x900006fa                touchgfx::TypedText::~TypedText()
 .text._ZN18mainScreenViewBaseD0Ev
                0x90000708        0xe TouchGFX/build/STM32F7508-DK/TouchGFX/generated/gui_generated/src/mainscreen_screen/mainScreenViewBase.o
                0x90000708                mainScreenViewBase::~mainScreenViewBase()
 *fill*         0x90000716        0x2 
 .text._ZN18mainScreenViewBase15handleTickEventEv
                0x90000718       0x28 TouchGFX/build/STM32F7508-DK/TouchGFX/generated/gui_generated/src/mainscreen_screen/mainScreenViewBase.o
                0x90000718                mainScreenViewBase::handleTickEvent()
 .text._ZN8touchgfx8Drawable5setXYEss
                0x90000740       0x1a TouchGFX/build/STM32F7508-DK/TouchGFX/generated/gui_generated/src/mainscreen_screen/mainScreenViewBase.o
                0x90000740                touchgfx::Drawable::setXY(short, short)
 .text._ZN8touchgfx8Drawable14setWidthHeightEss
                0x9000075a       0x1a TouchGFX/build/STM32F7508-DK/TouchGFX/generated/gui_generated/src/mainscreen_screen/mainScreenViewBase.o
                0x9000075a                touchgfx::Drawable::setWidthHeight(short, short)
 .text._ZN8touchgfx3BoxC2Ev
                0x90000774       0x38 TouchGFX/build/STM32F7508-DK/TouchGFX/generated/gui_generated/src/mainscreen_screen/mainScreenViewBase.o
                0x90000774                touchgfx::Box::Box()
                0x90000774                touchgfx::Box::Box()
 .text._ZN18mainScreenViewBaseC2Ev
                0x900007ac      0x14c TouchGFX/build/STM32F7508-DK/TouchGFX/generated/gui_generated/src/mainscreen_screen/mainScreenViewBase.o
                0x900007ac                mainScreenViewBase::mainScreenViewBase()
                0x900007ac                mainScreenViewBase::mainScreenViewBase()
 .text._ZN8touchgfx11Application19changeToStartScreenEv
                0x900008f8        0x2 TouchGFX/build/STM32F7508-DK/TouchGFX/generated/gui_generated/src/common/FrontendApplicationBase.o
                0x900008f8                touchgfx::Application::changeToStartScreen()
 .text._ZN8touchgfx10Transition8tearDownEv
                0x900008fa        0x2 TouchGFX/build/STM32F7508-DK/TouchGFX/generated/gui_generated/src/common/FrontendApplicationBase.o
                0x900008fa                touchgfx::Transition::tearDown()
 .text._ZN8touchgfx10Transition4initEv
                0x900008fc        0x2 TouchGFX/build/STM32F7508-DK/TouchGFX/generated/gui_generated/src/common/FrontendApplicationBase.o
                0x900008fc                touchgfx::Transition::init()
 .text._ZN8touchgfx10Transition18setScreenContainerERNS_9ContainerE
                0x900008fe        0x4 TouchGFX/build/STM32F7508-DK/TouchGFX/generated/gui_generated/src/common/FrontendApplicationBase.o
                0x900008fe                touchgfx::Transition::setScreenContainer(touchgfx::Container&)
 .text._ZN23FrontendApplicationBaseD2Ev
                0x90000902        0x2 TouchGFX/build/STM32F7508-DK/TouchGFX/generated/gui_generated/src/common/FrontendApplicationBase.o
                0x90000902                FrontendApplicationBase::~FrontendApplicationBase()
                0x90000902                FrontendApplicationBase::~FrontendApplicationBase()
 .text._ZN8touchgfx12NoTransition15handleTickEventEv
                0x90000904        0x6 TouchGFX/build/STM32F7508-DK/TouchGFX/generated/gui_generated/src/common/FrontendApplicationBase.o
                0x90000904                touchgfx::NoTransition::handleTickEvent()
 .text._ZN8touchgfx12NoTransitionD2Ev
                0x9000090a        0x2 TouchGFX/build/STM32F7508-DK/TouchGFX/generated/gui_generated/src/common/FrontendApplicationBase.o
                0x9000090a                touchgfx::NoTransition::~NoTransition()
                0x9000090a                touchgfx::NoTransition::~NoTransition()
 .text._ZN8touchgfx8CallbackI23FrontendApplicationBasevvvED2Ev
                0x9000090c        0x2 TouchGFX/build/STM32F7508-DK/TouchGFX/generated/gui_generated/src/common/FrontendApplicationBase.o
                0x9000090c                touchgfx::Callback<FrontendApplicationBase, void, void, void>::~Callback()
                0x9000090c                touchgfx::Callback<FrontendApplicationBase, void, void, void>::~Callback()
 .text._ZN8touchgfx8CallbackI23FrontendApplicationBasevvvE7executeEv
                0x9000090e       0x20 TouchGFX/build/STM32F7508-DK/TouchGFX/generated/gui_generated/src/common/FrontendApplicationBase.o
                0x9000090e                touchgfx::Callback<FrontendApplicationBase, void, void, void>::execute()
 .text._ZNK8touchgfx8CallbackI23FrontendApplicationBasevvvE7isValidEv
                0x9000092e       0x18 TouchGFX/build/STM32F7508-DK/TouchGFX/generated/gui_generated/src/common/FrontendApplicationBase.o
                0x9000092e                touchgfx::Callback<FrontendApplicationBase, void, void, void>::isValid() const
 .text._ZN8touchgfx12NoTransitionD0Ev
                0x90000946        0xe TouchGFX/build/STM32F7508-DK/TouchGFX/generated/gui_generated/src/common/FrontendApplicationBase.o
                0x90000946                touchgfx::NoTransition::~NoTransition()
 .text._ZN23FrontendApplicationBaseD0Ev
                0x90000954       0x10 TouchGFX/build/STM32F7508-DK/TouchGFX/generated/gui_generated/src/common/FrontendApplicationBase.o
                0x90000954                FrontendApplicationBase::~FrontendApplicationBase()
 .text._ZN8touchgfx8CallbackI23FrontendApplicationBasevvvED0Ev
                0x90000964        0xe TouchGFX/build/STM32F7508-DK/TouchGFX/generated/gui_generated/src/common/FrontendApplicationBase.o
                0x90000964                touchgfx::Callback<FrontendApplicationBase, void, void, void>::~Callback()
 .text._ZN8touchgfx10Transition10invalidateEv
                0x90000972        0xe TouchGFX/build/STM32F7508-DK/TouchGFX/generated/gui_generated/src/common/FrontendApplicationBase.o
                0x90000972                touchgfx::Transition::invalidate()
 .text._ZN23FrontendApplicationBaseC2ER5ModelR12FrontendHeap
                0x90000980       0x70 TouchGFX/build/STM32F7508-DK/TouchGFX/generated/gui_generated/src/common/FrontendApplicationBase.o
                0x90000980                FrontendApplicationBase::FrontendApplicationBase(Model&, FrontendHeap&)
                0x90000980                FrontendApplicationBase::FrontendApplicationBase(Model&, FrontendHeap&)
 .text._ZN23FrontendApplicationBase32gotomainScreenScreenNoTransitionEv
                0x900009f0       0x20 TouchGFX/build/STM32F7508-DK/TouchGFX/generated/gui_generated/src/common/FrontendApplicationBase.o
                0x900009f0                FrontendApplicationBase::gotomainScreenScreenNoTransition()
 .text._ZN8touchgfx14makeTransitionI14mainScreenView19mainScreenPresenterNS_12NoTransitionE5ModelEEPT0_PPNS_6ScreenEPPNS_9PresenterERNS_7MVPHeapEPPNS_10TransitionEPT2_
                0x90000a10      0x13c TouchGFX/build/STM32F7508-DK/TouchGFX/generated/gui_generated/src/common/FrontendApplicationBase.o
                0x90000a10                mainScreenPresenter* touchgfx::makeTransition<mainScreenView, mainScreenPresenter, touchgfx::NoTransition, Model>(touchgfx::Screen**, touchgfx::Presenter**, touchgfx::MVPHeap&, touchgfx::Transition**, Model*)
 .text._ZN23FrontendApplicationBase36gotomainScreenScreenNoTransitionImplEv
                0x90000b4c       0x28 TouchGFX/build/STM32F7508-DK/TouchGFX/generated/gui_generated/src/common/FrontendApplicationBase.o
                0x90000b4c                FrontendApplicationBase::gotomainScreenScreenNoTransitionImpl()
 .text._ZNK8touchgfx4Font8getGlyphEt
                0x90000b74       0x1e TouchGFX/build/STM32F7508-DK/TouchGFX/generated/fonts/src/GeneratedFont.o
                0x90000b74                touchgfx::Font::getGlyph(unsigned short) const
 .text._ZNK8touchgfx4Font15getFallbackCharEv
                0x90000b92        0x4 TouchGFX/build/STM32F7508-DK/TouchGFX/generated/fonts/src/GeneratedFont.o
                0x90000b92                touchgfx::Font::getFallbackChar() const
 .text._ZNK8touchgfx4Font15getEllipsisCharEv
                0x90000b96        0x4 TouchGFX/build/STM32F7508-DK/TouchGFX/generated/fonts/src/GeneratedFont.o
                0x90000b96                touchgfx::Font::getEllipsisChar() const
 .text._ZNK8touchgfx4Font13getFontHeightEv
                0x90000b9a        0x4 TouchGFX/build/STM32F7508-DK/TouchGFX/generated/fonts/src/GeneratedFont.o
                0x90000b9a                touchgfx::Font::getFontHeight() const
 .text._ZNK8touchgfx4Font20getMinimumTextHeightEv
                0x90000b9e        0xa TouchGFX/build/STM32F7508-DK/TouchGFX/generated/fonts/src/GeneratedFont.o
                0x90000b9e                touchgfx::Font::getMinimumTextHeight() const
 .text._ZNK8touchgfx4Font15getBitsPerPixelEv
                0x90000ba8        0x8 TouchGFX/build/STM32F7508-DK/TouchGFX/generated/fonts/src/GeneratedFont.o
                0x90000ba8                touchgfx::Font::getBitsPerPixel() const
 .text._ZNK8touchgfx4Font15getByteAlignRowEv
                0x90000bb0        0x6 TouchGFX/build/STM32F7508-DK/TouchGFX/generated/fonts/src/GeneratedFont.o
                0x90000bb0                touchgfx::Font::getByteAlignRow() const
 .text._ZNK8touchgfx13GeneratedFont12getGSUBTableEv
                0x90000bb6        0x4 TouchGFX/build/STM32F7508-DK/TouchGFX/generated/fonts/src/GeneratedFont.o
                0x90000bb6                touchgfx::GeneratedFont::getGSUBTable() const
 .text._ZNK8touchgfx13GeneratedFont23getContextualFormsTableEv
                0x90000bba        0x4 TouchGFX/build/STM32F7508-DK/TouchGFX/generated/fonts/src/GeneratedFont.o
                0x90000bba                touchgfx::GeneratedFont::getContextualFormsTable() const
 .text._ZN8touchgfx13GeneratedFontD2Ev
                0x90000bbe        0x2 TouchGFX/build/STM32F7508-DK/TouchGFX/generated/fonts/src/GeneratedFont.o
                0x90000bbe                touchgfx::GeneratedFont::~GeneratedFont()
                0x90000bbe                touchgfx::GeneratedFont::~GeneratedFont()
 .text._ZNK8touchgfx13GeneratedFont12getPixelDataEPKNS_9GlyphNodeE
                0x90000bc0       0x10 TouchGFX/build/STM32F7508-DK/TouchGFX/generated/fonts/src/GeneratedFont.o
                0x90000bc0                touchgfx::GeneratedFont::getPixelData(touchgfx::GlyphNode const*) const
 .text._ZNK8touchgfx13GeneratedFont10getKerningEtPKNS_9GlyphNodeE
                0x90000bd0       0x3a TouchGFX/build/STM32F7508-DK/TouchGFX/generated/fonts/src/GeneratedFont.o
                0x90000bd0                touchgfx::GeneratedFont::getKerning(unsigned short, touchgfx::GlyphNode const*) const
 .text._ZN8touchgfx13GeneratedFontD0Ev
                0x90000c0a        0xe TouchGFX/build/STM32F7508-DK/TouchGFX/generated/fonts/src/GeneratedFont.o
                0x90000c0a                touchgfx::GeneratedFont::~GeneratedFont()
 .text._ZN8touchgfx13GeneratedFontC2EPKNS_9GlyphNodeEtthhhhhPKPKhPKNS_11KerningNodeEttPKtPKNS_24FontContextualFormsTableE
                0x90000c18       0x54 TouchGFX/build/STM32F7508-DK/TouchGFX/generated/fonts/src/GeneratedFont.o
                0x90000c18                touchgfx::GeneratedFont::GeneratedFont(touchgfx::GlyphNode const*, unsigned short, unsigned short, unsigned char, unsigned char, unsigned char, unsigned char, unsigned char, unsigned char const* const*, touchgfx::KerningNode const*, unsigned short, unsigned short, unsigned short const*, touchgfx::FontContextualFormsTable const*)
                0x90000c18                touchgfx::GeneratedFont::GeneratedFont(touchgfx::GlyphNode const*, unsigned short, unsigned short, unsigned char, unsigned char, unsigned char, unsigned char, unsigned char, unsigned char const* const*, touchgfx::KerningNode const*, unsigned short, unsigned short, unsigned short const*, touchgfx::FontContextualFormsTable const*)
 .text._Z23getFont_verdana_10_4bppv
                0x90000c6c       0x78 TouchGFX/build/STM32F7508-DK/TouchGFX/generated/fonts/src/Table_verdana_10_4bpp.o
                0x90000c6c                getFont_verdana_10_4bpp()
 .text._Z23getFont_consola_50_4bppv
                0x90000ce4       0x7c TouchGFX/build/STM32F7508-DK/TouchGFX/generated/fonts/src/Table_consola_50_4bpp.o
                0x90000ce4                getFont_consola_50_4bpp()
 .text._Z23getFont_verdana_20_4bppv
                0x90000d60       0x78 TouchGFX/build/STM32F7508-DK/TouchGFX/generated/fonts/src/Table_verdana_20_4bpp.o
                0x90000d60                getFont_verdana_20_4bpp()
 .text._ZN23ApplicationFontProviderD2Ev
                0x90000dd8        0x2 TouchGFX/build/STM32F7508-DK/TouchGFX/generated/fonts/src/ApplicationFontProvider.o
                0x90000dd8                ApplicationFontProvider::~ApplicationFontProvider()
                0x90000dd8                ApplicationFontProvider::~ApplicationFontProvider()
 .text._ZN23ApplicationFontProviderD0Ev
                0x90000dda        0xe TouchGFX/build/STM32F7508-DK/TouchGFX/generated/fonts/src/ApplicationFontProvider.o
                0x90000dda                ApplicationFontProvider::~ApplicationFontProvider()
 .text._ZN23ApplicationFontProvider7getFontEt
                0x90000de8       0x28 TouchGFX/build/STM32F7508-DK/TouchGFX/generated/fonts/src/ApplicationFontProvider.o
                0x90000de8                ApplicationFontProvider::getFont(unsigned short)
 .text._ZN14BitmapDatabase11getInstanceEv
                0x90000e10        0x8 TouchGFX/build/STM32F7508-DK/TouchGFX/generated/images/src/BitmapDatabase.o
                0x90000e10                BitmapDatabase::getInstance()
 .text._ZN14BitmapDatabase15getInstanceSizeEv
                0x90000e18        0x4 TouchGFX/build/STM32F7508-DK/TouchGFX/generated/images/src/BitmapDatabase.o
                0x90000e18                BitmapDatabase::getInstanceSize()
 .text._ZN17TypedTextDatabase15getInstanceSizeEv
                0x90000e1c        0x4 TouchGFX/build/STM32F7508-DK/TouchGFX/generated/texts/src/TypedTextDatabase.o
                0x90000e1c                TypedTextDatabase::getInstanceSize()
 .text._ZN17TypedTextDatabase8getFontsEv
                0x90000e20        0x8 TouchGFX/build/STM32F7508-DK/TouchGFX/generated/texts/src/TypedTextDatabase.o
                0x90000e20                TypedTextDatabase::getFonts()
 .text.startup._GLOBAL__sub_I_touchgfx_fonts
                0x90000e28       0x1c TouchGFX/build/STM32F7508-DK/TouchGFX/generated/texts/src/TypedTextDatabase.o
 .text._ZNK8touchgfx4Font12getGSUBTableEv
                0x90000e44        0x4 TouchGFX/build/STM32F7508-DK/TouchGFX/generated/texts/src/Texts.o
                0x90000e44                touchgfx::Font::getGSUBTable() const
 .text._ZNK8touchgfx4Font23getContextualFormsTableEv
                0x90000e48        0x4 TouchGFX/build/STM32F7508-DK/TouchGFX/generated/texts/src/Texts.o
                0x90000e48                touchgfx::Font::getContextualFormsTable() const
 .text._ZNK8touchgfx4Font14getStringWidthEPKtz
                0x90000e4c       0x1c TouchGFX/build/STM32F7508-DK/TouchGFX/generated/texts/src/Texts.o
                0x90000e4c                touchgfx::Font::getStringWidth(unsigned short const*, ...) const
 .text._ZNK8touchgfx4Font14getStringWidthEhPKtz
                0x90000e68       0x1a TouchGFX/build/STM32F7508-DK/TouchGFX/generated/texts/src/Texts.o
                0x90000e68                touchgfx::Font::getStringWidth(unsigned char, unsigned short const*, ...) const
 *fill*         0x90000e82        0x2 
 .text._ZN8touchgfx12TextProvider15getNextLigatureEh
                0x90000e84       0x84 TouchGFX/build/STM32F7508-DK/TouchGFX/generated/texts/src/Texts.o
                0x90000e84                touchgfx::TextProvider::getNextLigature(unsigned char)
 .text._ZN8touchgfx12TextProvider18initializeInternalEv
                0x90000f08        0x4 TouchGFX/build/STM32F7508-DK/TouchGFX/generated/texts/src/Texts.o
                0x90000f08                touchgfx::TextProvider::initializeInternal()
 .text._ZN8touchgfx3LCD10drawStringENS_4RectERKS1_RKNS0_13StringVisualsEPKtz
                0x90000f0c       0x22 TouchGFX/build/STM32F7508-DK/TouchGFX/generated/texts/src/Texts.o
                0x90000f0c                touchgfx::LCD::drawString(touchgfx::Rect, touchgfx::Rect const&, touchgfx::LCD::StringVisuals const&, unsigned short const*, ...)
 *fill*         0x90000f2e        0x2 
 .text._ZN8touchgfx5Texts11setLanguageEt
                0x90000f30       0x74 TouchGFX/build/STM32F7508-DK/TouchGFX/generated/texts/src/Texts.o
                0x90000f30                touchgfx::Texts::setLanguage(unsigned short)
 .text._ZNK8touchgfx5Texts7getTextEt
                0x90000fa4       0x1c TouchGFX/build/STM32F7508-DK/TouchGFX/generated/texts/src/Texts.o
                0x90000fa4                touchgfx::Texts::getText(unsigned short) const
 .text._ZN8touchgfx3HAL21setDisplayOrientationENS_18DisplayOrientationE
                0x90000fc0        0xc TouchGFX/build/STM32F7508-DK/TouchGFX/target/generated/TouchGFXGeneratedHAL.o
                0x90000fc0                touchgfx::HAL::setDisplayOrientation(touchgfx::DisplayOrientation)
 .text._ZN8touchgfx3HAL9sampleKeyERh
                0x90000fcc        0x4 TouchGFX/build/STM32F7508-DK/TouchGFX/target/generated/TouchGFXGeneratedHAL.o
                0x90000fcc                touchgfx::HAL::sampleKey(unsigned char&)
 .text._ZN8touchgfx3HAL19setAnimationStorageEPv
                0x90000fd0       0x14 TouchGFX/build/STM32F7508-DK/TouchGFX/target/generated/TouchGFXGeneratedHAL.o
                0x90000fd0                touchgfx::HAL::setAnimationStorage(void*)
 .text._ZNK8touchgfx3HAL18getFlashDataReaderEv
                0x90000fe4        0x4 TouchGFX/build/STM32F7508-DK/TouchGFX/target/generated/TouchGFXGeneratedHAL.o
                0x90000fe4                touchgfx::HAL::getFlashDataReader() const
 .text._ZN8touchgfx3HAL9taskDelayEt
                0x90000fe8        0xa TouchGFX/build/STM32F7508-DK/TouchGFX/target/generated/TouchGFXGeneratedHAL.o
                0x90000fe8                touchgfx::HAL::taskDelay(unsigned short)
 .text._ZN8touchgfx3HAL17getTFTCurrentLineEv
                0x90000ff2        0x6 TouchGFX/build/STM32F7508-DK/TouchGFX/target/generated/TouchGFXGeneratedHAL.o
                0x90000ff2                touchgfx::HAL::getTFTCurrentLine()
 .text._ZN8touchgfx3HAL10getDMATypeEv
                0x90000ff8        0x8 TouchGFX/build/STM32F7508-DK/TouchGFX/target/generated/TouchGFXGeneratedHAL.o
                0x90000ff8                touchgfx::HAL::getDMAType()
 .text.SCB_CleanInvalidateDCache
                0x90001000       0x54 TouchGFX/build/STM32F7508-DK/TouchGFX/target/generated/TouchGFXGeneratedHAL.o
 .text._ZN20TouchGFXGeneratedHAL19configureInterruptsEv
                0x90001054       0x14 TouchGFX/build/STM32F7508-DK/TouchGFX/target/generated/TouchGFXGeneratedHAL.o
                0x90001054                TouchGFXGeneratedHAL::configureInterrupts()
 .text._ZN20TouchGFXGeneratedHAL28enableLCDControllerInterruptEv
                0x90001068       0x34 TouchGFX/build/STM32F7508-DK/TouchGFX/target/generated/TouchGFXGeneratedHAL.o
                0x90001068                TouchGFXGeneratedHAL::enableLCDControllerInterrupt()
 .text._ZNK20TouchGFXGeneratedHAL17getTFTFrameBufferEv
                0x9000109c        0xc TouchGFX/build/STM32F7508-DK/TouchGFX/target/generated/TouchGFXGeneratedHAL.o
                0x9000109c                TouchGFXGeneratedHAL::getTFTFrameBuffer() const
 .text._ZN20TouchGFXGeneratedHAL17setTFTFrameBufferEPt
                0x900010a8       0x10 TouchGFX/build/STM32F7508-DK/TouchGFX/target/generated/TouchGFXGeneratedHAL.o
                0x900010a8                TouchGFXGeneratedHAL::setTFTFrameBuffer(unsigned short*)
 .text._ZN20TouchGFXGeneratedHAL15InvalidateCacheEv
                0x900010b8       0x14 TouchGFX/build/STM32F7508-DK/TouchGFX/target/generated/TouchGFXGeneratedHAL.o
                0x900010b8                TouchGFXGeneratedHAL::InvalidateCache()
                0x900010b8                TouchGFXGeneratedHAL::FlushCache()
 .text._ZN20TouchGFXGeneratedHAL10initializeEv
                0x900010cc       0x34 TouchGFX/build/STM32F7508-DK/TouchGFX/target/generated/TouchGFXGeneratedHAL.o
                0x900010cc                TouchGFXGeneratedHAL::initialize()
 .text._ZN8touchgfx3HAL28setFrameBufferStartAddressesEPvS1_S1_
                0x90001100       0x40 TouchGFX/build/STM32F7508-DK/TouchGFX/target/generated/TouchGFXGeneratedHAL.o
                0x90001100                touchgfx::HAL::setFrameBufferStartAddresses(void*, void*, void*)
 .text._ZN8touchgfx3HAL18setFrameBufferSizeEtt
                0x90001140       0x44 TouchGFX/build/STM32F7508-DK/TouchGFX/target/generated/TouchGFXGeneratedHAL.o
                0x90001140                touchgfx::HAL::setFrameBufferSize(unsigned short, unsigned short)
 .text._ZN20TouchGFXGeneratedHAL10beginFrameEv
                0x90001184        0x4 TouchGFX/build/STM32F7508-DK/TouchGFX/target/generated/TouchGFXGeneratedHAL.o
                0x90001184                TouchGFXGeneratedHAL::beginFrame()
 .text._ZN20TouchGFXGeneratedHAL8endFrameEv
                0x90001188       0x14 TouchGFX/build/STM32F7508-DK/TouchGFX/target/generated/TouchGFXGeneratedHAL.o
                0x90001188                TouchGFXGeneratedHAL::endFrame()
 .text._ZN20TouchGFXGeneratedHAL16flushFrameBufferERKN8touchgfx4RectE
                0x9000119c       0x1c TouchGFX/build/STM32F7508-DK/TouchGFX/target/generated/TouchGFXGeneratedHAL.o
                0x9000119c                TouchGFXGeneratedHAL::flushFrameBuffer(touchgfx::Rect const&)
 .text._ZN20TouchGFXGeneratedHAL9blockCopyEPvPKvm
                0x900011b8        0x4 TouchGFX/build/STM32F7508-DK/TouchGFX/target/generated/TouchGFXGeneratedHAL.o
                0x900011b8                TouchGFXGeneratedHAL::blockCopy(void*, void const*, unsigned long)
 .text._ZN8touchgfx3HAL15backPorchExitedEv
                0x900011bc       0x16 TouchGFX/build/STM32F7508-DK/TouchGFX/target/generated/TouchGFXGeneratedHAL.o
                0x900011bc                touchgfx::HAL::backPorchExited()
 .text._ZN8touchgfx3HAL11getBlitCapsEv
                0x900011d2       0x12 TouchGFX/build/STM32F7508-DK/TouchGFX/target/generated/TouchGFXGeneratedHAL.o
                0x900011d2                touchgfx::HAL::getBlitCaps()
 .text._ZN8touchgfx3HAL31performDisplayOrientationChangeEv
                0x900011e4       0x48 TouchGFX/build/STM32F7508-DK/TouchGFX/target/generated/TouchGFXGeneratedHAL.o
                0x900011e4                touchgfx::HAL::performDisplayOrientationChange()
 .text._ZN20TouchGFXGeneratedHAL16enableInterruptsEv
                0x9000122c       0x14 TouchGFX/build/STM32F7508-DK/TouchGFX/target/generated/TouchGFXGeneratedHAL.o
                0x9000122c                TouchGFXGeneratedHAL::enableInterrupts()
 .text._ZN20TouchGFXGeneratedHAL17disableInterruptsEv
                0x90001240       0x28 TouchGFX/build/STM32F7508-DK/TouchGFX/target/generated/TouchGFXGeneratedHAL.o
                0x90001240                TouchGFXGeneratedHAL::disableInterrupts()
 .text.HAL_LTDC_LineEventCallback
                0x90001268       0x64 TouchGFX/build/STM32F7508-DK/TouchGFX/target/generated/TouchGFXGeneratedHAL.o
                0x90001268                HAL_LTDC_LineEventCallback
 .text._ZN8touchgfx13DMA_Interface5flushEv
                0x900012cc        0x6 TouchGFX/build/STM32F7508-DK/TouchGFX/target/generated/STM32DMA.o
                0x900012cc                touchgfx::DMA_Interface::flush()
 .text._ZN8STM32DMA10getDMATypeEv
                0x900012d2        0x4 TouchGFX/build/STM32F7508-DK/TouchGFX/target/generated/STM32DMA.o
                0x900012d2                STM32DMA::getDMAType()
 .text._ZN8STM32DMA18signalDMAInterruptEv
                0x900012d6        0x6 TouchGFX/build/STM32F7508-DK/TouchGFX/target/generated/STM32DMA.o
                0x900012d6                STM32DMA::signalDMAInterrupt()
 .text._ZN8STM32DMA10initializeEv
                0x900012dc       0x48 TouchGFX/build/STM32F7508-DK/TouchGFX/target/generated/STM32DMA.o
                0x900012dc                STM32DMA::initialize()
 .text._ZN8STM32DMA11getBlitCapsEv
                0x90001324        0x6 TouchGFX/build/STM32F7508-DK/TouchGFX/target/generated/STM32DMA.o
                0x90001324                STM32DMA::getBlitCaps()
 *fill*         0x9000132a        0x2 
 .text.DMA2D_XferCpltCallback
                0x9000132c       0x10 TouchGFX/build/STM32F7508-DK/TouchGFX/target/generated/STM32DMA.o
 .text._ZN8STM32DMA22getChromARTInputFormatEN8touchgfx6Bitmap12BitmapFormatE.isra.1
                0x9000133c       0x40 TouchGFX/build/STM32F7508-DK/TouchGFX/target/generated/STM32DMA.o
 .text._ZN8STM32DMA23getChromARTOutputFormatEN8touchgfx6Bitmap12BitmapFormatE.isra.3
                0x9000137c       0x3c TouchGFX/build/STM32F7508-DK/TouchGFX/target/generated/STM32DMA.o
 .text._ZN8STM32DMA13setupDataCopyERKN8touchgfx6BlitOpE
                0x900013b8      0x168 TouchGFX/build/STM32F7508-DK/TouchGFX/target/generated/STM32DMA.o
                0x900013b8                STM32DMA::setupDataCopy(touchgfx::BlitOp const&)
 .text._ZN8STM32DMA13setupDataFillERKN8touchgfx6BlitOpE
                0x90001520       0x8c TouchGFX/build/STM32F7508-DK/TouchGFX/target/generated/STM32DMA.o
                0x90001520                STM32DMA::setupDataFill(touchgfx::BlitOp const&)
 .text._ZN8STM32DMAD2Ev
                0x900015ac       0x20 TouchGFX/build/STM32F7508-DK/TouchGFX/target/generated/STM32DMA.o
                0x900015ac                STM32DMA::~STM32DMA()
                0x900015ac                STM32DMA::~STM32DMA()
 .text._ZN8STM32DMAD0Ev
                0x900015cc       0x16 TouchGFX/build/STM32F7508-DK/TouchGFX/target/generated/STM32DMA.o
                0x900015cc                STM32DMA::~STM32DMA()
 *fill*         0x900015e2        0x2 
 .text._ZN8STM32DMAC2Ev
                0x900015e4       0x34 TouchGFX/build/STM32F7508-DK/TouchGFX/target/generated/STM32DMA.o
                0x900015e4                STM32DMA::STM32DMA()
                0x900015e4                STM32DMA::STM32DMA()
 .text._ZN8touchgfx10OSWrappers10initializeEv
                0x90001618       0x50 TouchGFX/build/STM32F7508-DK/TouchGFX/target/generated/OSWrappers.o
                0x90001618                touchgfx::OSWrappers::initialize()
 .text._ZN8touchgfx10OSWrappers24takeFrameBufferSemaphoreEv
                0x90001668       0x10 TouchGFX/build/STM32F7508-DK/TouchGFX/target/generated/OSWrappers.o
                0x90001668                touchgfx::OSWrappers::takeFrameBufferSemaphore()
 .text._ZN8touchgfx10OSWrappers24giveFrameBufferSemaphoreEv
                0x90001678        0xc TouchGFX/build/STM32F7508-DK/TouchGFX/target/generated/OSWrappers.o
                0x90001678                touchgfx::OSWrappers::giveFrameBufferSemaphore()
 .text._ZN8touchgfx10OSWrappers27tryTakeFrameBufferSemaphoreEv
                0x90001684       0x10 TouchGFX/build/STM32F7508-DK/TouchGFX/target/generated/OSWrappers.o
                0x90001684                touchgfx::OSWrappers::tryTakeFrameBufferSemaphore()
 .text._ZN8touchgfx10OSWrappers31giveFrameBufferSemaphoreFromISREv
                0x90001694        0x4 TouchGFX/build/STM32F7508-DK/TouchGFX/target/generated/OSWrappers.o
                0x90001694                touchgfx::OSWrappers::giveFrameBufferSemaphoreFromISR()
 .text._ZN8touchgfx10OSWrappers11signalVSyncEv
                0x90001698       0x18 TouchGFX/build/STM32F7508-DK/TouchGFX/target/generated/OSWrappers.o
                0x90001698                touchgfx::OSWrappers::signalVSync()
 .text._ZN8touchgfx10OSWrappers12waitForVSyncEv
                0x900016b0       0x28 TouchGFX/build/STM32F7508-DK/TouchGFX/target/generated/OSWrappers.o
                0x900016b0                touchgfx::OSWrappers::waitForVSync()
 .text._ZN20STM32TouchControllerD2Ev
                0x900016d8        0x2 TouchGFX/build/STM32F7508-DK/TouchGFX/target/generated/TouchGFXConfiguration.o
                0x900016d8                STM32TouchController::~STM32TouchController()
                0x900016d8                STM32TouchController::~STM32TouchController()
 .text._ZN8touchgfx8LCD16bppD2Ev
                0x900016da        0x2 TouchGFX/build/STM32F7508-DK/TouchGFX/target/generated/TouchGFXConfiguration.o
                0x900016da                touchgfx::LCD16bpp::~LCD16bpp()
                0x900016da                touchgfx::LCD16bpp::~LCD16bpp()
 .text._ZN11TouchGFXHALD2Ev
                0x900016dc        0x2 TouchGFX/build/STM32F7508-DK/TouchGFX/target/generated/TouchGFXConfiguration.o
                0x900016dc                TouchGFXHAL::~TouchGFXHAL()
                0x900016dc                TouchGFXHAL::~TouchGFXHAL()
 .text._ZNK8touchgfx9PartitionINS_4meta8TypeListINS_12NoTransitionENS2_INS1_3NilES4_EEEELt1EE8capacityEv
                0x900016de        0x4 TouchGFX/build/STM32F7508-DK/TouchGFX/target/generated/TouchGFXConfiguration.o
                0x900016de                touchgfx::Partition<touchgfx::meta::TypeList<touchgfx::NoTransition, touchgfx::meta::TypeList<touchgfx::meta::Nil, touchgfx::meta::Nil> >, (unsigned short)1>::capacity() const
 .text._ZN8touchgfx9PartitionINS_4meta8TypeListINS_12NoTransitionENS2_INS1_3NilES4_EEEELt1EE12element_sizeEv
                0x900016e2        0x4 TouchGFX/build/STM32F7508-DK/TouchGFX/target/generated/TouchGFXConfiguration.o
                0x900016e2                touchgfx::Partition<touchgfx::meta::TypeList<touchgfx::NoTransition, touchgfx::meta::TypeList<touchgfx::meta::Nil, touchgfx::meta::Nil> >, (unsigned short)1>::element_size()
 .text._ZN8touchgfx9PartitionINS_4meta8TypeListINS_12NoTransitionENS2_INS1_3NilES4_EEEELt1EE7elementEt
                0x900016e6        0xa TouchGFX/build/STM32F7508-DK/TouchGFX/target/generated/TouchGFXConfiguration.o
                0x900016e6                touchgfx::Partition<touchgfx::meta::TypeList<touchgfx::NoTransition, touchgfx::meta::TypeList<touchgfx::meta::Nil, touchgfx::meta::Nil> >, (unsigned short)1>::element(unsigned short)
 .text._ZNK8touchgfx9PartitionINS_4meta8TypeListINS_12NoTransitionENS2_INS1_3NilES4_EEEELt1EE7elementEt
                0x900016f0        0xa TouchGFX/build/STM32F7508-DK/TouchGFX/target/generated/TouchGFXConfiguration.o
                0x900016f0                touchgfx::Partition<touchgfx::meta::TypeList<touchgfx::NoTransition, touchgfx::meta::TypeList<touchgfx::meta::Nil, touchgfx::meta::Nil> >, (unsigned short)1>::element(unsigned short) const
 .text._ZNK8touchgfx9PartitionINS_4meta8TypeListI14mainScreenViewNS2_INS1_3NilES4_EEEELt1EE8capacityEv
                0x900016fa        0x4 TouchGFX/build/STM32F7508-DK/TouchGFX/target/generated/TouchGFXConfiguration.o
                0x900016fa                touchgfx::Partition<touchgfx::meta::TypeList<mainScreenView, touchgfx::meta::TypeList<touchgfx::meta::Nil, touchgfx::meta::Nil> >, (unsigned short)1>::capacity() const
 .text._ZN8touchgfx9PartitionINS_4meta8TypeListI14mainScreenViewNS2_INS1_3NilES4_EEEELt1EE12element_sizeEv
                0x900016fe        0x4 TouchGFX/build/STM32F7508-DK/TouchGFX/target/generated/TouchGFXConfiguration.o
                0x900016fe                touchgfx::Partition<touchgfx::meta::TypeList<mainScreenView, touchgfx::meta::TypeList<touchgfx::meta::Nil, touchgfx::meta::Nil> >, (unsigned short)1>::element_size()
 .text._ZN8touchgfx9PartitionINS_4meta8TypeListI14mainScreenViewNS2_INS1_3NilES4_EEEELt1EE7elementEt
                0x90001702        0xa TouchGFX/build/STM32F7508-DK/TouchGFX/target/generated/TouchGFXConfiguration.o
                0x90001702                touchgfx::Partition<touchgfx::meta::TypeList<mainScreenView, touchgfx::meta::TypeList<touchgfx::meta::Nil, touchgfx::meta::Nil> >, (unsigned short)1>::element(unsigned short)
 .text._ZNK8touchgfx9PartitionINS_4meta8TypeListI14mainScreenViewNS2_INS1_3NilES4_EEEELt1EE7elementEt
                0x9000170c        0xa TouchGFX/build/STM32F7508-DK/TouchGFX/target/generated/TouchGFXConfiguration.o
                0x9000170c                touchgfx::Partition<touchgfx::meta::TypeList<mainScreenView, touchgfx::meta::TypeList<touchgfx::meta::Nil, touchgfx::meta::Nil> >, (unsigned short)1>::element(unsigned short) const
 .text._ZNK8touchgfx9PartitionINS_4meta8TypeListI19mainScreenPresenterNS2_INS1_3NilES4_EEEELt1EE8capacityEv
                0x90001716        0x4 TouchGFX/build/STM32F7508-DK/TouchGFX/target/generated/TouchGFXConfiguration.o
                0x90001716                touchgfx::Partition<touchgfx::meta::TypeList<mainScreenPresenter, touchgfx::meta::TypeList<touchgfx::meta::Nil, touchgfx::meta::Nil> >, (unsigned short)1>::capacity() const
 .text._ZN8touchgfx9PartitionINS_4meta8TypeListI19mainScreenPresenterNS2_INS1_3NilES4_EEEELt1EE12element_sizeEv
                0x9000171a        0x4 TouchGFX/build/STM32F7508-DK/TouchGFX/target/generated/TouchGFXConfiguration.o
                0x9000171a                touchgfx::Partition<touchgfx::meta::TypeList<mainScreenPresenter, touchgfx::meta::TypeList<touchgfx::meta::Nil, touchgfx::meta::Nil> >, (unsigned short)1>::element_size()
 .text._ZN8touchgfx9PartitionINS_4meta8TypeListI19mainScreenPresenterNS2_INS1_3NilES4_EEEELt1EE7elementEt
                0x9000171e        0x8 TouchGFX/build/STM32F7508-DK/TouchGFX/target/generated/TouchGFXConfiguration.o
                0x9000171e                touchgfx::Partition<touchgfx::meta::TypeList<mainScreenPresenter, touchgfx::meta::TypeList<touchgfx::meta::Nil, touchgfx::meta::Nil> >, (unsigned short)1>::element(unsigned short)
 .text._ZNK8touchgfx9PartitionINS_4meta8TypeListI19mainScreenPresenterNS2_INS1_3NilES4_EEEELt1EE7elementEt
                0x90001726        0x8 TouchGFX/build/STM32F7508-DK/TouchGFX/target/generated/TouchGFXConfiguration.o
                0x90001726                touchgfx::Partition<touchgfx::meta::TypeList<mainScreenPresenter, touchgfx::meta::TypeList<touchgfx::meta::Nil, touchgfx::meta::Nil> >, (unsigned short)1>::element(unsigned short) const
 .text._ZN16FrontendHeapBase15gotoStartScreenER19FrontendApplication
                0x9000172e        0x6 TouchGFX/build/STM32F7508-DK/TouchGFX/target/generated/TouchGFXConfiguration.o
                0x9000172e                FrontendHeapBase::gotoStartScreen(FrontendApplication&)
 .text._ZN8touchgfx9PartitionINS_4meta8TypeListINS_12NoTransitionENS2_INS1_3NilES4_EEEELt1EED2Ev
                0x90001734       0x14 TouchGFX/build/STM32F7508-DK/TouchGFX/target/generated/TouchGFXConfiguration.o
                0x90001734                touchgfx::Partition<touchgfx::meta::TypeList<touchgfx::NoTransition, touchgfx::meta::TypeList<touchgfx::meta::Nil, touchgfx::meta::Nil> >, (unsigned short)1>::~Partition()
                0x90001734                touchgfx::Partition<touchgfx::meta::TypeList<touchgfx::NoTransition, touchgfx::meta::TypeList<touchgfx::meta::Nil, touchgfx::meta::Nil> >, (unsigned short)1>::~Partition()
 .text._ZN8touchgfx9PartitionINS_4meta8TypeListINS_12NoTransitionENS2_INS1_3NilES4_EEEELt1EED0Ev
                0x90001748       0x14 TouchGFX/build/STM32F7508-DK/TouchGFX/target/generated/TouchGFXConfiguration.o
                0x90001748                touchgfx::Partition<touchgfx::meta::TypeList<touchgfx::NoTransition, touchgfx::meta::TypeList<touchgfx::meta::Nil, touchgfx::meta::Nil> >, (unsigned short)1>::~Partition()
 .text._ZN8touchgfx9PartitionINS_4meta8TypeListI14mainScreenViewNS2_INS1_3NilES4_EEEELt1EED2Ev
                0x9000175c       0x14 TouchGFX/build/STM32F7508-DK/TouchGFX/target/generated/TouchGFXConfiguration.o
                0x9000175c                touchgfx::Partition<touchgfx::meta::TypeList<mainScreenView, touchgfx::meta::TypeList<touchgfx::meta::Nil, touchgfx::meta::Nil> >, (unsigned short)1>::~Partition()
                0x9000175c                touchgfx::Partition<touchgfx::meta::TypeList<mainScreenView, touchgfx::meta::TypeList<touchgfx::meta::Nil, touchgfx::meta::Nil> >, (unsigned short)1>::~Partition()
 .text._ZN8touchgfx9PartitionINS_4meta8TypeListI14mainScreenViewNS2_INS1_3NilES4_EEEELt1EED0Ev
                0x90001770       0x14 TouchGFX/build/STM32F7508-DK/TouchGFX/target/generated/TouchGFXConfiguration.o
                0x90001770                touchgfx::Partition<touchgfx::meta::TypeList<mainScreenView, touchgfx::meta::TypeList<touchgfx::meta::Nil, touchgfx::meta::Nil> >, (unsigned short)1>::~Partition()
 .text._ZN8touchgfx9PartitionINS_4meta8TypeListI19mainScreenPresenterNS2_INS1_3NilES4_EEEELt1EED2Ev
                0x90001784       0x14 TouchGFX/build/STM32F7508-DK/TouchGFX/target/generated/TouchGFXConfiguration.o
                0x90001784                touchgfx::Partition<touchgfx::meta::TypeList<mainScreenPresenter, touchgfx::meta::TypeList<touchgfx::meta::Nil, touchgfx::meta::Nil> >, (unsigned short)1>::~Partition()
                0x90001784                touchgfx::Partition<touchgfx::meta::TypeList<mainScreenPresenter, touchgfx::meta::TypeList<touchgfx::meta::Nil, touchgfx::meta::Nil> >, (unsigned short)1>::~Partition()
 .text._ZN8touchgfx9PartitionINS_4meta8TypeListI19mainScreenPresenterNS2_INS1_3NilES4_EEEELt1EED0Ev
                0x90001798       0x14 TouchGFX/build/STM32F7508-DK/TouchGFX/target/generated/TouchGFXConfiguration.o
                0x90001798                touchgfx::Partition<touchgfx::meta::TypeList<mainScreenPresenter, touchgfx::meta::TypeList<touchgfx::meta::Nil, touchgfx::meta::Nil> >, (unsigned short)1>::~Partition()
 .text._ZN12FrontendHeapD2Ev
                0x900017ac       0x28 TouchGFX/build/STM32F7508-DK/TouchGFX/target/generated/TouchGFXConfiguration.o
                0x900017ac                FrontendHeap::~FrontendHeap()
                0x900017ac                FrontendHeap::~FrontendHeap()
 .text._ZN12FrontendHeapD0Ev
                0x900017d4       0x16 TouchGFX/build/STM32F7508-DK/TouchGFX/target/generated/TouchGFXConfiguration.o
                0x900017d4                FrontendHeap::~FrontendHeap()
 *fill*         0x900017ea        0x2 
 .text.touchgfx_init
                0x900017ec       0xec TouchGFX/build/STM32F7508-DK/TouchGFX/target/generated/TouchGFXConfiguration.o
                0x900017ec                touchgfx_init
 .text.touchgfx_taskEntry
                0x900018d8        0xc TouchGFX/build/STM32F7508-DK/TouchGFX/target/generated/TouchGFXConfiguration.o
                0x900018d8                touchgfx_taskEntry
 .text._ZN20STM32TouchControllerD0Ev
                0x900018e4        0xe TouchGFX/build/STM32F7508-DK/TouchGFX/target/generated/TouchGFXConfiguration.o
                0x900018e4                STM32TouchController::~STM32TouchController()
 .text._ZN8touchgfx8LCD16bppD0Ev
                0x900018f2        0xe TouchGFX/build/STM32F7508-DK/TouchGFX/target/generated/TouchGFXConfiguration.o
                0x900018f2                touchgfx::LCD16bpp::~LCD16bpp()
 .text._ZN11TouchGFXHALD0Ev
                0x90001900        0xe TouchGFX/build/STM32F7508-DK/TouchGFX/target/generated/TouchGFXConfiguration.o
                0x90001900                TouchGFXHAL::~TouchGFXHAL()
 *fill*         0x9000190e        0x2 
 .text.startup._GLOBAL__sub_I_touchgfx_init
                0x90001910      0x13c TouchGFX/build/STM32F7508-DK/TouchGFX/target/generated/TouchGFXConfiguration.o
 .text._ZN8touchgfx25CortexMMCUInstrumentationD2Ev
                0x90001a4c        0x2 TouchGFX/build/STM32F7508-DK/TouchGFX/target/TouchGFXHAL.o
                0x90001a4c                touchgfx::CortexMMCUInstrumentation::~CortexMMCUInstrumentation()
                0x90001a4c                touchgfx::CortexMMCUInstrumentation::~CortexMMCUInstrumentation()
 *fill*         0x90001a4e        0x2 
 .text._ZN11TouchGFXHAL10initializeEv
                0x90001a50       0x44 TouchGFX/build/STM32F7508-DK/TouchGFX/target/TouchGFXHAL.o
                0x90001a50                TouchGFXHAL::initialize()
 .text._ZN11TouchGFXHAL9taskEntryEv
                0x90001a94       0x48 TouchGFX/build/STM32F7508-DK/TouchGFX/target/TouchGFXHAL.o
                0x90001a94                TouchGFXHAL::taskEntry()
 .text._ZNK11TouchGFXHAL17getTFTFrameBufferEv
                0x90001adc        0x4 TouchGFX/build/STM32F7508-DK/TouchGFX/target/TouchGFXHAL.o
                0x90001adc                TouchGFXHAL::getTFTFrameBuffer() const
 .text._ZN11TouchGFXHAL17setTFTFrameBufferEPt
                0x90001ae0        0x4 TouchGFX/build/STM32F7508-DK/TouchGFX/target/TouchGFXHAL.o
                0x90001ae0                TouchGFXHAL::setTFTFrameBuffer(unsigned short*)
 .text._ZN11TouchGFXHAL16flushFrameBufferERKN8touchgfx4RectE
                0x90001ae4       0x58 TouchGFX/build/STM32F7508-DK/TouchGFX/target/TouchGFXHAL.o
                0x90001ae4                TouchGFXHAL::flushFrameBuffer(touchgfx::Rect const&)
 .text._ZN11TouchGFXHAL19configureInterruptsEv
                0x90001b3c        0x4 TouchGFX/build/STM32F7508-DK/TouchGFX/target/TouchGFXHAL.o
                0x90001b3c                TouchGFXHAL::configureInterrupts()
 .text._ZN11TouchGFXHAL16enableInterruptsEv
                0x90001b40        0x4 TouchGFX/build/STM32F7508-DK/TouchGFX/target/TouchGFXHAL.o
                0x90001b40                TouchGFXHAL::enableInterrupts()
 .text._ZN11TouchGFXHAL17disableInterruptsEv
                0x90001b44        0x4 TouchGFX/build/STM32F7508-DK/TouchGFX/target/TouchGFXHAL.o
                0x90001b44                TouchGFXHAL::disableInterrupts()
 .text._ZN11TouchGFXHAL28enableLCDControllerInterruptEv
                0x90001b48        0x4 TouchGFX/build/STM32F7508-DK/TouchGFX/target/TouchGFXHAL.o
                0x90001b48                TouchGFXHAL::enableLCDControllerInterrupt()
 .text._ZN11TouchGFXHAL16flushFrameBufferEv
                0x90001b4c        0x4 TouchGFX/build/STM32F7508-DK/TouchGFX/target/TouchGFXHAL.o
                0x90001b4c                TouchGFXHAL::flushFrameBuffer()
 .text.IdleTaskHook
                0x90001b50       0x1c TouchGFX/build/STM32F7508-DK/TouchGFX/target/TouchGFXHAL.o
                0x90001b50                IdleTaskHook
 .text._ZN8touchgfx25CortexMMCUInstrumentationD0Ev
                0x90001b6c        0xe TouchGFX/build/STM32F7508-DK/TouchGFX/target/TouchGFXHAL.o
                0x90001b6c                touchgfx::CortexMMCUInstrumentation::~CortexMMCUInstrumentation()
 *fill*         0x90001b7a        0x2 
 .text.startup._GLOBAL__sub_I_instrumentation
                0x90001b7c       0x24 TouchGFX/build/STM32F7508-DK/TouchGFX/target/TouchGFXHAL.o
 .text._ZN8touchgfx4GPIO3setENS0_7GPIO_IDE
                0x90001ba0       0x60 TouchGFX/build/STM32F7508-DK/TouchGFX/target/TouchGFXGPIO.o
                0x90001ba0                touchgfx::GPIO::set(touchgfx::GPIO::GPIO_ID)
 .text._ZN8touchgfx4GPIO5clearENS0_7GPIO_IDE
                0x90001c00       0x60 TouchGFX/build/STM32F7508-DK/TouchGFX/target/TouchGFXGPIO.o
                0x90001c00                touchgfx::GPIO::clear(touchgfx::GPIO::GPIO_ID)
 .text._ZN8touchgfx4GPIO6toggleENS0_7GPIO_IDE
                0x90001c60       0x34 TouchGFX/build/STM32F7508-DK/TouchGFX/target/TouchGFXGPIO.o
                0x90001c60                touchgfx::GPIO::toggle(touchgfx::GPIO::GPIO_ID)
 .text._ZN8touchgfx4GPIO3getENS0_7GPIO_IDE
                0x90001c94       0x40 TouchGFX/build/STM32F7508-DK/TouchGFX/target/TouchGFXGPIO.o
                0x90001c94                touchgfx::GPIO::get(touchgfx::GPIO::GPIO_ID)
 .text._ZN8touchgfx4GPIO4initEv
                0x90001cd4       0x28 TouchGFX/build/STM32F7508-DK/TouchGFX/target/TouchGFXGPIO.o
                0x90001cd4                touchgfx::GPIO::init()
 .text._ZN20STM32TouchController11sampleTouchERlS0_
                0x90001cfc       0x30 TouchGFX/build/STM32F7508-DK/TouchGFX/target/STM32TouchController.o
                0x90001cfc                STM32TouchController::sampleTouch(long&, long&)
 .text._ZN20STM32TouchController4initEv
                0x90001d2c       0x2c TouchGFX/build/STM32F7508-DK/TouchGFX/target/STM32TouchController.o
                0x90001d2c                STM32TouchController::init()
 .text._ZN8touchgfx18MCUInstrumentation13getCCConsumedEv
                0x90001d58        0x4 TouchGFX/build/STM32F7508-DK/TouchGFX/target/CortexMMCUInstrumentation.o
                0x90001d58                touchgfx::MCUInstrumentation::getCCConsumed()
 .text._ZN8touchgfx18MCUInstrumentation13setCCConsumedEm
                0x90001d5c        0x4 TouchGFX/build/STM32F7508-DK/TouchGFX/target/CortexMMCUInstrumentation.o
                0x90001d5c                touchgfx::MCUInstrumentation::setCCConsumed(unsigned long)
 .text._ZN8touchgfx25CortexMMCUInstrumentation4initEv
                0x90001d60       0x30 TouchGFX/build/STM32F7508-DK/TouchGFX/target/CortexMMCUInstrumentation.o
                0x90001d60                touchgfx::CortexMMCUInstrumentation::init()
 .text._ZN8touchgfx25CortexMMCUInstrumentation12getElapsedUSEjjj
                0x90001d90        0xc TouchGFX/build/STM32F7508-DK/TouchGFX/target/CortexMMCUInstrumentation.o
                0x90001d90                touchgfx::CortexMMCUInstrumentation::getElapsedUS(unsigned int, unsigned int, unsigned int)
 .text._ZN8touchgfx25CortexMMCUInstrumentation12getCPUCyclesEv
                0x90001d9c        0xc TouchGFX/build/STM32F7508-DK/TouchGFX/target/CortexMMCUInstrumentation.o
                0x90001d9c                touchgfx::CortexMMCUInstrumentation::getCPUCycles()
 .text._ZN8touchgfx25CortexMMCUInstrumentation12setMCUActiveEb
                0x90001da8       0x1e TouchGFX/build/STM32F7508-DK/TouchGFX/target/CortexMMCUInstrumentation.o
                0x90001da8                touchgfx::CortexMMCUInstrumentation::setMCUActive(bool)
 *fill*         0x90001dc6        0x2 
 .text.SystemInit
                0x90001dc8       0x60 TouchGFX/build/STM32F7508-DK/Core/Src/system_stm32f7xx.o
                0x90001dc8                SystemInit
 .text.StartDefaultTask
                0x90001e28        0xa TouchGFX/build/STM32F7508-DK/Core/Src/main.o
                0x90001e28                StartDefaultTask
 *fill*         0x90001e32        0x2 
 .text.SystemClock_Config
                0x90001e34       0xa0 TouchGFX/build/STM32F7508-DK/Core/Src/main.o
                0x90001e34                SystemClock_Config
 .text.startup.main
                0x90001ed4      0x474 TouchGFX/build/STM32F7508-DK/Core/Src/main.o
                0x90001ed4                main
 .text.HAL_TIM_PeriodElapsedCallback
                0x90002348       0x14 TouchGFX/build/STM32F7508-DK/Core/Src/main.o
                0x90002348                HAL_TIM_PeriodElapsedCallback
 .text.Error_Handler
                0x9000235c        0x2 TouchGFX/build/STM32F7508-DK/Core/Src/main.o
                0x9000235c                Error_Handler
 *fill*         0x9000235e        0x2 
 .text.HAL_InitTick
                0x90002360       0x78 TouchGFX/build/STM32F7508-DK/Core/Src/stm32f7xx_hal_timebase_tim.o
                0x90002360                HAL_InitTick
 .text.HAL_MspInit
                0x900023d8       0x3c TouchGFX/build/STM32F7508-DK/Core/Src/stm32f7xx_hal_msp.o
                0x900023d8                HAL_MspInit
 .text.HAL_CRC_MspInit
                0x90002414       0x2c TouchGFX/build/STM32F7508-DK/Core/Src/stm32f7xx_hal_msp.o
                0x90002414                HAL_CRC_MspInit
 .text.HAL_DMA2D_MspInit
                0x90002440       0x40 TouchGFX/build/STM32F7508-DK/Core/Src/stm32f7xx_hal_msp.o
                0x90002440                HAL_DMA2D_MspInit
 .text.HAL_LTDC_MspInit
                0x90002480      0x154 TouchGFX/build/STM32F7508-DK/Core/Src/stm32f7xx_hal_msp.o
                0x90002480                HAL_LTDC_MspInit
 .text.HAL_UART_MspInit
                0x900025d4       0xb0 TouchGFX/build/STM32F7508-DK/Core/Src/stm32f7xx_hal_msp.o
                0x900025d4                HAL_UART_MspInit
 .text.HAL_SDRAM_MspInit
                0x90002684       0xd8 TouchGFX/build/STM32F7508-DK/Core/Src/stm32f7xx_hal_msp.o
                0x90002684                HAL_SDRAM_MspInit
 .text.HAL_SDRAM_MspDeInit
                0x9000275c       0x74 TouchGFX/build/STM32F7508-DK/Core/Src/stm32f7xx_hal_msp.o
                0x9000275c                HAL_SDRAM_MspDeInit
 .text.vApplicationIdleHook
                0x900027d0        0xc TouchGFX/build/STM32F7508-DK/Core/Src/freertos.o
                0x900027d0                vApplicationIdleHook
 .text.NMI_Handler
                0x900027dc        0x2 TouchGFX/build/STM32F7508-DK/Core/Src/stm32f7xx_it.o
                0x900027dc                NMI_Handler
 .text.HardFault_Handler
                0x900027de        0x2 TouchGFX/build/STM32F7508-DK/Core/Src/stm32f7xx_it.o
                0x900027de                HardFault_Handler
 .text.MemManage_Handler
                0x900027e0        0x2 TouchGFX/build/STM32F7508-DK/Core/Src/stm32f7xx_it.o
                0x900027e0                MemManage_Handler
 .text.BusFault_Handler
                0x900027e2        0x2 TouchGFX/build/STM32F7508-DK/Core/Src/stm32f7xx_it.o
                0x900027e2                BusFault_Handler
 .text.UsageFault_Handler
                0x900027e4        0x2 TouchGFX/build/STM32F7508-DK/Core/Src/stm32f7xx_it.o
                0x900027e4                UsageFault_Handler
 .text.DebugMon_Handler
                0x900027e6        0x2 TouchGFX/build/STM32F7508-DK/Core/Src/stm32f7xx_it.o
                0x900027e6                DebugMon_Handler
 .text.TIM6_DAC_IRQHandler
                0x900027e8        0xc TouchGFX/build/STM32F7508-DK/Core/Src/stm32f7xx_it.o
                0x900027e8                TIM6_DAC_IRQHandler
 .text.LTDC_IRQHandler
                0x900027f4        0xc TouchGFX/build/STM32F7508-DK/Core/Src/stm32f7xx_it.o
                0x900027f4                LTDC_IRQHandler
 .text.DMA2D_IRQHandler
                0x90002800        0xc TouchGFX/build/STM32F7508-DK/Core/Src/stm32f7xx_it.o
                0x90002800                DMA2D_IRQHandler
 .text.HAL_Init
                0x9000280c       0x24 TouchGFX/build/STM32F7508-DK/Drivers/STM32F7xx_HAL_Driver/Src/stm32f7xx_hal.o
                0x9000280c                HAL_Init
 .text.HAL_IncTick
                0x90002830       0x18 TouchGFX/build/STM32F7508-DK/Drivers/STM32F7xx_HAL_Driver/Src/stm32f7xx_hal.o
                0x90002830                HAL_IncTick
 .text.HAL_GetTick
                0x90002848        0xc TouchGFX/build/STM32F7508-DK/Drivers/STM32F7xx_HAL_Driver/Src/stm32f7xx_hal.o
                0x90002848                HAL_GetTick
 .text.HAL_Delay
                0x90002854       0x24 TouchGFX/build/STM32F7508-DK/Drivers/STM32F7xx_HAL_Driver/Src/stm32f7xx_hal.o
                0x90002854                HAL_Delay
 .text.UART_SetConfig
                0x90002878      0x268 TouchGFX/build/STM32F7508-DK/Drivers/STM32F7xx_HAL_Driver/Src/stm32f7xx_hal_uart.o
                0x90002878                UART_SetConfig
 .text.UART_AdvFeatureConfig
                0x90002ae0       0xb8 TouchGFX/build/STM32F7508-DK/Drivers/STM32F7xx_HAL_Driver/Src/stm32f7xx_hal_uart.o
                0x90002ae0                UART_AdvFeatureConfig
 .text.UART_WaitOnFlagUntilTimeout
                0x90002b98       0xba TouchGFX/build/STM32F7508-DK/Drivers/STM32F7xx_HAL_Driver/Src/stm32f7xx_hal_uart.o
                0x90002b98                UART_WaitOnFlagUntilTimeout
 .text.UART_CheckIdleState
                0x90002c52       0x44 TouchGFX/build/STM32F7508-DK/Drivers/STM32F7xx_HAL_Driver/Src/stm32f7xx_hal_uart.o
                0x90002c52                UART_CheckIdleState
 .text.HAL_UART_Init
                0x90002c96       0x60 TouchGFX/build/STM32F7508-DK/Drivers/STM32F7xx_HAL_Driver/Src/stm32f7xx_hal_uart.o
                0x90002c96                HAL_UART_Init
 *fill*         0x90002cf6        0x2 
 .text.HAL_RCCEx_PeriphCLKConfig
                0x90002cf8      0x548 TouchGFX/build/STM32F7508-DK/Drivers/STM32F7xx_HAL_Driver/Src/stm32f7xx_hal_rcc_ex.o
                0x90002cf8                HAL_RCCEx_PeriphCLKConfig
 .text.HAL_CRC_Init
                0x90003240       0x78 TouchGFX/build/STM32F7508-DK/Drivers/STM32F7xx_HAL_Driver/Src/stm32f7xx_hal_crc.o
                0x90003240                HAL_CRC_Init
 .text.LTDC_SetConfig
                0x900032b8      0x148 TouchGFX/build/STM32F7508-DK/Drivers/STM32F7xx_HAL_Driver/Src/stm32f7xx_hal_ltdc.o
 .text.HAL_LTDC_Init
                0x90003400       0xf4 TouchGFX/build/STM32F7508-DK/Drivers/STM32F7xx_HAL_Driver/Src/stm32f7xx_hal_ltdc.o
                0x90003400                HAL_LTDC_Init
 .text.HAL_LTDC_ErrorCallback
                0x900034f4        0x2 TouchGFX/build/STM32F7508-DK/Drivers/STM32F7xx_HAL_Driver/Src/stm32f7xx_hal_ltdc.o
                0x900034f4                HAL_LTDC_ErrorCallback
 .text.HAL_LTDC_ReloadEventCallback
                0x900034f6        0x2 TouchGFX/build/STM32F7508-DK/Drivers/STM32F7xx_HAL_Driver/Src/stm32f7xx_hal_ltdc.o
                0x900034f6                HAL_LTDC_ReloadEventCallback
 .text.HAL_LTDC_IRQHandler
                0x900034f8       0xc2 TouchGFX/build/STM32F7508-DK/Drivers/STM32F7xx_HAL_Driver/Src/stm32f7xx_hal_ltdc.o
                0x900034f8                HAL_LTDC_IRQHandler
 .text.HAL_LTDC_ConfigLayer
                0x900035ba       0x52 TouchGFX/build/STM32F7508-DK/Drivers/STM32F7xx_HAL_Driver/Src/stm32f7xx_hal_ltdc.o
                0x900035ba                HAL_LTDC_ConfigLayer
 .text.HAL_LTDC_ProgramLineEvent
                0x9000360c       0x40 TouchGFX/build/STM32F7508-DK/Drivers/STM32F7xx_HAL_Driver/Src/stm32f7xx_hal_ltdc.o
                0x9000360c                HAL_LTDC_ProgramLineEvent
 .text.HAL_PWREx_EnableOverDrive
                0x9000364c       0x70 TouchGFX/build/STM32F7508-DK/Drivers/STM32F7xx_HAL_Driver/Src/stm32f7xx_hal_pwr_ex.o
                0x9000364c                HAL_PWREx_EnableOverDrive
 .text.HAL_SDRAM_Init
                0x900036bc       0x40 TouchGFX/build/STM32F7508-DK/Drivers/STM32F7xx_HAL_Driver/Src/stm32f7xx_hal_sdram.o
                0x900036bc                HAL_SDRAM_Init
 .text.HAL_SDRAM_DeInit
                0x900036fc       0x1c TouchGFX/build/STM32F7508-DK/Drivers/STM32F7xx_HAL_Driver/Src/stm32f7xx_hal_sdram.o
                0x900036fc                HAL_SDRAM_DeInit
 .text.HAL_SDRAM_SendCommand
                0x90003718       0x3e TouchGFX/build/STM32F7508-DK/Drivers/STM32F7xx_HAL_Driver/Src/stm32f7xx_hal_sdram.o
                0x90003718                HAL_SDRAM_SendCommand
 .text.HAL_SDRAM_ProgramRefreshRate
                0x90003756       0x30 TouchGFX/build/STM32F7508-DK/Drivers/STM32F7xx_HAL_Driver/Src/stm32f7xx_hal_sdram.o
                0x90003756                HAL_SDRAM_ProgramRefreshRate
 *fill*         0x90003786        0x2 
 .text.HAL_RCC_OscConfig
                0x90003788      0x368 TouchGFX/build/STM32F7508-DK/Drivers/STM32F7xx_HAL_Driver/Src/stm32f7xx_hal_rcc.o
                0x90003788                HAL_RCC_OscConfig
 .text.HAL_RCC_GetSysClockFreq
                0x90003af0       0x5c TouchGFX/build/STM32F7508-DK/Drivers/STM32F7xx_HAL_Driver/Src/stm32f7xx_hal_rcc.o
                0x90003af0                HAL_RCC_GetSysClockFreq
 .text.HAL_RCC_ClockConfig
                0x90003b4c      0x144 TouchGFX/build/STM32F7508-DK/Drivers/STM32F7xx_HAL_Driver/Src/stm32f7xx_hal_rcc.o
                0x90003b4c                HAL_RCC_ClockConfig
 .text.HAL_RCC_GetPCLK1Freq
                0x90003c90       0x20 TouchGFX/build/STM32F7508-DK/Drivers/STM32F7xx_HAL_Driver/Src/stm32f7xx_hal_rcc.o
                0x90003c90                HAL_RCC_GetPCLK1Freq
 .text.HAL_RCC_GetPCLK2Freq
                0x90003cb0       0x20 TouchGFX/build/STM32F7508-DK/Drivers/STM32F7xx_HAL_Driver/Src/stm32f7xx_hal_rcc.o
                0x90003cb0                HAL_RCC_GetPCLK2Freq
 .text.HAL_RCC_GetClockConfig
                0x90003cd0       0x3c TouchGFX/build/STM32F7508-DK/Drivers/STM32F7xx_HAL_Driver/Src/stm32f7xx_hal_rcc.o
                0x90003cd0                HAL_RCC_GetClockConfig
 .text.I2C_Flush_TXDR
                0x90003d0c       0x1e TouchGFX/build/STM32F7508-DK/Drivers/STM32F7xx_HAL_Driver/Src/stm32f7xx_hal_i2c.o
 *fill*         0x90003d2a        0x2 
 .text.I2C_TransferConfig
                0x90003d2c       0x2c TouchGFX/build/STM32F7508-DK/Drivers/STM32F7xx_HAL_Driver/Src/stm32f7xx_hal_i2c.o
 .text.I2C_IsErrorOccurred
                0x90003d58      0x11a TouchGFX/build/STM32F7508-DK/Drivers/STM32F7xx_HAL_Driver/Src/stm32f7xx_hal_i2c.o
 .text.I2C_WaitOnTXISFlagUntilTimeout
                0x90003e72       0x4e TouchGFX/build/STM32F7508-DK/Drivers/STM32F7xx_HAL_Driver/Src/stm32f7xx_hal_i2c.o
 .text.I2C_WaitOnSTOPFlagUntilTimeout
                0x90003ec0       0x4a TouchGFX/build/STM32F7508-DK/Drivers/STM32F7xx_HAL_Driver/Src/stm32f7xx_hal_i2c.o
 .text.I2C_WaitOnFlagUntilTimeout
                0x90003f0a       0x54 TouchGFX/build/STM32F7508-DK/Drivers/STM32F7xx_HAL_Driver/Src/stm32f7xx_hal_i2c.o
 *fill*         0x90003f5e        0x2 
 .text.I2C_RequestMemoryWrite
                0x90003f60       0x64 TouchGFX/build/STM32F7508-DK/Drivers/STM32F7xx_HAL_Driver/Src/stm32f7xx_hal_i2c.o
 .text.I2C_RequestMemoryRead
                0x90003fc4       0x64 TouchGFX/build/STM32F7508-DK/Drivers/STM32F7xx_HAL_Driver/Src/stm32f7xx_hal_i2c.o
 .text.HAL_I2C_MspInit
                0x90004028        0x2 TouchGFX/build/STM32F7508-DK/Drivers/STM32F7xx_HAL_Driver/Src/stm32f7xx_hal_i2c.o
                0x90004028                HAL_I2C_MspInit
 .text.HAL_I2C_Init
                0x9000402a       0xb2 TouchGFX/build/STM32F7508-DK/Drivers/STM32F7xx_HAL_Driver/Src/stm32f7xx_hal_i2c.o
                0x9000402a                HAL_I2C_Init
 .text.HAL_I2C_MspDeInit
                0x900040dc        0x2 TouchGFX/build/STM32F7508-DK/Drivers/STM32F7xx_HAL_Driver/Src/stm32f7xx_hal_i2c.o
                0x900040dc                HAL_I2C_MspDeInit
 .text.HAL_I2C_DeInit
                0x900040de       0x32 TouchGFX/build/STM32F7508-DK/Drivers/STM32F7xx_HAL_Driver/Src/stm32f7xx_hal_i2c.o
                0x900040de                HAL_I2C_DeInit
 .text.HAL_I2C_Mem_Write
                0x90004110      0x16c TouchGFX/build/STM32F7508-DK/Drivers/STM32F7xx_HAL_Driver/Src/stm32f7xx_hal_i2c.o
                0x90004110                HAL_I2C_Mem_Write
 .text.HAL_I2C_Mem_Read
                0x9000427c      0x178 TouchGFX/build/STM32F7508-DK/Drivers/STM32F7xx_HAL_Driver/Src/stm32f7xx_hal_i2c.o
                0x9000427c                HAL_I2C_Mem_Read
 .text.HAL_I2C_GetState
                0x900043f4        0x6 TouchGFX/build/STM32F7508-DK/Drivers/STM32F7xx_HAL_Driver/Src/stm32f7xx_hal_i2c.o
                0x900043f4                HAL_I2C_GetState
 *fill*         0x900043fa        0x2 
 .text.DMA_CalcBaseAndBitshift
                0x900043fc       0x2c TouchGFX/build/STM32F7508-DK/Drivers/STM32F7xx_HAL_Driver/Src/stm32f7xx_hal_dma.o
 .text.HAL_DMA_Init
                0x90004428      0x104 TouchGFX/build/STM32F7508-DK/Drivers/STM32F7xx_HAL_Driver/Src/stm32f7xx_hal_dma.o
                0x90004428                HAL_DMA_Init
 .text.HAL_DMA_DeInit
                0x9000452c       0x60 TouchGFX/build/STM32F7508-DK/Drivers/STM32F7xx_HAL_Driver/Src/stm32f7xx_hal_dma.o
                0x9000452c                HAL_DMA_DeInit
 .text.HAL_TIMEx_CommutCallback
                0x9000458c        0x2 TouchGFX/build/STM32F7508-DK/Drivers/STM32F7xx_HAL_Driver/Src/stm32f7xx_hal_tim_ex.o
                0x9000458c                HAL_TIMEx_CommutCallback
 .text.HAL_TIMEx_BreakCallback
                0x9000458e        0x2 TouchGFX/build/STM32F7508-DK/Drivers/STM32F7xx_HAL_Driver/Src/stm32f7xx_hal_tim_ex.o
                0x9000458e                HAL_TIMEx_BreakCallback
 .text.HAL_TIMEx_Break2Callback
                0x90004590        0x2 TouchGFX/build/STM32F7508-DK/Drivers/STM32F7xx_HAL_Driver/Src/stm32f7xx_hal_tim_ex.o
                0x90004590                HAL_TIMEx_Break2Callback
 *fill*         0x90004592        0x2 
 .text.HAL_NVIC_SetPriorityGrouping
                0x90004594       0x24 TouchGFX/build/STM32F7508-DK/Drivers/STM32F7xx_HAL_Driver/Src/stm32f7xx_hal_cortex.o
                0x90004594                HAL_NVIC_SetPriorityGrouping
 .text.HAL_NVIC_SetPriority
                0x900045b8       0x64 TouchGFX/build/STM32F7508-DK/Drivers/STM32F7xx_HAL_Driver/Src/stm32f7xx_hal_cortex.o
                0x900045b8                HAL_NVIC_SetPriority
 .text.HAL_NVIC_EnableIRQ
                0x9000461c       0x1c TouchGFX/build/STM32F7508-DK/Drivers/STM32F7xx_HAL_Driver/Src/stm32f7xx_hal_cortex.o
                0x9000461c                HAL_NVIC_EnableIRQ
 .text.HAL_NVIC_DisableIRQ
                0x90004638       0x28 TouchGFX/build/STM32F7508-DK/Drivers/STM32F7xx_HAL_Driver/Src/stm32f7xx_hal_cortex.o
                0x90004638                HAL_NVIC_DisableIRQ
 .text.HAL_MPU_Disable
                0x90004660       0x20 TouchGFX/build/STM32F7508-DK/Drivers/STM32F7xx_HAL_Driver/Src/stm32f7xx_hal_cortex.o
                0x90004660                HAL_MPU_Disable
 .text.HAL_MPU_Enable
                0x90004680       0x24 TouchGFX/build/STM32F7508-DK/Drivers/STM32F7xx_HAL_Driver/Src/stm32f7xx_hal_cortex.o
                0x90004680                HAL_MPU_Enable
 .text.HAL_MPU_ConfigRegion
                0x900046a4       0x4c TouchGFX/build/STM32F7508-DK/Drivers/STM32F7xx_HAL_Driver/Src/stm32f7xx_hal_cortex.o
                0x900046a4                HAL_MPU_ConfigRegion
 .text.FMC_SDRAM_Init
                0x900046f0       0x68 TouchGFX/build/STM32F7508-DK/Drivers/STM32F7xx_HAL_Driver/Src/stm32f7xx_ll_fmc.o
                0x900046f0                FMC_SDRAM_Init
 .text.FMC_SDRAM_Timing_Init
                0x90004758       0x84 TouchGFX/build/STM32F7508-DK/Drivers/STM32F7xx_HAL_Driver/Src/stm32f7xx_ll_fmc.o
                0x90004758                FMC_SDRAM_Timing_Init
 .text.FMC_SDRAM_DeInit
                0x900047dc       0x1e TouchGFX/build/STM32F7508-DK/Drivers/STM32F7xx_HAL_Driver/Src/stm32f7xx_ll_fmc.o
                0x900047dc                FMC_SDRAM_DeInit
 .text.FMC_SDRAM_SendCommand
                0x900047fa       0x24 TouchGFX/build/STM32F7508-DK/Drivers/STM32F7xx_HAL_Driver/Src/stm32f7xx_ll_fmc.o
                0x900047fa                FMC_SDRAM_SendCommand
 .text.FMC_SDRAM_ProgramRefreshRate
                0x9000481e       0x14 TouchGFX/build/STM32F7508-DK/Drivers/STM32F7xx_HAL_Driver/Src/stm32f7xx_ll_fmc.o
                0x9000481e                FMC_SDRAM_ProgramRefreshRate
 *fill*         0x90004832        0x2 
 .text.HAL_GPIO_Init
                0x90004834      0x1d0 TouchGFX/build/STM32F7508-DK/Drivers/STM32F7xx_HAL_Driver/Src/stm32f7xx_hal_gpio.o
                0x90004834                HAL_GPIO_Init
 .text.HAL_GPIO_DeInit
                0x90004a04      0x134 TouchGFX/build/STM32F7508-DK/Drivers/STM32F7xx_HAL_Driver/Src/stm32f7xx_hal_gpio.o
                0x90004a04                HAL_GPIO_DeInit
 .text.HAL_GPIO_ReadPin
                0x90004b38        0xc TouchGFX/build/STM32F7508-DK/Drivers/STM32F7xx_HAL_Driver/Src/stm32f7xx_hal_gpio.o
                0x90004b38                HAL_GPIO_ReadPin
 .text.HAL_GPIO_WritePin
                0x90004b44        0xa TouchGFX/build/STM32F7508-DK/Drivers/STM32F7xx_HAL_Driver/Src/stm32f7xx_hal_gpio.o
                0x90004b44                HAL_GPIO_WritePin
 .text.HAL_GPIO_TogglePin
                0x90004b4e       0x12 TouchGFX/build/STM32F7508-DK/Drivers/STM32F7xx_HAL_Driver/Src/stm32f7xx_hal_gpio.o
                0x90004b4e                HAL_GPIO_TogglePin
 .text.HAL_DMA2D_Init
                0x90004b60       0x5c TouchGFX/build/STM32F7508-DK/Drivers/STM32F7xx_HAL_Driver/Src/stm32f7xx_hal_dma2d.o
                0x90004b60                HAL_DMA2D_Init
 .text.HAL_DMA2D_LineEventCallback
                0x90004bbc        0x2 TouchGFX/build/STM32F7508-DK/Drivers/STM32F7xx_HAL_Driver/Src/stm32f7xx_hal_dma2d.o
                0x90004bbc                HAL_DMA2D_LineEventCallback
 .text.HAL_DMA2D_CLUTLoadingCpltCallback
                0x90004bbe        0x2 TouchGFX/build/STM32F7508-DK/Drivers/STM32F7xx_HAL_Driver/Src/stm32f7xx_hal_dma2d.o
                0x90004bbe                HAL_DMA2D_CLUTLoadingCpltCallback
 .text.HAL_DMA2D_IRQHandler
                0x90004bc0      0x120 TouchGFX/build/STM32F7508-DK/Drivers/STM32F7xx_HAL_Driver/Src/stm32f7xx_hal_dma2d.o
                0x90004bc0                HAL_DMA2D_IRQHandler
 .text.HAL_DMA2D_ConfigLayer
                0x90004ce0       0x94 TouchGFX/build/STM32F7508-DK/Drivers/STM32F7xx_HAL_Driver/Src/stm32f7xx_hal_dma2d.o
                0x90004ce0                HAL_DMA2D_ConfigLayer
 .text.HAL_TIM_Base_MspInit
                0x90004d74        0x2 TouchGFX/build/STM32F7508-DK/Drivers/STM32F7xx_HAL_Driver/Src/stm32f7xx_hal_tim.o
                0x90004d74                HAL_TIM_Base_MspInit
 *fill*         0x90004d76        0x2 
 .text.HAL_TIM_Base_Start_IT
                0x90004d78       0x80 TouchGFX/build/STM32F7508-DK/Drivers/STM32F7xx_HAL_Driver/Src/stm32f7xx_hal_tim.o
                0x90004d78                HAL_TIM_Base_Start_IT
 .text.HAL_TIM_OC_DelayElapsedCallback
                0x90004df8        0x2 TouchGFX/build/STM32F7508-DK/Drivers/STM32F7xx_HAL_Driver/Src/stm32f7xx_hal_tim.o
                0x90004df8                HAL_TIM_OC_DelayElapsedCallback
 .text.HAL_TIM_IC_CaptureCallback
                0x90004dfa        0x2 TouchGFX/build/STM32F7508-DK/Drivers/STM32F7xx_HAL_Driver/Src/stm32f7xx_hal_tim.o
                0x90004dfa                HAL_TIM_IC_CaptureCallback
 .text.HAL_TIM_PWM_PulseFinishedCallback
                0x90004dfc        0x2 TouchGFX/build/STM32F7508-DK/Drivers/STM32F7xx_HAL_Driver/Src/stm32f7xx_hal_tim.o
                0x90004dfc                HAL_TIM_PWM_PulseFinishedCallback
 .text.HAL_TIM_TriggerCallback
                0x90004dfe        0x2 TouchGFX/build/STM32F7508-DK/Drivers/STM32F7xx_HAL_Driver/Src/stm32f7xx_hal_tim.o
                0x90004dfe                HAL_TIM_TriggerCallback
 .text.HAL_TIM_IRQHandler
                0x90004e00      0x168 TouchGFX/build/STM32F7508-DK/Drivers/STM32F7xx_HAL_Driver/Src/stm32f7xx_hal_tim.o
                0x90004e00                HAL_TIM_IRQHandler
 .text.TIM_Base_SetConfig
                0x90004f68       0xcc TouchGFX/build/STM32F7508-DK/Drivers/STM32F7xx_HAL_Driver/Src/stm32f7xx_hal_tim.o
                0x90004f68                TIM_Base_SetConfig
 .text.HAL_TIM_Base_Init
                0x90005034       0x60 TouchGFX/build/STM32F7508-DK/Drivers/STM32F7xx_HAL_Driver/Src/stm32f7xx_hal_tim.o
                0x90005034                HAL_TIM_Base_Init
 .text.HAL_CRCEx_Polynomial_Set
                0x90005094       0x46 TouchGFX/build/STM32F7508-DK/Drivers/STM32F7xx_HAL_Driver/Src/stm32f7xx_hal_crc_ex.o
                0x90005094                HAL_CRCEx_Polynomial_Set
 .text.MX_TouchGFX_Init
                0x900050da        0x4 TouchGFX/build/STM32F7508-DK/TouchGFX/App/app_touchgfx.o
                0x900050da                MX_TouchGFX_Init
 .text.TouchGFX_Task
                0x900050de        0x4 TouchGFX/build/STM32F7508-DK/TouchGFX/App/app_touchgfx.o
                0x900050de                TouchGFX_Task
 .text.vListInitialise
                0x900050e2       0x16 TouchGFX/build/STM32F7508-DK/Middlewares/Third_Party/FreeRTOS/Source/list.o
                0x900050e2                vListInitialise
 .text.vListInitialiseItem
                0x900050f8        0x6 TouchGFX/build/STM32F7508-DK/Middlewares/Third_Party/FreeRTOS/Source/list.o
                0x900050f8                vListInitialiseItem
 .text.vListInsertEnd
                0x900050fe       0x18 TouchGFX/build/STM32F7508-DK/Middlewares/Third_Party/FreeRTOS/Source/list.o
                0x900050fe                vListInsertEnd
 .text.vListInsert
                0x90005116       0x2e TouchGFX/build/STM32F7508-DK/Middlewares/Third_Party/FreeRTOS/Source/list.o
                0x90005116                vListInsert
 .text.uxListRemove
                0x90005144       0x26 TouchGFX/build/STM32F7508-DK/Middlewares/Third_Party/FreeRTOS/Source/list.o
                0x90005144                uxListRemove
 .text.prvIsQueueEmpty
                0x9000516a       0x16 TouchGFX/build/STM32F7508-DK/Middlewares/Third_Party/FreeRTOS/Source/queue.o
 .text.prvCopyDataToQueue
                0x90005180       0x66 TouchGFX/build/STM32F7508-DK/Middlewares/Third_Party/FreeRTOS/Source/queue.o
 .text.prvCopyDataFromQueue
                0x900051e6       0x2a TouchGFX/build/STM32F7508-DK/Middlewares/Third_Party/FreeRTOS/Source/queue.o
 .text.prvUnlockQueue
                0x90005210       0x70 TouchGFX/build/STM32F7508-DK/Middlewares/Third_Party/FreeRTOS/Source/queue.o
 .text.xQueueGenericReset
                0x90005280       0x84 TouchGFX/build/STM32F7508-DK/Middlewares/Third_Party/FreeRTOS/Source/queue.o
                0x90005280                xQueueGenericReset
 .text.xQueueGenericCreateStatic
                0x90005304       0xb0 TouchGFX/build/STM32F7508-DK/Middlewares/Third_Party/FreeRTOS/Source/queue.o
                0x90005304                xQueueGenericCreateStatic
 .text.xQueueGenericCreate
                0x900053b4       0x52 TouchGFX/build/STM32F7508-DK/Middlewares/Third_Party/FreeRTOS/Source/queue.o
                0x900053b4                xQueueGenericCreate
 .text.xQueueCreateCountingSemaphoreStatic
                0x90005406       0x4c TouchGFX/build/STM32F7508-DK/Middlewares/Third_Party/FreeRTOS/Source/queue.o
                0x90005406                xQueueCreateCountingSemaphoreStatic
 .text.xQueueCreateCountingSemaphore
                0x90005452       0x44 TouchGFX/build/STM32F7508-DK/Middlewares/Third_Party/FreeRTOS/Source/queue.o
                0x90005452                xQueueCreateCountingSemaphore
 *fill*         0x90005496        0x2 
 .text.xQueueGenericSend
                0x90005498      0x174 TouchGFX/build/STM32F7508-DK/Middlewares/Third_Party/FreeRTOS/Source/queue.o
                0x90005498                xQueueGenericSend
 .text.xQueueGenericSendFromISR
                0x9000560c       0xd2 TouchGFX/build/STM32F7508-DK/Middlewares/Third_Party/FreeRTOS/Source/queue.o
                0x9000560c                xQueueGenericSendFromISR
 .text.xQueueGiveFromISR
                0x900056de       0xb8 TouchGFX/build/STM32F7508-DK/Middlewares/Third_Party/FreeRTOS/Source/queue.o
                0x900056de                xQueueGiveFromISR
 *fill*         0x90005796        0x2 
 .text.xQueueReceive
                0x90005798      0x14c TouchGFX/build/STM32F7508-DK/Middlewares/Third_Party/FreeRTOS/Source/queue.o
                0x90005798                xQueueReceive
 .text.xQueueSemaphoreTake
                0x900058e4      0x194 TouchGFX/build/STM32F7508-DK/Middlewares/Third_Party/FreeRTOS/Source/queue.o
                0x900058e4                xQueueSemaphoreTake
 .text.xQueueReceiveFromISR
                0x90005a78       0xaa TouchGFX/build/STM32F7508-DK/Middlewares/Third_Party/FreeRTOS/Source/queue.o
                0x90005a78                xQueueReceiveFromISR
 *fill*         0x90005b22        0x2 
 .text.vQueueAddToRegistry
                0x90005b24       0x24 TouchGFX/build/STM32F7508-DK/Middlewares/Third_Party/FreeRTOS/Source/queue.o
                0x90005b24                vQueueAddToRegistry
 .text.vQueueUnregisterQueue