Archive member included to satisfy reference by file (symbol)

Middlewares/ST/touchgfx/lib/core/cortex_m7/gcc\libtouchgfx.a(AbstractPartition.o)
                              TouchGFX/build/STM32F7508-DK/TouchGFX/target/generated/TouchGFXConfiguration.o (touchgfx::AbstractPartition::getAllocationCount() const)
Middlewares/ST/touchgfx/lib/core/cortex_m7/gcc\libtouchgfx.a(Container.o)
                              TouchGFX/build/STM32F7508-DK/TouchGFX/generated/gui_generated/src/testscreen_screen/TestScreenViewBase.o (touchgfx::Container::add(touchgfx::Drawable&))
Middlewares/ST/touchgfx/lib/core/cortex_m7/gcc\libtouchgfx.a(Slider.o)
                              TouchGFX/build/STM32F7508-DK/TouchGFX/generated/gui_generated/src/testscreen_screen/TestScreenViewBase.o (touchgfx::Slider::setValue(int))
Middlewares/ST/touchgfx/lib/core/cortex_m7/gcc\libtouchgfx.a(HAL.o)
                              TouchGFX/build/STM32F7508-DK/TouchGFX/target/generated/TouchGFXGeneratedHAL.o (touchgfx::HAL::drawDrawableInDynamicBitmap(touchgfx::Drawable&, unsigned short))
Middlewares/ST/touchgfx/lib/core/cortex_m7/gcc\libtouchgfx.a(DMA.o)
                              TouchGFX/build/STM32F7508-DK/TouchGFX/target/generated/STM32DMA.o (touchgfx::DMA_Interface::seedExecution())
Middlewares/ST/touchgfx/lib/core/cortex_m7/gcc\libtouchgfx.a(PainterRGB565.o)
                              TouchGFX/build/STM32F7508-DK/TouchGFX/generated/gui_generated/src/testscreen_screen/TestScreenViewBase.o (vtable for touchgfx::PainterRGB565)
Middlewares/ST/touchgfx/lib/core/cortex_m7/gcc\libtouchgfx.a(AbstractShape.o)
                              TouchGFX/build/STM32F7508-DK/TouchGFX/generated/gui_generated/src/testscreen_screen/TestScreenViewBase.o (touchgfx::AbstractShape::getMinimalRect() const)
Middlewares/ST/touchgfx/lib/core/cortex_m7/gcc\libtouchgfx.a(CanvasWidget.o)
                              TouchGFX/build/STM32F7508-DK/TouchGFX/generated/gui_generated/src/testscreen_screen/TestScreenViewBase.o (touchgfx::CanvasWidget::draw(touchgfx::Rect const&) const)
Middlewares/ST/touchgfx/lib/core/cortex_m7/gcc\libtouchgfx.a(TextArea.o)
                              TouchGFX/build/STM32F7508-DK/TouchGFX/generated/gui_generated/src/testscreen_screen/TestScreenViewBase.o (touchgfx::TextArea::getAlignment() const)
Middlewares/ST/touchgfx/lib/core/cortex_m7/gcc\libtouchgfx.a(Box.o)
                              TouchGFX/build/STM32F7508-DK/TouchGFX/generated/gui_generated/src/testscreen_screen/TestScreenViewBase.o (vtable for touchgfx::Box)
Middlewares/ST/touchgfx/lib/core/cortex_m7/gcc\libtouchgfx.a(TextAreaWithWildcard.o)
                              TouchGFX/build/STM32F7508-DK/TouchGFX/generated/gui_generated/src/testscreen_screen/TestScreenViewBase.o (touchgfx::TextAreaWithWildcardBase::draw(touchgfx::Rect const&) const)
Middlewares/ST/touchgfx/lib/core/cortex_m7/gcc\libtouchgfx.a(Image.o)
                              Middlewares/ST/touchgfx/lib/core/cortex_m7/gcc\libtouchgfx.a(Slider.o) (touchgfx::Image::setBitmap(touchgfx::Bitmap const&))
Middlewares/ST/touchgfx/lib/core/cortex_m7/gcc\libtouchgfx.a(Outline.o)
                              Middlewares/ST/touchgfx/lib/core/cortex_m7/gcc\libtouchgfx.a(AbstractShape.o) (touchgfx::Outline::~Outline())
Middlewares/ST/touchgfx/lib/core/cortex_m7/gcc\libtouchgfx.a(CanvasWidgetRenderer.o)
                              TouchGFX/build/STM32F7508-DK/TouchGFX/generated/gui_generated/src/testscreen_screen/TestScreenViewBase.o (touchgfx::CanvasWidgetRenderer::setupBuffer(unsigned char*, unsigned int))
Middlewares/ST/touchgfx/lib/core/cortex_m7/gcc\libtouchgfx.a(LCD.o)
                              Middlewares/ST/touchgfx/lib/core/cortex_m7/gcc\libtouchgfx.a(TextArea.o) (touchgfx::LCD::stringWidth(touchgfx::TextProvider&, touchgfx::Font const&, int, unsigned char))
Middlewares/ST/touchgfx/lib/core/cortex_m7/gcc\libtouchgfx.a(TouchCalibration.o)
                              Middlewares/ST/touchgfx/lib/core/cortex_m7/gcc\libtouchgfx.a(HAL.o) (touchgfx::TouchCalibration::translatePoint(touchgfx::Point&))
Middlewares/ST/touchgfx/lib/core/cortex_m7/gcc\libtouchgfx.a(DisplayTransformation.o)
                              Middlewares/ST/touchgfx/lib/core/cortex_m7/gcc\libtouchgfx.a(HAL.o) (touchgfx::DisplayTransformation::transformFrameBufferToDisplay(short&, short&))
Middlewares/ST/touchgfx/lib/core/cortex_m7/gcc\libtouchgfx.a(Application.o)
                              TouchGFX/build/STM32F7508-DK/TouchGFX/gui/src/common/FrontendApplication.o (touchgfx::Application::switchScreen(touchgfx::Screen*))
Middlewares/ST/touchgfx/lib/core/cortex_m7/gcc\libtouchgfx.a(TypedText.o)
                              TouchGFX/build/STM32F7508-DK/TouchGFX/generated/gui_generated/src/testscreen_screen/TestScreenViewBase.o (touchgfx::TypedText::numberOfTypedTexts)
Middlewares/ST/touchgfx/lib/core/cortex_m7/gcc\libtouchgfx.a(Font.o)
[...]
Memory Configuration

Name             Origin             Length             Attributes
ITCMRAM          0x00000000         0x00004000         xrw
RAM              0x20000000         0x00050000         xrw
SDRAM            0xc0000000         0x00800000         xrw
BOOTLOADER       0x08000000         0x00010000         xr
FLASH            0x90000000         0x00100000         xr
QSPI             0x90100000         0x00f00000         xrw
*default*        0x00000000         0xffffffff

Linker script and memory map

LOAD c:/touchgfx/4.20.0/env/mingw/msys/1.0/gnu-arm-gcc/bin/../lib/gcc/arm-none-eabi/7.3.1/thumb/v7e-m/fpv4-sp/softfp/crti.o
LOAD c:/touchgfx/4.20.0/env/mingw/msys/1.0/gnu-arm-gcc/bin/../lib/gcc/arm-none-eabi/7.3.1/thumb/v7e-m/fpv4-sp/softfp/crtbegin.o
LOAD c:/touchgfx/4.20.0/env/mingw/msys/1.0/gnu-arm-gcc/bin/../lib/gcc/arm-none-eabi/7.3.1/../../../../arm-none-eabi/lib/thumb/v7e-m/fpv4-sp/softfp/crt0.o
LOAD TouchGFX/build/STM32F7508-DK/TouchGFX/gui/src/model/Model.o
LOAD TouchGFX/build/STM32F7508-DK/TouchGFX/gui/src/testscreen_screen/TestScreenPresenter.o
LOAD TouchGFX/build/STM32F7508-DK/TouchGFX/gui/src/testscreen_screen/TestScreenView.o
LOAD TouchGFX/build/STM32F7508-DK/TouchGFX/gui/src/common/FrontendApplication.o
LOAD TouchGFX/build/STM32F7508-DK/TouchGFX/generated/gui_generated/src/testscreen_screen/TestScreenViewBase.o
LOAD TouchGFX/build/STM32F7508-DK/TouchGFX/generated/gui_generated/src/common/FrontendApplicationBase.o
LOAD TouchGFX/build/STM32F7508-DK/TouchGFX/generated/fonts/src/Font_verdana_40_4bpp_0.o
LOAD TouchGFX/build/STM32F7508-DK/TouchGFX/generated/fonts/src/Font_verdana_20_4bpp_0.o
LOAD TouchGFX/build/STM32F7508-DK/TouchGFX/generated/fonts/src/GeneratedFont.o
LOAD TouchGFX/build/STM32F7508-DK/TouchGFX/generated/fonts/src/UnmappedDataFont.o
LOAD TouchGFX/build/STM32F7508-DK/TouchGFX/generated/fonts/src/Kerning_verdana_40_4bpp.o
LOAD TouchGFX/build/STM32F7508-DK/TouchGFX/generated/fonts/src/Table_verdana_10_4bpp.o
LOAD TouchGFX/build/STM32F7508-DK/TouchGFX/generated/fonts/src/Kerning_verdana_10_4bpp.o
LOAD TouchGFX/build/STM32F7508-DK/TouchGFX/generated/fonts/src/Kerning_verdana_20_4bpp.o
LOAD TouchGFX/build/STM32F7508-DK/TouchGFX/generated/fonts/src/FontCache.o
LOAD TouchGFX/build/STM32F7508-DK/TouchGFX/generated/fonts/src/Font_verdana_10_4bpp_0.o
LOAD TouchGFX/build/STM32F7508-DK/TouchGFX/generated/fonts/src/Table_verdana_40_4bpp.o
LOAD TouchGFX/build/STM32F7508-DK/TouchGFX/generated/fonts/src/CachedFont.o
LOAD TouchGFX/build/STM32F7508-DK/TouchGFX/generated/fonts/src/Table_verdana_20_4bpp.o
LOAD TouchGFX/build/STM32F7508-DK/TouchGFX/generated/fonts/src/ApplicationFontProvider.o
LOAD TouchGFX/build/STM32F7508-DK/TouchGFX/generated/images/src/__designer/image_Blue_Slider_Horizontal_Small_Indicators_slider_horizontal_small_round_knob.o
LOAD TouchGFX/build/STM32F7508-DK/TouchGFX/generated/images/src/__designer/image_Blue_Slider_Horizontal_Small_slider_horizontal_small_round_back.o
LOAD TouchGFX/build/STM32F7508-DK/TouchGFX/generated/images/src/BitmapDatabase.o
LOAD TouchGFX/build/STM32F7508-DK/TouchGFX/generated/texts/src/LanguageGb.o
LOAD TouchGFX/build/STM32F7508-DK/TouchGFX/generated/texts/src/TypedTextDatabase.o
LOAD TouchGFX/build/STM32F7508-DK/TouchGFX/generated/texts/src/Texts.o
LOAD TouchGFX/build/STM32F7508-DK/TouchGFX/target/generated/TouchGFXGeneratedHAL.o
LOAD TouchGFX/build/STM32F7508-DK/TouchGFX/target/generated/STM32DMA.o
LOAD TouchGFX/build/STM32F7508-DK/TouchGFX/target/generated/OSWrappers.o
LOAD TouchGFX/build/STM32F7508-DK/TouchGFX/target/generated/TouchGFXConfiguration.o
LOAD TouchGFX/build/STM32F7508-DK/TouchGFX/target/TouchGFXHAL.o
LOAD TouchGFX/build/STM32F7508-DK/TouchGFX/target/TouchGFXGPIO.o
LOAD TouchGFX/build/STM32F7508-DK/TouchGFX/target/STM32TouchController.o
LOAD TouchGFX/build/STM32F7508-DK/TouchGFX/target/CortexMMCUInstrumentation.o
LOAD TouchGFX/build/STM32F7508-DK/Core/Src/system_stm32f7xx.o
LOAD TouchGFX/build/STM32F7508-DK/Core/Src/main.o
LOAD TouchGFX/build/STM32F7508-DK/Core/Src/stm32f7xx_hal_timebase_tim.o
LOAD TouchGFX/build/STM32F7508-DK/Core/Src/stm32f7xx_hal_msp.o
LOAD TouchGFX/build/STM32F7508-DK/Core/Src/freertos.o
LOAD TouchGFX/build/STM32F7508-DK/Core/Src/stm32f7xx_it.o
LOAD TouchGFX/build/STM32F7508-DK/Drivers/STM32F7xx_HAL_Driver/Src/stm32f7xx_hal_ltdc_ex.o
LOAD TouchGFX/build/STM32F7508-DK/Drivers/STM32F7xx_HAL_Driver/Src/stm32f7xx_hal.o
LOAD TouchGFX/build/STM32F7508-DK/Drivers/STM32F7xx_HAL_Driver/Src/stm32f7xx_hal_uart.o
LOAD TouchGFX/build/STM32F7508-DK/Drivers/STM32F7xx_HAL_Driver/Src/stm32f7xx_hal_rcc_ex.o
LOAD TouchGFX/build/STM32F7508-DK/Drivers/STM32F7xx_HAL_Driver/Src/stm32f7xx_hal_dsi.o
LOAD TouchGFX/build/STM32F7508-DK/Drivers/STM32F7xx_HAL_Driver/Src/stm32f7xx_hal_crc.o
LOAD TouchGFX/build/STM32F7508-DK/Drivers/STM32F7xx_HAL_Driver/Src/stm32f7xx_hal_ltdc.o
LOAD TouchGFX/build/STM32F7508-DK/Drivers/STM32F7xx_HAL_Driver/Src/stm32f7xx_hal_pwr_ex.o
LOAD TouchGFX/build/STM32F7508-DK/Drivers/STM32F7xx_HAL_Driver/Src/stm32f7xx_hal_sdram.o
LOAD TouchGFX/build/STM32F7508-DK/Drivers/STM32F7xx_HAL_Driver/Src/stm32f7xx_hal_flash.o
LOAD TouchGFX/build/STM32F7508-DK/Drivers/STM32F7xx_HAL_Driver/Src/stm32f7xx_hal_rcc.o
LOAD TouchGFX/build/STM32F7508-DK/Drivers/STM32F7xx_HAL_Driver/Src/stm32f7xx_hal_dma_ex.o
LOAD TouchGFX/build/STM32F7508-DK/Drivers/STM32F7xx_HAL_Driver/Src/stm32f7xx_hal_i2c.o
LOAD TouchGFX/build/STM32F7508-DK/Drivers/STM32F7xx_HAL_Driver/Src/stm32f7xx_hal_pwr.o
LOAD TouchGFX/build/STM32F7508-DK/Drivers/STM32F7xx_HAL_Driver/Src/stm32f7xx_hal_dma.o
LOAD TouchGFX/build/STM32F7508-DK/Drivers/STM32F7xx_HAL_Driver/Src/stm32f7xx_hal_uart_ex.o
LOAD TouchGFX/build/STM32F7508-DK/Drivers/STM32F7xx_HAL_Driver/Src/stm32f7xx_hal_tim_ex.o
LOAD TouchGFX/build/STM32F7508-DK/Drivers/STM32F7xx_HAL_Driver/Src/stm32f7xx_hal_cortex.o
LOAD TouchGFX/build/STM32F7508-DK/Drivers/STM32F7xx_HAL_Driver/Src/stm32f7xx_ll_fmc.o
LOAD TouchGFX/build/STM32F7508-DK/Drivers/STM32F7xx_HAL_Driver/Src/stm32f7xx_hal_flash_ex.o
LOAD TouchGFX/build/STM32F7508-DK/Drivers/STM32F7xx_HAL_Driver/Src/stm32f7xx_hal_exti.o
LOAD TouchGFX/build/STM32F7508-DK/Drivers/STM32F7xx_HAL_Driver/Src/stm32f7xx_hal_gpio.o
LOAD TouchGFX/build/STM32F7508-DK/Drivers/STM32F7xx_HAL_Driver/Src/stm32f7xx_hal_dma2d.o
LOAD TouchGFX/build/STM32F7508-DK/Drivers/STM32F7xx_HAL_Driver/Src/stm32f7xx_hal_tim.o
LOAD TouchGFX/build/STM32F7508-DK/Drivers/STM32F7xx_HAL_Driver/Src/stm32f7xx_hal_i2c_ex.o
LOAD TouchGFX/build/STM32F7508-DK/Drivers/STM32F7xx_HAL_Driver/Src/stm32f7xx_hal_crc_ex.o
LOAD TouchGFX/build/STM32F7508-DK/TouchGFX/App/app_touchgfx.o
LOAD TouchGFX/build/STM32F7508-DK/Middlewares/Third_Party/FreeRTOS/Source/croutine.o
LOAD TouchGFX/build/STM32F7508-DK/Middlewares/Third_Party/FreeRTOS/Source/list.o
LOAD TouchGFX/build/STM32F7508-DK/Middlewares/Third_Party/FreeRTOS/Source/queue.o
LOAD TouchGFX/build/STM32F7508-DK/Middlewares/Third_Party/FreeRTOS/Source/tasks.o
LOAD TouchGFX/build/STM32F7508-DK/Middlewares/Third_Party/FreeRTOS/Source/timers.o
LOAD TouchGFX/build/STM32F7508-DK/Middlewares/Third_Party/FreeRTOS/Source/CMSIS_RTOS_V2/cmsis_os2.o
LOAD TouchGFX/build/STM32F7508-DK/gcc/Middlewares/Third_Party/FreeRTOS/Source/portable/MemMang/heap_4.o
LOAD TouchGFX/build/STM32F7508-DK/gcc/Middlewares/Third_Party/FreeRTOS/Source/portable/GCC/ARM_CM7/r0p1/port.o
LOAD TouchGFX/build/STM32F7508-DK/Drivers/BSP/STM32F7508-Discovery/stm32f7508_discovery.o
LOAD TouchGFX/build/STM32F7508-DK/Drivers/BSP/STM32F7508-Discovery/stm32f7508_discovery_sdram.o
LOAD TouchGFX/build/STM32F7508-DK/Drivers/BSP/STM32F7508-Discovery/stm32f7508_discovery_ts.o
LOAD TouchGFX/build/STM32F7508-DK/Drivers/BSP/Components/ft5336/ft5336.o
LOAD TouchGFX/build/STM32F7508-DK/gcc/startup_stm32f750xx.o
LOAD TouchGFX/build/STM32F7508-DK/ExtMem_Boot/Binary/Bootloader.o
START GROUP
LOAD Middlewares/ST/touchgfx/lib/core/cortex_m7/gcc\libtouchgfx.a
END GROUP
LOAD c:/touchgfx/4.20.0/env/mingw/msys/1.0/gnu-arm-gcc/bin/../lib/gcc/arm-none-eabi/7.3.1/../../../../arm-none-eabi/lib/thumb/v7e-m/fpv4-sp/softfp\libstdc++_nano.a
LOAD c:/touchgfx/4.20.0/env/mingw/msys/1.0/gnu-arm-gcc/bin/../lib/gcc/arm-none-eabi/7.3.1/../../../../arm-none-eabi/lib/thumb/v7e-m/fpv4-sp/softfp\libm.a
START GROUP
LOAD c:/touchgfx/4.20.0/env/mingw/msys/1.0/gnu-arm-gcc/bin/../lib/gcc/arm-none-eabi/7.3.1/thumb/v7e-m/fpv4-sp/softfp\libgcc.a
LOAD c:/touchgfx/4.20.0/env/mingw/msys/1.0/gnu-arm-gcc/bin/../lib/gcc/arm-none-eabi/7.3.1/../../../../arm-none-eabi/lib/thumb/v7e-m/fpv4-sp/softfp\libg_nano.a
LOAD c:/touchgfx/4.20.0/env/mingw/msys/1.0/gnu-arm-gcc/bin/../lib/gcc/arm-none-eabi/7.3.1/../../../../arm-none-eabi/lib/thumb/v7e-m/fpv4-sp/softfp\libc_nano.a
END GROUP
START GROUP
LOAD c:/touchgfx/4.20.0/env/mingw/msys/1.0/gnu-arm-gcc/bin/../lib/gcc/arm-none-eabi/7.3.1/thumb/v7e-m/fpv4-sp/softfp\libgcc.a
LOAD c:/touchgfx/4.20.0/env/mingw/msys/1.0/gnu-arm-gcc/bin/../lib/gcc/arm-none-eabi/7.3.1/../../../../arm-none-eabi/lib/thumb/v7e-m/fpv4-sp/softfp\libc_nano.a
LOAD c:/touchgfx/4.20.0/env/mingw/msys/1.0/gnu-arm-gcc/bin/../lib/gcc/arm-none-eabi/7.3.1/../../../../arm-none-eabi/lib/thumb/v7e-m/fpv4-sp/softfp\libnosys.a
END GROUP
START GROUP
LOAD c:/touchgfx/4.20.0/env/mingw/msys/1.0/gnu-arm-gcc/bin/../lib/gcc/arm-none-eabi/7.3.1/thumb/v7e-m/fpv4-sp/softfp\libgcc.a
LOAD c:/touchgfx/4.20.0/env/mingw/msys/1.0/gnu-arm-gcc/bin/../lib/gcc/arm-none-eabi/7.3.1/../../../../arm-none-eabi/lib/thumb/v7e-m/fpv4-sp/softfp\libc_nano.a
LOAD c:/touchgfx/4.20.0/env/mingw/msys/1.0/gnu-arm-gcc/bin/../lib/gcc/arm-none-eabi/7.3.1/../../../../arm-none-eabi/lib/thumb/v7e-m/fpv4-sp/softfp\libnosys.a
END GROUP
LOAD c:/touchgfx/4.20.0/env/mingw/msys/1.0/gnu-arm-gcc/bin/../lib/gcc/arm-none-eabi/7.3.1/thumb/v7e-m/fpv4-sp/softfp/crtend.o
LOAD c:/touchgfx/4.20.0/env/mingw/msys/1.0/gnu-arm-gcc/bin/../lib/gcc/arm-none-eabi/7.3.1/thumb/v7e-m/fpv4-sp/softfp/crtn.o
                0x20050000                _estack = (ORIGIN (RAM) + LENGTH (RAM))
                0x00001000                _Min_Heap_Size = 0x1000
                0x00001000                _Min_Stack_Size = 0x1000

.isr_vector     0x90000000      0x1c8
                0x90000000                . = ALIGN (0x4)
 *(.isr_vector)
 .isr_vector    0x90000000      0x1c8 TouchGFX/build/STM32F7508-DK/gcc/startup_stm32f750xx.o
                0x90000000                g_pfnVectors
                0x900001c8                . = ALIGN (0x4)

.text           0x900001d0    0x1e57c
                0x900001d0                . = ALIGN (0x4)
 *(.text)
 .text          0x900001d0       0x40 c:/touchgfx/4.20.0/env/mingw/msys/1.0/gnu-arm-gcc/bin/../lib/gcc/arm-none-eabi/7.3.1/thumb/v7e-m/fpv4-sp/softfp/crtbegin.o
 .text          0x90000210      0x378 c:/touchgfx/4.20.0/env/mingw/msys/1.0/gnu-arm-gcc/bin/../lib/gcc/arm-none-eabi/7.3.1/thumb/v7e-m/fpv4-sp/softfp\libgcc.a(_arm_addsubdf3.o)
                0x90000210                __aeabi_drsub
                0x90000218                __aeabi_dsub
                0x90000218                __subdf3
                0x9000021c                __aeabi_dadd
                0x9000021c                __adddf3
                0x90000494                __floatunsidf
                0x90000494                __aeabi_ui2d
                0x900004b4                __floatsidf
                0x900004b4                __aeabi_i2d
                0x900004d8                __aeabi_f2d
                0x900004d8                __extendsfdf2
                0x9000051c                __floatundidf
                0x9000051c                __aeabi_ul2d
                0x9000052c                __floatdidf
                0x9000052c                __aeabi_l2d
 .text          0x90000588      0x424 c:/touchgfx/4.20.0/env/mingw/msys/1.0/gnu-arm-gcc/bin/../lib/gcc/arm-none-eabi/7.3.1/thumb/v7e-m/fpv4-sp/softfp\libgcc.a(_arm_muldivdf3.o)
                0x90000588                __aeabi_dmul
                0x90000588                __muldf3
                0x900007dc                __divdf3
                0x900007dc                __aeabi_ddiv
 .text          0x900009ac       0xa0 c:/touchgfx/4.20.0/env/mingw/msys/1.0/gnu-arm-gcc/bin/../lib/gcc/arm-none-eabi/7.3.1/thumb/v7e-m/fpv4-sp/softfp\libgcc.a(_arm_truncdfsf2.o)
                0x900009ac                __truncdfsf2
                0x900009ac                __aeabi_d2f
 .text          0x90000a4c       0x30 c:/touchgfx/4.20.0/env/mingw/msys/1.0/gnu-arm-gcc/bin/../lib/gcc/arm-none-eabi/7.3.1/thumb/v7e-m/fpv4-sp/softfp\libgcc.a(_aeabi_uldivmod.o)
                0x90000a4c                __aeabi_uldivmod
 .text          0x90000a7c      0x2cc c:/touchgfx/4.20.0/env/mingw/msys/1.0/gnu-arm-gcc/bin/../lib/gcc/arm-none-eabi/7.3.1/thumb/v7e-m/fpv4-sp/softfp\libgcc.a(_udivmoddi4.o)
                0x90000a7c                __udivmoddi4
 .text          0x90000d48        0x4 c:/touchgfx/4.20.0/env/mingw/msys/1.0/gnu-arm-gcc/bin/../lib/gcc/arm-none-eabi/7.3.1/thumb/v7e-m/fpv4-sp/softfp\libgcc.a(_dvmd_tls.o)
                0x90000d48                __aeabi_idiv0
                0x90000d48                __aeabi_ldiv0
 *fill*         0x90000d4c        0x4 
 .text          0x90000d50       0xa0 c:/touchgfx/4.20.0/env/mingw/msys/1.0/gnu-arm-gcc/bin/../lib/gcc/arm-none-eabi/7.3.1/../../../../arm-none-eabi/lib/thumb/v7e-m/fpv4-sp/softfp\libg_nano.a(lib_a-memchr.o)
                0x90000d50                memchr
 *(.text*)
 .text._ZN5ModelC2Ev
                0x90000df0        0x6 TouchGFX/build/STM32F7508-DK/TouchGFX/gui/src/model/Model.o
                0x90000df0                Model::Model()
                0x90000df0                Model::Model()
 .text._ZN5Model4tickEv
                0x90000df6        0x2 TouchGFX/build/STM32F7508-DK/TouchGFX/gui/src/model/Model.o
                0x90000df6                Model::tick()
 .text._ZN19TestScreenPresenterD2Ev
                0x90000df8        0x6 TouchGFX/build/STM32F7508-DK/TouchGFX/gui/src/testscreen_screen/TestScreenPresenter.o
                0x90000df8                TestScreenPresenter::~TestScreenPresenter()
                0x90000df8                TestScreenPresenter::~TestScreenPresenter()
                0x90000dfa                non-virtual thunk to TestScreenPresenter::~TestScreenPresenter()
 .text._ZN19TestScreenPresenter8activateEv
                0x90000dfe        0x2 TouchGFX/build/STM32F7508-DK/TouchGFX/gui/src/testscreen_screen/TestScreenPresenter.o
                0x90000dfe                TestScreenPresenter::deactivate()
                0x90000dfe                TestScreenPresenter::activate()
 .text._ZN19TestScreenPresenterD0Ev
                0x90000e00       0x14 TouchGFX/build/STM32F7508-DK/TouchGFX/gui/src/testscreen_screen/TestScreenPresenter.o
                0x90000e00                TestScreenPresenter::~TestScreenPresenter()
                0x90000e0e                non-virtual thunk to TestScreenPresenter::~TestScreenPresenter()
 .text._ZN19TestScreenPresenterC2ER14TestScreenView
                0x90000e14       0x1c TouchGFX/build/STM32F7508-DK/TouchGFX/gui/src/testscreen_screen/TestScreenPresenter.o
                0x90000e14                TestScreenPresenter::TestScreenPresenter(TestScreenView&)
                0x90000e14                TestScreenPresenter::TestScreenPresenter(TestScreenView&)
 .text._ZN8touchgfx6Screen15afterTransitionEv
                0x90000e30        0x2 TouchGFX/build/STM32F7508-DK/TouchGFX/gui/src/testscreen_screen/TestScreenView.o
                0x90000e30                touchgfx::Screen::afterTransition()
 .text._ZN8touchgfx6Screen15handleTickEventEv
                0x90000e32        0x2 TouchGFX/build/STM32F7508-DK/TouchGFX/gui/src/testscreen_screen/TestScreenView.o
                0x90000e32                touchgfx::Screen::handleTickEvent()
 .text._ZN8touchgfx6Screen14handleKeyEventEh
                0x90000e34        0x2 TouchGFX/build/STM32F7508-DK/TouchGFX/gui/src/testscreen_screen/TestScreenView.o
                0x90000e34                touchgfx::Screen::handleKeyEvent(unsigned char)
 .text._ZN14TestScreenViewD2Ev
                0x90000e36        0x2 TouchGFX/build/STM32F7508-DK/TouchGFX/gui/src/testscreen_screen/TestScreenView.o
                0x90000e36                TestScreenView::~TestScreenView()
                0x90000e36                TestScreenView::~TestScreenView()
 .text._ZN14TestScreenView14tearDownScreenEv
                0x90000e38        0x2 TouchGFX/build/STM32F7508-DK/TouchGFX/gui/src/testscreen_screen/TestScreenView.o
                0x90000e38                TestScreenView::tearDownScreen()
 .text._ZN14TestScreenView11setupScreenEv
                0x90000e3a        0x4 TouchGFX/build/STM32F7508-DK/TouchGFX/gui/src/testscreen_screen/TestScreenView.o
                0x90000e3a                TestScreenView::setupScreen()
 .text._ZN14TestScreenViewD0Ev
                0x90000e3e       0x10 TouchGFX/build/STM32F7508-DK/TouchGFX/gui/src/testscreen_screen/TestScreenView.o
                0x90000e3e                TestScreenView::~TestScreenView()
 *fill*         0x90000e4e        0x2 
 .text._ZN14TestScreenViewC2Ev
                0x90000e50       0x14 TouchGFX/build/STM32F7508-DK/TouchGFX/gui/src/testscreen_screen/TestScreenView.o
                0x90000e50                TestScreenView::TestScreenView()
                0x90000e50                TestScreenView::TestScreenView()
 .text._ZN8touchgfx11Application15appSwitchScreenEh
                0x90000e64        0x2 TouchGFX/build/STM32F7508-DK/TouchGFX/gui/src/common/FrontendApplication.o
                0x90000e64                touchgfx::Application::appSwitchScreen(unsigned char)
 .text._ZN8touchgfx11Application13requestRedrawERNS_4RectE
                0x90000e66        0xc TouchGFX/build/STM32F7508-DK/TouchGFX/gui/src/common/FrontendApplication.o
                0x90000e66                touchgfx::Application::requestRedraw(touchgfx::Rect&)
 .text._ZN19FrontendApplicationD2Ev
                0x90000e72        0x2 TouchGFX/build/STM32F7508-DK/TouchGFX/gui/src/common/FrontendApplication.o
                0x90000e72                FrontendApplication::~FrontendApplication()
                0x90000e72                FrontendApplication::~FrontendApplication()
 .text._ZN23FrontendApplicationBase19changeToStartScreenEv
                0x90000e74        0x4 TouchGFX/build/STM32F7508-DK/TouchGFX/gui/src/common/FrontendApplication.o
                0x90000e74                FrontendApplicationBase::changeToStartScreen()
 .text._ZN19FrontendApplicationD0Ev
                0x90000e78       0x10 TouchGFX/build/STM32F7508-DK/TouchGFX/gui/src/common/FrontendApplication.o
                0x90000e78                FrontendApplication::~FrontendApplication()
 .text._ZN19FrontendApplication15handleTickEventEv
                0x90000e88       0x16 TouchGFX/build/STM32F7508-DK/TouchGFX/gui/src/common/FrontendApplication.o
                0x90000e88                FrontendApplication::handleTickEvent()
 .text._ZN8touchgfx14MVPApplication29handlePendingScreenTransitionEv
                0x90000e9e       0x24 TouchGFX/build/STM32F7508-DK/TouchGFX/gui/src/common/FrontendApplication.o
                0x90000e9e                touchgfx::MVPApplication::handlePendingScreenTransition()
 *fill*         0x90000ec2        0x2 
 .text._ZN19FrontendApplicationC2ER5ModelR12FrontendHeap
                0x90000ec4       0x14 TouchGFX/build/STM32F7508-DK/TouchGFX/gui/src/common/FrontendApplication.o
                0x90000ec4                FrontendApplication::FrontendApplication(Model&, FrontendHeap&)
                0x90000ec4                FrontendApplication::FrontendApplication(Model&, FrontendHeap&)
 .text._ZNK8touchgfx8Drawable17invalidateContentEv
                0x90000ed8        0xe TouchGFX/build/STM32F7508-DK/TouchGFX/generated/gui_generated/src/testscreen_screen/TestScreenViewBase.o
                0x90000ed8                touchgfx::Drawable::invalidateContent() const
 .text._ZN8touchgfx8Drawable13getFirstChildEv
                0x90000ee6        0x4 TouchGFX/build/STM32F7508-DK/TouchGFX/generated/gui_generated/src/testscreen_screen/TestScreenViewBase.o
                0x90000ee6                touchgfx::Drawable::getFirstChild()
 .text._ZN8touchgfx8Drawable4setXEs
                0x90000eea        0x4 TouchGFX/build/STM32F7508-DK/TouchGFX/generated/gui_generated/src/testscreen_screen/TestScreenViewBase.o
                0x90000eea                touchgfx::Drawable::setX(short)
 .text._ZN8touchgfx8Drawable4setYEs
                0x90000eee        0x4 TouchGFX/build/STM32F7508-DK/TouchGFX/generated/gui_generated/src/testscreen_screen/TestScreenViewBase.o
                0x90000eee                touchgfx::Drawable::setY(short)
 .text._ZN8touchgfx8Drawable8setWidthEs
                0x90000ef2        0x4 TouchGFX/build/STM32F7508-DK/TouchGFX/generated/gui_generated/src/testscreen_screen/TestScreenViewBase.o
                0x90000ef2                touchgfx::Drawable::setWidth(short)
 .text._ZN8touchgfx8Drawable9setHeightEs
                0x90000ef6        0x4 TouchGFX/build/STM32F7508-DK/TouchGFX/generated/gui_generated/src/testscreen_screen/TestScreenViewBase.o
                0x90000ef6                touchgfx::Drawable::setHeight(short)
 .text._ZN8touchgfx8Drawable20childGeometryChangedEv
                0x90000efa        0x2 TouchGFX/build/STM32F7508-DK/TouchGFX/generated/gui_generated/src/testscreen_screen/TestScreenViewBase.o
                0x90000efa                touchgfx::Drawable::childGeometryChanged()
 .text._ZN8touchgfx8Drawable16handleClickEventERKNS_10ClickEventE
                0x90000efc        0x2 TouchGFX/build/STM32F7508-DK/TouchGFX/generated/gui_generated/src/testscreen_screen/TestScreenViewBase.o
                0x90000efc                touchgfx::Drawable::handleClickEvent(touchgfx::ClickEvent const&)
 .text._ZN8touchgfx8Drawable18handleGestureEventERKNS_12GestureEventE
                0x90000efe        0x2 TouchGFX/build/STM32F7508-DK/TouchGFX/generated/gui_generated/src/testscreen_screen/TestScreenViewBase.o
                0x90000efe                touchgfx::Drawable::handleGestureEvent(touchgfx::GestureEvent const&)
 .text._ZN8touchgfx8Drawable15handleDragEventERKNS_9DragEventE
                0x90000f00        0x2 TouchGFX/build/STM32F7508-DK/TouchGFX/generated/gui_generated/src/testscreen_screen/TestScreenViewBase.o
                0x90000f00                touchgfx::Drawable::handleDragEvent(touchgfx::DragEvent const&)
 .text._ZN8touchgfx8Drawable15handleTickEventEv
                0x90000f02        0x2 TouchGFX/build/STM32F7508-DK/TouchGFX/generated/gui_generated/src/testscreen_screen/TestScreenViewBase.o
                0x90000f02                touchgfx::Drawable::handleTickEvent()
 .text._ZN8touchgfx8Drawable6moveToEss
                0x90000f04       0x18 TouchGFX/build/STM32F7508-DK/TouchGFX/generated/gui_generated/src/testscreen_screen/TestScreenViewBase.o
                0x90000f04                touchgfx::Drawable::moveTo(short, short)
 .text._ZN8touchgfx8Drawable14setupDrawChainERKNS_4RectEPPS0_
                0x90000f1c       0x14 TouchGFX/build/STM32F7508-DK/TouchGFX/generated/gui_generated/src/testscreen_screen/TestScreenViewBase.o
                0x90000f1c                touchgfx::Drawable::setupDrawChain(touchgfx::Rect const&, touchgfx::Drawable**)
 .text._ZN8touchgfx6Screen11setupScreenEv
                0x90000f30        0x2 TouchGFX/build/STM32F7508-DK/TouchGFX/generated/gui_generated/src/testscreen_screen/TestScreenViewBase.o
                0x90000f30                touchgfx::Screen::setupScreen()
 .text._ZN8touchgfx6Screen14tearDownScreenEv
                0x90000f32        0x2 TouchGFX/build/STM32F7508-DK/TouchGFX/generated/gui_generated/src/testscreen_screen/TestScreenViewBase.o
                0x90000f32                touchgfx::Screen::tearDownScreen()
 .text._ZN8touchgfx6Widget12getLastChildEssPPNS_8DrawableE
                0x90000f34       0x10 TouchGFX/build/STM32F7508-DK/TouchGFX/generated/gui_generated/src/testscreen_screen/TestScreenViewBase.o
                0x90000f34                touchgfx::Widget::getLastChild(short, short, touchgfx::Drawable**)
 .text._ZN8touchgfx9TypedTextD2Ev
                0x90000f44        0x2 TouchGFX/build/STM32F7508-DK/TouchGFX/generated/gui_generated/src/testscreen_screen/TestScreenViewBase.o
                0x90000f44                touchgfx::TypedText::~TypedText()
                0x90000f44                touchgfx::TypedText::~TypedText()
 .text._ZN8touchgfx8TextArea8setWidthEs
                0x90000f46       0x24 TouchGFX/build/STM32F7508-DK/TouchGFX/generated/gui_generated/src/testscreen_screen/TestScreenViewBase.o
                0x90000f46                touchgfx::TextArea::setWidth(short)
 .text._ZN8touchgfx8TextArea9setHeightEs
                0x90000f6a       0x24 TouchGFX/build/STM32F7508-DK/TouchGFX/generated/gui_generated/src/testscreen_screen/TestScreenViewBase.o
                0x90000f6a                touchgfx::TextArea::setHeight(short)
 .text._ZNK8touchgfx8TextArea12getSolidRectEv
                0x90000f8e        0xc TouchGFX/build/STM32F7508-DK/TouchGFX/generated/gui_generated/src/testscreen_screen/TestScreenViewBase.o
                0x90000f8e                touchgfx::TextArea::getSolidRect() const
 .text._ZN8touchgfx8TextArea8setAlphaEh
                0x90000f9a        0x6 TouchGFX/build/STM32F7508-DK/TouchGFX/generated/gui_generated/src/testscreen_screen/TestScreenViewBase.o
                0x90000f9a                touchgfx::TextArea::setAlpha(unsigned char)
 .text._ZN8touchgfx8TextArea13setXBaselineYEss
                0x90000fa0       0x1a TouchGFX/build/STM32F7508-DK/TouchGFX/generated/gui_generated/src/testscreen_screen/TestScreenViewBase.o
                0x90000fa0                touchgfx::TextArea::setXBaselineY(short, short)
 .text._ZNK8touchgfx8TextArea12getWildcard2Ev
                0x90000fba        0x4 TouchGFX/build/STM32F7508-DK/TouchGFX/generated/gui_generated/src/testscreen_screen/TestScreenViewBase.o
                0x90000fba                touchgfx::TextArea::getWildcard2() const
 .text._ZNK8touchgfx23TextAreaWithOneWildcard12getWildcard1Ev
                0x90000fbe        0x4 TouchGFX/build/STM32F7508-DK/TouchGFX/generated/gui_generated/src/testscreen_screen/TestScreenViewBase.o
                0x90000fbe                touchgfx::TextAreaWithOneWildcard::getWildcard1() const
 .text._ZNK8touchgfx15AbstractPainter18getRenderingMethodEv
                0x90000fc2        0x4 TouchGFX/build/STM32F7508-DK/TouchGFX/generated/gui_generated/src/testscreen_screen/TestScreenViewBase.o
                0x90000fc2                touchgfx::AbstractPainter::getRenderingMethod() const
 .text._ZNK8touchgfx15AbstractPainter5setupERKNS_4RectE
                0x90000fc6        0xa TouchGFX/build/STM32F7508-DK/TouchGFX/generated/gui_generated/src/testscreen_screen/TestScreenViewBase.o
                0x90000fc6                touchgfx::AbstractPainter::setup(touchgfx::Rect const&) const
 .text._ZNK8touchgfx15AbstractPainter8tearDownEv
                0x90000fd0        0x2 TouchGFX/build/STM32F7508-DK/TouchGFX/generated/gui_generated/src/testscreen_screen/TestScreenViewBase.o
                0x90000fd0                touchgfx::AbstractPainter::tearDown() const
 .text._ZN8touchgfx12CanvasWidget8setAlphaEh
                0x90000fd2        0x6 TouchGFX/build/STM32F7508-DK/TouchGFX/generated/gui_generated/src/testscreen_screen/TestScreenViewBase.o
                0x90000fd2                touchgfx::CanvasWidget::setAlpha(unsigned char)
 .text._ZNK8touchgfx12CanvasWidget8getAlphaEv
                0x90000fd8        0x6 TouchGFX/build/STM32F7508-DK/TouchGFX/generated/gui_generated/src/testscreen_screen/TestScreenViewBase.o
                0x90000fd8                touchgfx::CanvasWidget::getAlpha() const
 .text._ZNK8touchgfx12CanvasWidget12getSolidRectEv
                0x90000fde        0xc TouchGFX/build/STM32F7508-DK/TouchGFX/generated/gui_generated/src/testscreen_screen/TestScreenViewBase.o
                0x90000fde                touchgfx::CanvasWidget::getSolidRect() const
 .text._ZN18TestScreenViewBaseD2Ev
                0x90000fea        0x2 TouchGFX/build/STM32F7508-DK/TouchGFX/generated/gui_generated/src/testscreen_screen/TestScreenViewBase.o
                0x90000fea                TestScreenViewBase::~TestScreenViewBase()
                0x90000fea                TestScreenViewBase::~TestScreenViewBase()
 .text._ZN18TestScreenViewBase11setupScreenEv
                0x90000fec        0x2 TouchGFX/build/STM32F7508-DK/TouchGFX/generated/gui_generated/src/testscreen_screen/TestScreenViewBase.o
                0x90000fec                TestScreenViewBase::setupScreen()
 .text._ZN8touchgfx5ShapeILt3EE9setCornerEiNS_7CWRUtil2Q5ES3_
                0x90000fee        0xe TouchGFX/build/STM32F7508-DK/TouchGFX/generated/gui_generated/src/testscreen_screen/TestScreenViewBase.o
                0x90000fee                touchgfx::Shape<(unsigned short)3>::setCorner(int, touchgfx::CWRUtil::Q5, touchgfx::CWRUtil::Q5)
 .text._ZNK8touchgfx5ShapeILt3EE10getCornerYEi
                0x90000ffc        0xe TouchGFX/build/STM32F7508-DK/TouchGFX/generated/gui_generated/src/testscreen_screen/TestScreenViewBase.o
                0x90000ffc                touchgfx::Shape<(unsigned short)3>::getCornerY(int) const
 .text._ZNK8touchgfx5ShapeILt3EE10getCornerXEi
                0x9000100a        0xe TouchGFX/build/STM32F7508-DK/TouchGFX/generated/gui_generated/src/testscreen_screen/TestScreenViewBase.o
                0x9000100a                touchgfx::Shape<(unsigned short)3>::getCornerX(int) const
 .text._ZN8touchgfx8CallbackI18TestScreenViewBaseRKNS_6SliderEivED2Ev
                0x90001018        0x2 TouchGFX/build/STM32F7508-DK/TouchGFX/generated/gui_generated/src/testscreen_screen/TestScreenViewBase.o
                0x90001018                touchgfx::Callback<TestScreenViewBase, touchgfx::Slider const&, int, void>::~Callback()
                0x90001018                touchgfx::Callback<TestScreenViewBase, touchgfx::Slider const&, int, void>::~Callback()
 .text._ZN8touchgfx5ShapeILt3EED2Ev
                0x9000101a        0x2 TouchGFX/build/STM32F7508-DK/TouchGFX/generated/gui_generated/src/testscreen_screen/TestScreenViewBase.o
                0x9000101a                touchgfx::Shape<(unsigned short)3>::~Shape()
                0x9000101a                touchgfx::Shape<(unsigned short)3>::~Shape()
 .text._ZN8touchgfx23TextAreaWithOneWildcardD2Ev
                0x9000101c        0x2 TouchGFX/build/STM32F7508-DK/TouchGFX/generated/gui_generated/src/testscreen_screen/TestScreenViewBase.o
                0x9000101c                touchgfx::TextAreaWithOneWildcard::~TextAreaWithOneWildcard()
                0x9000101c                touchgfx::TextAreaWithOneWildcard::~TextAreaWithOneWildcard()
 .text._ZN8touchgfx8CallbackI18TestScreenViewBaseRKNS_6SliderEivE7executeES4_i
                0x9000101e       0x1c TouchGFX/build/STM32F7508-DK/TouchGFX/generated/gui_generated/src/testscreen_screen/TestScreenViewBase.o
                0x9000101e                touchgfx::Callback<TestScreenViewBase, touchgfx::Slider const&, int, void>::execute(touchgfx::Slider const&, int)
 .text._ZNK8touchgfx8CallbackI18TestScreenViewBaseRKNS_6SliderEivE7isValidEv
                0x9000103a       0x18 TouchGFX/build/STM32F7508-DK/TouchGFX/generated/gui_generated/src/testscreen_screen/TestScreenViewBase.o
                0x9000103a                touchgfx::Callback<TestScreenViewBase, touchgfx::Slider const&, int, void>::isValid() const
 .text._ZNK8touchgfx5ShapeILt3EE12getNumPointsEv
                0x90001052        0x4 TouchGFX/build/STM32F7508-DK/TouchGFX/generated/gui_generated/src/testscreen_screen/TestScreenViewBase.o
                0x90001052                touchgfx::Shape<(unsigned short)3>::getNumPoints() const
 .text._ZN8touchgfx5ShapeILt3EE8setCacheEiNS_7CWRUtil2Q5ES3_
                0x90001056        0xe TouchGFX/build/STM32F7508-DK/TouchGFX/generated/gui_generated/src/testscreen_screen/TestScreenViewBase.o
                0x90001056                touchgfx::Shape<(unsigned short)3>::setCache(int, touchgfx::CWRUtil::Q5, touchgfx::CWRUtil::Q5)
 .text._ZNK8touchgfx5ShapeILt3EE9getCacheXEi
                0x90001064        0xe TouchGFX/build/STM32F7508-DK/TouchGFX/generated/gui_generated/src/testscreen_screen/TestScreenViewBase.o
                0x90001064                touchgfx::Shape<(unsigned short)3>::getCacheX(int) const
 .text._ZNK8touchgfx5ShapeILt3EE9getCacheYEi
                0x90001072        0xe TouchGFX/build/STM32F7508-DK/TouchGFX/generated/gui_generated/src/testscreen_screen/TestScreenViewBase.o
                0x90001072                touchgfx::Shape<(unsigned short)3>::getCacheY(int) const
 .text._ZN8touchgfx9TypedTextD0Ev
                0x90001080        0xe TouchGFX/build/STM32F7508-DK/TouchGFX/generated/gui_generated/src/testscreen_screen/TestScreenViewBase.o
                0x90001080                touchgfx::TypedText::~TypedText()
 .text._ZN8touchgfx23TextAreaWithOneWildcardD0Ev
                0x9000108e        0xe TouchGFX/build/STM32F7508-DK/TouchGFX/generated/gui_generated/src/testscreen_screen/TestScreenViewBase.o
                0x9000108e                touchgfx::TextAreaWithOneWildcard::~TextAreaWithOneWildcard()
 .text._ZN8touchgfx5ShapeILt3EED0Ev
                0x9000109c        0xe TouchGFX/build/STM32F7508-DK/TouchGFX/generated/gui_generated/src/testscreen_screen/TestScreenViewBase.o
                0x9000109c                touchgfx::Shape<(unsigned short)3>::~Shape()
 .text._ZN8touchgfx8CallbackI18TestScreenViewBaseRKNS_6SliderEivED0Ev
                0x900010aa        0xe TouchGFX/build/STM32F7508-DK/TouchGFX/generated/gui_generated/src/testscreen_screen/TestScreenViewBase.o
                0x900010aa                touchgfx::Callback<TestScreenViewBase, touchgfx::Slider const&, int, void>::~Callback()
 .text._ZN18TestScreenViewBaseD0Ev
                0x900010b8       0x10 TouchGFX/build/STM32F7508-DK/TouchGFX/generated/gui_generated/src/testscreen_screen/TestScreenViewBase.o
                0x900010b8                TestScreenViewBase::~TestScreenViewBase()
 .text._ZN8touchgfx8TextArea12setBaselineYEs
                0x900010c8       0x6c TouchGFX/build/STM32F7508-DK/TouchGFX/generated/gui_generated/src/testscreen_screen/TestScreenViewBase.o
                0x900010c8                touchgfx::TextArea::setBaselineY(short)
 .text._ZN18TestScreenViewBase33sliderValueChangedCallbackHandlerERKN8touchgfx6SliderEi
                0x90001134      0x2f0 TouchGFX/build/STM32F7508-DK/TouchGFX/generated/gui_generated/src/testscreen_screen/TestScreenViewBase.o
                0x90001134                TestScreenViewBase::sliderValueChangedCallbackHandler(touchgfx::Slider const&, int)
 .text._ZNK8touchgfx24TextAreaWithWildcardBase21calculateBoundingAreaEv
                0x90001424        0xe TouchGFX/build/STM32F7508-DK/TouchGFX/generated/gui_generated/src/testscreen_screen/TestScreenViewBase.o
                0x90001424                touchgfx::TextAreaWithWildcardBase::calculateBoundingArea() const
 .text._ZN8touchgfx8Drawable5setXYEss
                0x90001432       0x1a TouchGFX/build/STM32F7508-DK/TouchGFX/generated/gui_generated/src/testscreen_screen/TestScreenViewBase.o
                0x90001432                touchgfx::Drawable::setXY(short, short)
 .text._ZN8touchgfx8Drawable11setPositionEssss
                0x9000144c       0x26 TouchGFX/build/STM32F7508-DK/TouchGFX/generated/gui_generated/src/testscreen_screen/TestScreenViewBase.o
                0x9000144c                touchgfx::Drawable::setPosition(short, short, short, short)
 *fill*         0x90001472        0x2 
 .text._ZN8touchgfx3BoxC2Ev
                0x90001474       0x38 TouchGFX/build/STM32F7508-DK/TouchGFX/generated/gui_generated/src/testscreen_screen/TestScreenViewBase.o
                0x90001474                touchgfx::Box::Box()
                0x90001474                touchgfx::Box::Box()
 .text._ZN8touchgfx8TextAreaC2Ev
                0x900014ac       0x60 TouchGFX/build/STM32F7508-DK/TouchGFX/generated/gui_generated/src/testscreen_screen/TestScreenViewBase.o
                0x900014ac                touchgfx::TextArea::TextArea()
                0x900014ac                touchgfx::TextArea::TextArea()
 .text._ZN8touchgfx21AbstractPainterRGB565C2Ev
                0x9000150c       0x60 TouchGFX/build/STM32F7508-DK/TouchGFX/generated/gui_generated/src/testscreen_screen/TestScreenViewBase.o
                0x9000150c                touchgfx::AbstractPainterRGB565::AbstractPainterRGB565()
                0x9000150c                touchgfx::AbstractPainterRGB565::AbstractPainterRGB565()
 .text._ZN8touchgfx5ShapeILt3EEC2Ev
                0x9000156c       0x30 TouchGFX/build/STM32F7508-DK/TouchGFX/generated/gui_generated/src/testscreen_screen/TestScreenViewBase.o
                0x9000156c                touchgfx::Shape<(unsigned short)3>::Shape()
                0x9000156c                touchgfx::Shape<(unsigned short)3>::Shape()
 .text._ZN8touchgfx13AbstractShape8setShapeIfEEvPKNS0_10ShapePointIT_EE
                0x9000159c       0x52 TouchGFX/build/STM32F7508-DK/TouchGFX/generated/gui_generated/src/testscreen_screen/TestScreenViewBase.o
                0x9000159c                void touchgfx::AbstractShape::setShape<float>(touchgfx::AbstractShape::ShapePoint<float> const*)
 *fill*         0x900015ee        0x2 
 .text._ZN18TestScreenViewBaseC2Ev
                0x900015f0      0x53c TouchGFX/build/STM32F7508-DK/TouchGFX/generated/gui_generated/src/testscreen_screen/TestScreenViewBase.o
                0x900015f0                TestScreenViewBase::TestScreenViewBase()
                0x900015f0                TestScreenViewBase::TestScreenViewBase()
 .text._ZN8touchgfx11Application19changeToStartScreenEv
                0x90001b2c        0x2 TouchGFX/build/STM32F7508-DK/TouchGFX/generated/gui_generated/src/common/FrontendApplicationBase.o
                0x90001b2c                touchgfx::Application::changeToStartScreen()
 .text._ZN8touchgfx10Transition8tearDownEv
                0x90001b2e        0x2 TouchGFX/build/STM32F7508-DK/TouchGFX/generated/gui_generated/src/common/FrontendApplicationBase.o
                0x90001b2e                touchgfx::Transition::tearDown()
 .text._ZN8touchgfx10Transition4initEv
                0x90001b30        0x2 TouchGFX/build/STM32F7508-DK/TouchGFX/generated/gui_generated/src/common/FrontendApplicationBase.o
                0x90001b30                touchgfx::Transition::init()
 .text._ZN8touchgfx10Transition18setScreenContainerERNS_9ContainerE
                0x90001b32        0x4 TouchGFX/build/STM32F7508-DK/TouchGFX/generated/gui_generated/src/common/FrontendApplicationBase.o
                0x90001b32                touchgfx::Transition::setScreenContainer(touchgfx::Container&)
 .text._ZN23FrontendApplicationBaseD2Ev
                0x90001b36        0x2 TouchGFX/build/STM32F7508-DK/TouchGFX/generated/gui_generated/src/common/FrontendApplicationBase.o
                0x90001b36                FrontendApplicationBase::~FrontendApplicationBase()
                0x90001b36                FrontendApplicationBase::~FrontendApplicationBase()
 .text._ZN8touchgfx12NoTransition15handleTickEventEv
                0x90001b38        0x6 TouchGFX/build/STM32F7508-DK/TouchGFX/generated/gui_generated/src/common/FrontendApplicationBase.o
                0x90001b38                touchgfx::NoTransition::handleTickEvent()
 .text._ZN8touchgfx12NoTransitionD2Ev
                0x90001b3e        0x2 TouchGFX/build/STM32F7508-DK/TouchGFX/generated/gui_generated/src/common/FrontendApplicationBase.o
                0x90001b3e                touchgfx::NoTransition::~NoTransition()
                0x90001b3e                touchgfx::NoTransition::~NoTransition()
 .text._ZN8touchgfx8CallbackI23FrontendApplicationBasevvvED2Ev
                0x90001b40        0x2 TouchGFX/build/STM32F7508-DK/TouchGFX/generated/gui_generated/src/common/FrontendApplicationBase.o
                0x90001b40                touchgfx::Callback<FrontendApplicationBase, void, void, void>::~Callback()
                0x90001b40                touchgfx::Callback<FrontendApplicationBase, void, void, void>::~Callback()
 .text._ZN8touchgfx8CallbackI23FrontendApplicationBasevvvE7executeEv
                0x90001b42       0x20 TouchGFX/build/STM32F7508-DK/TouchGFX/generated/gui_generated/src/common/FrontendApplicationBase.o
                0x90001b42                touchgfx::Callback<FrontendApplicationBase, void, void, void>::execute()
 .text._ZNK8touchgfx8CallbackI23FrontendApplicationBasevvvE7isValidEv
                0x90001b62       0x18 TouchGFX/build/STM32F7508-DK/TouchGFX/generated/gui_generated/src/common/FrontendApplicationBase.o
                0x90001b62                touchgfx::Callback<FrontendApplicationBase, void, void, void>::isValid() const
 .text._ZN8touchgfx12NoTransitionD0Ev
                0x90001b7a        0xe TouchGFX/build/STM32F7508-DK/TouchGFX/generated/gui_generated/src/common/FrontendApplicationBase.o
                0x90001b7a                touchgfx::NoTransition::~NoTransition()
 .text._ZN23FrontendApplicationBaseD0Ev
                0x90001b88       0x10 TouchGFX/build/STM32F7508-DK/TouchGFX/generated/gui_generated/src/common/FrontendApplicationBase.o
                0x90001b88                FrontendApplicationBase::~FrontendApplicationBase()
 .text._ZN8touchgfx8CallbackI23FrontendApplicationBasevvvED0Ev
                0x90001b98        0xe TouchGFX/build/STM32F7508-DK/TouchGFX/generated/gui_generated/src/common/FrontendApplicationBase.o
                0x90001b98                touchgfx::Callback<FrontendApplicationBase, void, void, void>::~Callback()
 .text._ZN8touchgfx10Transition10invalidateEv
                0x90001ba6        0xe TouchGFX/build/STM32F7508-DK/TouchGFX/generated/gui_generated/src/common/FrontendApplicationBase.o
                0x90001ba6                touchgfx::Transition::invalidate()
 .text._ZN23FrontendApplicationBaseC2ER5ModelR12FrontendHeap
                0x90001bb4       0x70 TouchGFX/build/STM32F7508-DK/TouchGFX/generated/gui_generated/src/common/FrontendApplicationBase.o
                0x90001bb4                FrontendApplicationBase::FrontendApplicationBase(Model&, FrontendHeap&)
                0x90001bb4                FrontendApplicationBase::FrontendApplicationBase(Model&, FrontendHeap&)
 .text._ZN23FrontendApplicationBase32gotoTestScreenScreenNoTransitionEv
                0x90001c24       0x20 TouchGFX/build/STM32F7508-DK/TouchGFX/generated/gui_generated/src/common/FrontendApplicationBase.o
                0x90001c24                FrontendApplicationBase::gotoTestScreenScreenNoTransition()
 .text._ZN8touchgfx14makeTransitionI14TestScreenView19TestScreenPresenterNS_12NoTransitionE5ModelEEPT0_PPNS_6ScreenEPPNS_9PresenterERNS_7MVPHeapEPPNS_10TransitionEPT2_
                0x90001c44      0x140 TouchGFX/build/STM32F7508-DK/TouchGFX/generated/gui_generated/src/common/FrontendApplicationBase.o
                0x90001c44                TestScreenPresenter* touchgfx::makeTransition<TestScreenView, TestScreenPresenter, touchgfx::NoTransition, Model>(touchgfx::Screen**, touchgfx::Presenter**, touchgfx::MVPHeap&, touchgfx::Transition**, Model*)
 .text._ZN23FrontendApplicationBase36gotoTestScreenScreenNoTransitionImplEv
                0x90001d84       0x28 TouchGFX/build/STM32F7508-DK/TouchGFX/generated/gui_generated/src/common/FrontendApplicationBase.o
                0x90001d84                FrontendApplicationBase::gotoTestScreenScreenNoTransitionImpl()
 .text._ZNK8touchgfx4Font8getGlyphEt
                0x90001dac       0x1e TouchGFX/build/STM32F7508-DK/TouchGFX/generated/fonts/src/GeneratedFont.o
                0x90001dac                touchgfx::Font::getGlyph(unsigned short) const
 .text._ZNK8touchgfx4Font15getFallbackCharEv
                0x90001dca        0x4 TouchGFX/build/STM32F7508-DK/TouchGFX/generated/fonts/src/GeneratedFont.o
                0x90001dca                touchgfx::Font::getFallbackChar() const
 .text._ZNK8touchgfx4Font15getEllipsisCharEv
                0x90001dce        0x4 TouchGFX/build/STM32F7508-DK/TouchGFX/generated/fonts/src/GeneratedFont.o
                0x90001dce                touchgfx::Font::getEllipsisChar() const
 .text._ZNK8touchgfx4Font13getFontHeightEv
                0x90001dd2        0x4 TouchGFX/build/STM32F7508-DK/TouchGFX/generated/fonts/src/GeneratedFont.o
                0x90001dd2                touchgfx::Font::getFontHeight() const
 .text._ZNK8touchgfx4Font20getMinimumTextHeightEv
                0x90001dd6        0xa TouchGFX/build/STM32F7508-DK/TouchGFX/generated/fonts/src/GeneratedFont.o
                0x90001dd6                touchgfx::Font::getMinimumTextHeight() const
 .text._ZNK8touchgfx4Font15getBitsPerPixelEv
                0x90001de0        0x8 TouchGFX/build/STM32F7508-DK/TouchGFX/generated/fonts/src/GeneratedFont.o
                0x90001de0                touchgfx::Font::getBitsPerPixel() const
 .text._ZNK8touchgfx4Font15getByteAlignRowEv
                0x90001de8        0x6 TouchGFX/build/STM32F7508-DK/TouchGFX/generated/fonts/src/GeneratedFont.o
                0x90001de8                touchgfx::Font::getByteAlignRow() const
 .text._ZNK8touchgfx13GeneratedFont12getGSUBTableEv
                0x90001dee        0x4 TouchGFX/build/STM32F7508-DK/TouchGFX/generated/fonts/src/GeneratedFont.o
                0x90001dee                touchgfx::GeneratedFont::getGSUBTable() const
 .text._ZNK8touchgfx13GeneratedFont23getContextualFormsTableEv
                0x90001df2        0x4 TouchGFX/build/STM32F7508-DK/TouchGFX/generated/fonts/src/GeneratedFont.o
                0x90001df2                touchgfx::GeneratedFont::getContextualFormsTable() const
 .text._ZN8touchgfx13GeneratedFontD2Ev
                0x90001df6        0x2 TouchGFX/build/STM32F7508-DK/TouchGFX/generated/fonts/src/GeneratedFont.o
                0x90001df6                touchgfx::GeneratedFont::~GeneratedFont()
                0x90001df6                touchgfx::GeneratedFont::~GeneratedFont()
 .text._ZNK8touchgfx13GeneratedFont12getPixelDataEPKNS_9GlyphNodeE
                0x90001df8       0x10 TouchGFX/build/STM32F7508-DK/TouchGFX/generated/fonts/src/GeneratedFont.o
                0x90001df8                touchgfx::GeneratedFont::getPixelData(touchgfx::GlyphNode const*) const
 .text._ZNK8touchgfx13GeneratedFont10getKerningEtPKNS_9GlyphNodeE
                0x90001e08       0x3a TouchGFX/build/STM32F7508-DK/TouchGFX/generated/fonts/src/GeneratedFont.o
                0x90001e08                touchgfx::GeneratedFont::getKerning(unsigned short, touchgfx::GlyphNode const*) const
 .text._ZN8touchgfx13GeneratedFontD0Ev
                0x90001e42        0xe TouchGFX/build/STM32F7508-DK/TouchGFX/generated/fonts/src/GeneratedFont.o
                0x90001e42                touchgfx::GeneratedFont::~GeneratedFont()
 .text._ZN8touchgfx13GeneratedFontC2EPKNS_9GlyphNodeEtthhhhhPKPKhPKNS_11KerningNodeEttPKtPKNS_24FontContextualFormsTableE
                0x90001e50       0x54 TouchGFX/build/STM32F7508-DK/TouchGFX/generated/fonts/src/GeneratedFont.o
                0x90001e50                touchgfx::GeneratedFont::GeneratedFont(touchgfx::GlyphNode const*, unsigned short, unsigned short, unsigned char, unsigned char, unsigned char, unsigned char, unsigned char, unsigned char const* const*, touchgfx::KerningNode const*, unsigned short, unsigned short, unsigned short const*, touchgfx::FontContextualFormsTable const*)
                0x90001e50                touchgfx::GeneratedFont::GeneratedFont(touchgfx::GlyphNode const*, unsigned short, unsigned short, unsigned char, unsigned char, unsigned char, unsigned char, unsigned char, unsigned char const* const*, touchgfx::KerningNode const*, unsigned short, unsigned short, unsigned short const*, touchgfx::FontContextualFormsTable const*)
 .text._Z23getFont_verdana_10_4bppv
                0x90001ea4       0x7c TouchGFX/build/STM32F7508-DK/TouchGFX/generated/fonts/src/Table_verdana_10_4bpp.o
                0x90001ea4                getFont_verdana_10_4bpp()
 .text._Z23getFont_verdana_40_4bppv
                0x90001f20       0x78 TouchGFX/build/STM32F7508-DK/TouchGFX/generated/fonts/src/Table_verdana_40_4bpp.o
                0x90001f20                getFont_verdana_40_4bpp()
 .text._Z23getFont_verdana_20_4bppv
                0x90001f98       0x78 TouchGFX/build/STM32F7508-DK/TouchGFX/generated/fonts/src/Table_verdana_20_4bpp.o
                0x90001f98                getFont_verdana_20_4bpp()
 .text._ZN23ApplicationFontProviderD2Ev
                0x90002010        0x2 TouchGFX/build/STM32F7508-DK/TouchGFX/generated/fonts/src/ApplicationFontProvider.o
                0x90002010                ApplicationFontProvider::~ApplicationFontProvider()
                0x90002010                ApplicationFontProvider::~ApplicationFontProvider()
 .text._ZN23ApplicationFontProviderD0Ev
                0x90002012        0xe TouchGFX/build/STM32F7508-DK/TouchGFX/generated/fonts/src/ApplicationFontProvider.o
                0x90002012                ApplicationFontProvider::~ApplicationFontProvider()
 .text._ZN23ApplicationFontProvider7getFontEt
                0x90002020       0x28 TouchGFX/build/STM32F7508-DK/TouchGFX/generated/fonts/src/ApplicationFontProvider.o
                0x90002020                ApplicationFontProvider::getFont(unsigned short)
 .text._ZN14BitmapDatabase11getInstanceEv
                0x90002048        0x8 TouchGFX/build/STM32F7508-DK/TouchGFX/generated/images/src/BitmapDatabase.o
                0x90002048                BitmapDatabase::getInstance()
 .text._ZN14BitmapDatabase15getInstanceSizeEv
                0x90002050        0x4 TouchGFX/build/STM32F7508-DK/TouchGFX/generated/images/src/BitmapDatabase.o
                0x90002050                BitmapDatabase::getInstanceSize()
 .text._ZN17TypedTextDatabase15getInstanceSizeEv
                0x90002054        0x4 TouchGFX/build/STM32F7508-DK/TouchGFX/generated/texts/src/TypedTextDatabase.o
                0x90002054                TypedTextDatabase::getInstanceSize()
 .text._ZN17TypedTextDatabase8getFontsEv
                0x90002058        0x8 TouchGFX/build/STM32F7508-DK/TouchGFX/generated/texts/src/TypedTextDatabase.o
                0x90002058                TypedTextDatabase::getFonts()
 .text.startup._GLOBAL__sub_I_touchgfx_fonts
                0x90002060       0x1c TouchGFX/build/STM32F7508-DK/TouchGFX/generated/texts/src/TypedTextDatabase.o
 .text._ZNK8touchgfx4Font12getGSUBTableEv
                0x9000207c        0x4 TouchGFX/build/STM32F7508-DK/TouchGFX/generated/texts/src/Texts.o
                0x9000207c                touchgfx::Font::getGSUBTable() const
 .text._ZNK8touchgfx4Font23getContextualFormsTableEv
                0x90002080        0x4 TouchGFX/build/STM32F7508-DK/TouchGFX/generated/texts/src/Texts.o
                0x90002080                touchgfx::Font::getContextualFormsTable() const
 .text._ZNK8touchgfx4Font14getStringWidthEPKtz
                0x90002084       0x1c TouchGFX/build/STM32F7508-DK/TouchGFX/generated/texts/src/Texts.o
                0x90002084                touchgfx::Font::getStringWidth(unsigned short const*, ...) const
 .text._ZNK8touchgfx4Font14getStringWidthEhPKtz
                0x900020a0       0x1a TouchGFX/build/STM32F7508-DK/TouchGFX/generated/texts/src/Texts.o
                0x900020a0                touchgfx::Font::getStringWidth(unsigned char, unsigned short const*, ...) const
 *fill*         0x900020ba        0x2 
 .text._ZN8touchgfx12TextProvider15getNextLigatureEh
                0x900020bc       0x84 TouchGFX/build/STM32F7508-DK/TouchGFX/generated/texts/src/Texts.o
                0x900020bc                touchgfx::TextProvider::getNextLigature(unsigned char)
 .text._ZN8touchgfx12TextProvider18initializeInternalEv
                0x90002140        0x4 TouchGFX/build/STM32F7508-DK/TouchGFX/generated/texts/src/Texts.o
                0x90002140                touchgfx::TextProvider::initializeInternal()
 .text._ZN8touchgfx3LCD10drawStringENS_4RectERKS1_RKNS0_13StringVisualsEPKtz
                0x90002144       0x22 TouchGFX/build/STM32F7508-DK/TouchGFX/generated/texts/src/Texts.o
                0x90002144                touchgfx::LCD::drawString(touchgfx::Rect, touchgfx::Rect const&, touchgfx::LCD::StringVisuals const&, unsigned short const*, ...)
 *fill*         0x90002166        0x2 
 .text._ZN8touchgfx5Texts11setLanguageEt
                0x90002168       0x74 TouchGFX/build/STM32F7508-DK/TouchGFX/generated/texts/src/Texts.o
                0x90002168                touchgfx::Texts::setLanguage(unsigned short)
 .text._ZNK8touchgfx5Texts7getTextEt
                0x900021dc       0x1c TouchGFX/build/STM32F7508-DK/TouchGFX/generated/texts/src/Texts.o
                0x900021dc                touchgfx::Texts::getText(unsigned short) const
 .text._ZN8touchgfx3HAL21setDisplayOrientationENS_18DisplayOrientationE
                0x900021f8        0xc TouchGFX/build/STM32F7508-DK/TouchGFX/target/generated/TouchGFXGeneratedHAL.o
                0x900021f8                touchgfx::HAL::setDisplayOrientation(touchgfx::DisplayOrientation)
 .text._ZN8touchgfx3HAL9sampleKeyERh
                0x90002204        0x4 TouchGFX/build/STM32F7508-DK/TouchGFX/target/generated/TouchGFXGeneratedHAL.o
                0x90002204                touchgfx::HAL::sampleKey(unsigned char&)
 .text._ZN8touchgfx3HAL19setAnimationStorageEPv
                0x90002208       0x14 TouchGFX/build/STM32F7508-DK/TouchGFX/target/generated/TouchGFXGeneratedHAL.o
                0x90002208                touchgfx::HAL::setAnimationStorage(void*)
 .text._ZNK8touchgfx3HAL18getFlashDataReaderEv
                0x9000221c        0x4 TouchGFX/build/STM32F7508-DK/TouchGFX/target/generated/TouchGFXGeneratedHAL.o
                0x9000221c                touchgfx::HAL::getFlashDataReader() const
 .text._ZN8touchgfx3HAL9taskDelayEt
                0x90002220        0xa TouchGFX/build/STM32F7508-DK/TouchGFX/target/generated/TouchGFXGeneratedHAL.o
                0x90002220                touchgfx::HAL::taskDelay(unsigned short)
 .text._ZN8touchgfx3HAL17getTFTCurrentLineEv
                0x9000222a        0x6 TouchGFX/build/STM32F7508-DK/TouchGFX/target/generated/TouchGFXGeneratedHAL.o
                0x9000222a                touchgfx::HAL::getTFTCurrentLine()
 .text._ZN8touchgfx3HAL10getDMATypeEv
                0x90002230        0x8 TouchGFX/build/STM32F7508-DK/TouchGFX/target/generated/TouchGFXGeneratedHAL.o
                0x90002230                touchgfx::HAL::getDMAType()
 .text.SCB_CleanInvalidateDCache
                0x90002238       0x54 TouchGFX/build/STM32F7508-DK/TouchGFX/target/generated/TouchGFXGeneratedHAL.o
 .text._ZN20TouchGFXGeneratedHAL19configureInterruptsEv
                0x9000228c       0x14 TouchGFX/build/STM32F7508-DK/TouchGFX/target/generated/TouchGFXGeneratedHAL.o
                0x9000228c                TouchGFXGeneratedHAL::configureInterrupts()
 .text._ZN20TouchGFXGeneratedHAL28enableLCDControllerInterruptEv
                0x900022a0       0x34 TouchGFX/build/STM32F7508-DK/TouchGFX/target/generated/TouchGFXGeneratedHAL.o
                0x900022a0                TouchGFXGeneratedHAL::enableLCDControllerInterrupt()
 .text._ZNK20TouchGFXGeneratedHAL17getTFTFrameBufferEv
                0x900022d4        0xc TouchGFX/build/STM32F7508-DK/TouchGFX/target/generated/TouchGFXGeneratedHAL.o
                0x900022d4                TouchGFXGeneratedHAL::getTFTFrameBuffer() const
 .text._ZN20TouchGFXGeneratedHAL17setTFTFrameBufferEPt
                0x900022e0       0x10 TouchGFX/build/STM32F7508-DK/TouchGFX/target/generated/TouchGFXGeneratedHAL.o
                0x900022e0                TouchGFXGeneratedHAL::setTFTFrameBuffer(unsigned short*)
 .text._ZN20TouchGFXGeneratedHAL15InvalidateCacheEv
                0x900022f0       0x14 TouchGFX/build/STM32F7508-DK/TouchGFX/target/generated/TouchGFXGeneratedHAL.o
                0x900022f0                TouchGFXGeneratedHAL::InvalidateCache()
                0x900022f0                TouchGFXGeneratedHAL::FlushCache()
 .text._ZN20TouchGFXGeneratedHAL10initializeEv
                0x90002304       0x34 TouchGFX/build/STM32F7508-DK/TouchGFX/target/generated/TouchGFXGeneratedHAL.o
                0x90002304                TouchGFXGeneratedHAL::initialize()
 .text._ZN8touchgfx3HAL28setFrameBufferStartAddressesEPvS1_S1_
                0x90002338       0x40 TouchGFX/build/STM32F7508-DK/TouchGFX/target/generated/TouchGFXGeneratedHAL.o
                0x90002338                touchgfx::HAL::setFrameBufferStartAddresses(void*, void*, void*)
 .text._ZN8touchgfx3HAL18setFrameBufferSizeEtt
                0x90002378       0x44 TouchGFX/build/STM32F7508-DK/TouchGFX/target/generated/TouchGFXGeneratedHAL.o
                0x90002378                touchgfx::HAL::setFrameBufferSize(unsigned short, unsigned short)
 .text._ZN20TouchGFXGeneratedHAL10beginFrameEv
                0x900023bc        0x4 TouchGFX/build/STM32F7508-DK/TouchGFX/target/generated/TouchGFXGeneratedHAL.o
                0x900023bc                TouchGFXGeneratedHAL::beginFrame()
 .text._ZN20TouchGFXGeneratedHAL8endFrameEv
                0x900023c0       0x14 TouchGFX/build/STM32F7508-DK/TouchGFX/target/generated/TouchGFXGeneratedHAL.o
                0x900023c0                TouchGFXGeneratedHAL::endFrame()
 .text._ZN20TouchGFXGeneratedHAL16flushFrameBufferERKN8touchgfx4RectE
                0x900023d4       0x1c TouchGFX/build/STM32F7508-DK/TouchGFX/target/generated/TouchGFXGeneratedHAL.o
                0x900023d4                TouchGFXGeneratedHAL::flushFrameBuffer(touchgfx::Rect const&)
 .text._ZN20TouchGFXGeneratedHAL9blockCopyEPvPKvm
                0x900023f0        0x4 TouchGFX/build/STM32F7508-DK/TouchGFX/target/generated/TouchGFXGeneratedHAL.o
                0x900023f0                TouchGFXGeneratedHAL::blockCopy(void*, void const*, unsigned long)
 .text._ZN8touchgfx3HAL15backPorchExitedEv
                0x900023f4       0x16 TouchGFX/build/STM32F7508-DK/TouchGFX/target/generated/TouchGFXGeneratedHAL.o
                0x900023f4                touchgfx::HAL::backPorchExited()
 .text._ZN8touchgfx3HAL11getBlitCapsEv
                0x9000240a       0x12 TouchGFX/build/STM32F7508-DK/TouchGFX/target/generated/TouchGFXGeneratedHAL.o
                0x9000240a                touchgfx::HAL::getBlitCaps()
 .text._ZN8touchgfx3HAL31performDisplayOrientationChangeEv
                0x9000241c       0x48 TouchGFX/build/STM32F7508-DK/TouchGFX/target/generated/TouchGFXGeneratedHAL.o
                0x9000241c                touchgfx::HAL::performDisplayOrientationChange()
 .text._ZN20TouchGFXGeneratedHAL16enableInterruptsEv
                0x90002464       0x14 TouchGFX/build/STM32F7508-DK/TouchGFX/target/generated/TouchGFXGeneratedHAL.o
                0x90002464                TouchGFXGeneratedHAL::enableInterrupts()
 .text._ZN20TouchGFXGeneratedHAL17disableInterruptsEv
                0x90002478       0x28 TouchGFX/build/STM32F7508-DK/TouchGFX/target/generated/TouchGFXGeneratedHAL.o
                0x90002478                TouchGFXGeneratedHAL::disableInterrupts()
 .text.HAL_LTDC_LineEventCallback
                0x900024a0       0x64 TouchGFX/build/STM32F7508-DK/TouchGFX/target/generated/TouchGFXGeneratedHAL.o
                0x900024a0                HAL_LTDC_LineEventCallback
 .text._ZN8touchgfx13DMA_Interface5flushEv
                0x90002504        0x6 TouchGFX/build/STM32F7508-DK/TouchGFX/target/generated/STM32DMA.o
                0x90002504                touchgfx::DMA_Interface::flush()
 .text._ZN8STM32DMA10getDMATypeEv
                0x9000250a        0x4 TouchGFX/build/STM32F7508-DK/TouchGFX/target/generated/STM32DMA.o
                0x9000250a                STM32DMA::getDMAType()
 .text._ZN8STM32DMA18signalDMAInterruptEv
                0x9000250e        0x6 TouchGFX/build/STM32F7508-DK/TouchGFX/target/generated/STM32DMA.o
                0x9000250e                STM32DMA::signalDMAInterrupt()
 .text._ZN8STM32DMA10initializeEv
                0x90002514       0x48 TouchGFX/build/STM32F7508-DK/TouchGFX/target/generated/STM32DMA.o
                0x90002514                STM32DMA::initialize()
 .text._ZN8STM32DMA11getBlitCapsEv
                0x9000255c        0x6 TouchGFX/build/STM32F7508-DK/TouchGFX/target/generated/STM32DMA.o
                0x9000255c                STM32DMA::getBlitCaps()
 *fill*         0x90002562        0x2 
 .text.DMA2D_XferCpltCallback
                0x90002564       0x10 TouchGFX/build/STM32F7508-DK/TouchGFX/target/generated/STM32DMA.o
 .text._ZN8STM32DMA22getChromARTInputFormatEN8touchgfx6Bitmap12BitmapFormatE.isra.1
                0x90002574       0x40 TouchGFX/build/STM32F7508-DK/TouchGFX/target/generated/STM32DMA.o
 .text._ZN8STM32DMA23getChromARTOutputFormatEN8touchgfx6Bitmap12BitmapFormatE.isra.3
                0x900025b4       0x3c TouchGFX/build/STM32F7508-DK/TouchGFX/target/generated/STM32DMA.o
 .text._ZN8STM32DMA13setupDataCopyERKN8touchgfx6BlitOpE
                0x900025f0      0x168 TouchGFX/build/STM32F7508-DK/TouchGFX/target/generated/STM32DMA.o
                0x900025f0                STM32DMA::setupDataCopy(touchgfx::BlitOp const&)
 .text._ZN8STM32DMA13setupDataFillERKN8touchgfx6BlitOpE
                0x90002758       0x8c TouchGFX/build/STM32F7508-DK/TouchGFX/target/generated/STM32DMA.o
                0x90002758                STM32DMA::setupDataFill(touchgfx::BlitOp const&)
 .text._ZN8STM32DMAD2Ev
                0x900027e4       0x20 TouchGFX/build/STM32F7508-DK/TouchGFX/target/generated/STM32DMA.o
                0x900027e4                STM32DMA::~STM32DMA()
                0x900027e4                STM32DMA::~STM32DMA()
 .text._ZN8STM32DMAD0Ev
                0x90002804       0x16 TouchGFX/build/STM32F7508-DK/TouchGFX/target/generated/STM32DMA.o
                0x90002804                STM32DMA::~STM32DMA()
 *fill*         0x9000281a        0x2 
 .text._ZN8STM32DMAC2Ev
                0x9000281c       0x34 TouchGFX/build/STM32F7508-DK/TouchGFX/target/generated/STM32DMA.o
                0x9000281c                STM32DMA::STM32DMA()
                0x9000281c                STM32DMA::STM32DMA()
 .text._ZN8touchgfx5paint6rgb5658tearDownEv
                0x90002850       0x14 TouchGFX/build/STM32F7508-DK/TouchGFX/target/generated/STM32DMA.o
                0x90002850                touchgfx::paint::rgb565::tearDown()
 .text._ZN8touchgfx5paint6rgb56513lineFromColorEPtjmhm
                0x90002864       0x54 TouchGFX/build/STM32F7508-DK/TouchGFX/target/generated/STM32DMA.o
                0x90002864                touchgfx::paint::rgb565::lineFromColor(unsigned short*, unsigned int, unsigned long, unsigned char, unsigned long)
 .text._ZN8touchgfx10OSWrappers10initializeEv
                0x900028b8       0x50 TouchGFX/build/STM32F7508-DK/TouchGFX/target/generated/OSWrappers.o
                0x900028b8                touchgfx::OSWrappers::initialize()
 .text._ZN8touchgfx10OSWrappers24takeFrameBufferSemaphoreEv
                0x90002908       0x10 TouchGFX/build/STM32F7508-DK/TouchGFX/target/generated/OSWrappers.o
                0x90002908                touchgfx::OSWrappers::takeFrameBufferSemaphore()
 .text._ZN8touchgfx10OSWrappers24giveFrameBufferSemaphoreEv
                0x90002918        0xc TouchGFX/build/STM32F7508-DK/TouchGFX/target/generated/OSWrappers.o
                0x90002918                touchgfx::OSWrappers::giveFrameBufferSemaphore()
 .text._ZN8touchgfx10OSWrappers27tryTakeFrameBufferSemaphoreEv
                0x90002924       0x10 TouchGFX/build/STM32F7508-DK/TouchGFX/target/generated/OSWrappers.o
                0x90002924                touchgfx::OSWrappers::tryTakeFrameBufferSemaphore()
 .text._ZN8touchgfx10OSWrappers31giveFrameBufferSemaphoreFromISREv
                0x90002934        0x4 TouchGFX/build/STM32F7508-DK/TouchGFX/target/generated/OSWrappers.o
                0x90002934                touchgfx::OSWrappers::giveFrameBufferSemaphoreFromISR()
 .text._ZN8touchgfx10OSWrappers11signalVSyncEv
                0x90002938       0x18 TouchGFX/build/STM32F7508-DK/TouchGFX/target/generated/OSWrappers.o
                0x90002938                touchgfx::OSWrappers::signalVSync()
 .text._ZN8touchgfx10OSWrappers12waitForVSyncEv
                0x90002950       0x28 TouchGFX/build/STM32F7508-DK/TouchGFX/target/generated/OSWrappers.o
                0x90002950                touchgfx::OSWrappers::waitForVSync()
 .text._ZN20STM32TouchControllerD2Ev
                0x90002978        0x2 TouchGFX/build/STM32F7508-DK/TouchGFX/target/generated/TouchGFXConfiguration.o
                0x90002978                STM32TouchController::~STM32TouchController()
                0x90002978                STM32TouchController::~STM32TouchController()
 .text._ZN8touchgfx8LCD16bppD2Ev
                0x9000297a        0x2 TouchGFX/build/STM32F7508-DK/TouchGFX/target/generated/TouchGFXConfiguration.o
                0x9000297a                touchgfx::LCD16bpp::~LCD16bpp()
                0x9000297a                touchgfx::LCD16bpp::~LCD16bpp()
 .text._ZN11TouchGFXHALD2Ev
                0x9000297c        0x2 TouchGFX/build/STM32F7508-DK/TouchGFX/target/generated/TouchGFXConfiguration.o
                0x9000297c                TouchGFXHAL::~TouchGFXHAL()
                0x9000297c                TouchGFXHAL::~TouchGFXHAL()
 .text._ZNK8touchgfx9PartitionINS_4meta8TypeListINS_12NoTransitionENS2_INS1_3NilES4_EEEELt1EE8capacityEv
                0x9000297e        0x4 TouchGFX/build/STM32F7508-DK/TouchGFX/target/generated/TouchGFXConfiguration.o
                0x9000297e                touchgfx::Partition<touchgfx::meta::TypeList<touchgfx::NoTransition, touchgfx::meta::TypeList<touchgfx::meta::Nil, touchgfx::meta::Nil> >, (unsigned short)1>::capacity() const
 .text._ZN8touchgfx9PartitionINS_4meta8TypeListINS_12NoTransitionENS2_INS1_3NilES4_EEEELt1EE12element_sizeEv
                0x90002982        0x4 TouchGFX/build/STM32F7508-DK/TouchGFX/target/generated/TouchGFXConfiguration.o
                0x90002982                touchgfx::Partition<touchgfx::meta::TypeList<touchgfx::NoTransition, touchgfx::meta::TypeList<touchgfx::meta::Nil, touchgfx::meta::Nil> >, (unsigned short)1>::element_size()
 .text._ZN8touchgfx9PartitionINS_4meta8TypeListINS_12NoTransitionENS2_INS1_3NilES4_EEEELt1EE7elementEt
                0x90002986        0xa TouchGFX/build/STM32F7508-DK/TouchGFX/target/generated/TouchGFXConfiguration.o
                0x90002986                touchgfx::Partition<touchgfx::meta::TypeList<touchgfx::NoTransition, touchgfx::meta::TypeList<touchgfx::meta::Nil, touchgfx::meta::Nil> >, (unsigned short)1>::element(unsigned short)
 .text._ZNK8touchgfx9PartitionINS_4meta8TypeListINS_12NoTransitionENS2_INS1_3NilES4_EEEELt1EE7elementEt
                0x90002990        0xa TouchGFX/build/STM32F7508-DK/TouchGFX/target/generated/TouchGFXConfiguration.o
                0x90002990                touchgfx::Partition<touchgfx::meta::TypeList<touchgfx::NoTransition, touchgfx::meta::TypeList<touchgfx::meta::Nil, touchgfx::meta::Nil> >, (unsigned short)1>::element(unsigned short) const
 .text._ZNK8touchgfx9PartitionINS_4meta8TypeListI14TestScreenViewNS2_INS1_3NilES4_EEEELt1EE8capacityEv
                0x9000299a        0x4 TouchGFX/build/STM32F7508-DK/TouchGFX/target/generated/TouchGFXConfiguration.o
                0x9000299a                touchgfx::Partition<touchgfx::meta::TypeList<TestScreenView, touchgfx::meta::TypeList<touchgfx::meta::Nil, touchgfx::meta::Nil> >, (unsigned short)1>::capacity() const
 .text._ZN8touchgfx9PartitionINS_4meta8TypeListI14TestScreenViewNS2_INS1_3NilES4_EEEELt1EE12element_sizeEv
                0x9000299e        0x6 TouchGFX/build/STM32F7508-DK/TouchGFX/target/generated/TouchGFXConfiguration.o
                0x9000299e                touchgfx::Partition<touchgfx::meta::TypeList<TestScreenView, touchgfx::meta::TypeList<touchgfx::meta::Nil, touchgfx::meta::Nil> >, (unsigned short)1>::element_size()
 .text._ZN8touchgfx9PartitionINS_4meta8TypeListI14TestScreenViewNS2_INS1_3NilES4_EEEELt1EE7elementEt
                0x900029a4        0xc TouchGFX/build/STM32F7508-DK/TouchGFX/target/generated/TouchGFXConfiguration.o
                0x900029a4                touchgfx::Partition<touchgfx::meta::TypeList<TestScreenView, touchgfx::meta::TypeList<touchgfx::meta::Nil, touchgfx::meta::Nil> >, (unsigned short)1>::element(unsigned short)
 .text._ZNK8touchgfx9PartitionINS_4meta8TypeListI14TestScreenViewNS2_INS1_3NilES4_EEEELt1EE7elementEt
                0x900029b0        0xc TouchGFX/build/STM32F7508-DK/TouchGFX/target/generated/TouchGFXConfiguration.o
                0x900029b0                touchgfx::Partition<touchgfx::meta::TypeList<TestScreenView, touchgfx::meta::TypeList<touchgfx::meta::Nil, touchgfx::meta::Nil> >, (unsigned short)1>::element(unsigned short) const
 .text._ZNK8touchgfx9PartitionINS_4meta8TypeListI19TestScreenPresenterNS2_INS1_3NilES4_EEEELt1EE8capacityEv
                0x900029bc        0x4 TouchGFX/build/STM32F7508-DK/TouchGFX/target/generated/TouchGFXConfiguration.o
                0x900029bc                touchgfx::Partition<touchgfx::meta::TypeList<TestScreenPresenter, touchgfx::meta::TypeList<touchgfx::meta::Nil, touchgfx::meta::Nil> >, (unsigned short)1>::capacity() const
 .text._ZN8touchgfx9PartitionINS_4meta8TypeListI19TestScreenPresenterNS2_INS1_3NilES4_EEEELt1EE12element_sizeEv
                0x900029c0        0x4 TouchGFX/build/STM32F7508-DK/TouchGFX/target/generated/TouchGFXConfiguration.o
                0x900029c0                touchgfx::Partition<touchgfx::meta::TypeList<TestScreenPresenter, touchgfx::meta::TypeList<touchgfx::meta::Nil, touchgfx::meta::Nil> >, (unsigned short)1>::element_size()
 .text._ZN8touchgfx9PartitionINS_4meta8TypeListI19TestScreenPresenterNS2_INS1_3NilES4_EEEELt1EE7elementEt
                0x900029c4        0x8 TouchGFX/build/STM32F7508-DK/TouchGFX/target/generated/TouchGFXConfiguration.o
                0x900029c4                touchgfx::Partition<touchgfx::meta::TypeList<TestScreenPresenter, touchgfx::meta::TypeList<touchgfx::meta::Nil, touchgfx::meta::Nil> >, (unsigned short)1>::element(unsigned short)
 .text._ZNK8touchgfx9PartitionINS_4meta8TypeListI19TestScreenPresenterNS2_INS1_3NilES4_EEEELt1EE7elementEt
                0x900029cc        0x8 TouchGFX/build/STM32F7508-DK/TouchGFX/target/generated/TouchGFXConfiguration.o
                0x900029cc                touchgfx::Partition<touchgfx::meta::TypeList<TestScreenPresenter, touchgfx::meta::TypeList<touchgfx::meta::Nil, touchgfx::meta::Nil> >, (unsigned short)1>::element(unsigned short) const
 .text._ZN16FrontendHeapBase15gotoStartScreenER19FrontendApplication
                0x900029d4        0x6 TouchGFX/build/STM32F7508-DK/TouchGFX/target/generated/TouchGFXConfiguration.o
                0x900029d4                FrontendHeapBase::gotoStartScreen(FrontendApplication&)
 *fill*         0x900029da        0x2 
 .text._ZN8touchgfx9PartitionINS_4meta8TypeListINS_12NoTransitionENS2_INS1_3NilES4_EEEELt1EED2Ev
                0x900029dc       0x14 TouchGFX/build/STM32F7508-DK/TouchGFX/target/generated/TouchGFXConfiguration.o
                0x900029dc                touchgfx::Partition<touchgfx::meta::TypeList<touchgfx::NoTransition, touchgfx::meta::TypeList<touchgfx::meta::Nil, touchgfx::meta::Nil> >, (unsigned short)1>::~Partition()
                0x900029dc                touchgfx::Partition<touchgfx::meta::TypeList<touchgfx::NoTransition, touchgfx::meta::TypeList<touchgfx::meta::Nil, touchgfx::meta::Nil> >, (unsigned short)1>::~Partition()
 .text._ZN8touchgfx9PartitionINS_4meta8TypeListINS_12NoTransitionENS2_INS1_3NilES4_EEEELt1EED0Ev
                0x900029f0       0x14 TouchGFX/build/STM32F7508-DK/TouchGFX/target/generated/TouchGFXConfiguration.o
                0x900029f0                touchgfx::Partition<touchgfx::meta::TypeList<touchgfx::NoTransition, touchgfx::meta::TypeList<touchgfx::meta::Nil, touchgfx::meta::Nil> >, (unsigned short)1>::~Partition()
 .text._ZN8touchgfx9PartitionINS_4meta8TypeListI14TestScreenViewNS2_INS1_3NilES4_EEEELt1EED2Ev
                0x90002a04       0x14 TouchGFX/build/STM32F7508-DK/TouchGFX/target/generated/TouchGFXConfiguration.o
                0x90002a04                touchgfx::Partition<touchgfx::meta::TypeList<TestScreenView, touchgfx::meta::TypeList<touchgfx::meta::Nil, touchgfx::meta::Nil> >, (unsigned short)1>::~Partition()
                0x90002a04                touchgfx::Partition<touchgfx::meta::TypeList<TestScreenView, touchgfx::meta::TypeList<touchgfx::meta::Nil, touchgfx::meta::Nil> >, (unsigned short)1>::~Partition()
 .text._ZN8touchgfx9PartitionINS_4meta8TypeListI14TestScreenViewNS2_INS1_3NilES4_EEEELt1EED0Ev
                0x90002a18       0x16 TouchGFX/build/STM32F7508-DK/TouchGFX/target/generated/TouchGFXConfiguration.o
                0x90002a18                touchgfx::Partition<touchgfx::meta::TypeList<TestScreenView, touchgfx::meta::TypeList<touchgfx::meta::Nil, touchgfx::meta::Nil> >, (unsigned short)1>::~Partition()
 *fill*         0x90002a2e        0x2 
 .text._ZN8touchgfx9PartitionINS_4meta8TypeListI19TestScreenPresenterNS2_INS1_3NilES4_EEEELt1EED2Ev
                0x90002a30       0x14 TouchGFX/build/STM32F7508-DK/TouchGFX/target/generated/TouchGFXConfiguration.o
                0x90002a30                touchgfx::Partition<touchgfx::meta::TypeList<TestScreenPresenter, touchgfx::meta::TypeList<touchgfx::meta::Nil, touchgfx::meta::Nil> >, (unsigned short)1>::~Partition()
                0x90002a30                touchgfx::Partition<touchgfx::meta::TypeList<TestScreenPresenter, touchgfx::meta::TypeList<touchgfx::meta::Nil, touchgfx::meta::Nil> >, (unsigned short)1>::~Partition()
 .text._ZN8touchgfx9PartitionINS_4meta8TypeListI19TestScreenPresenterNS2_INS1_3NilES4_EEEELt1EED0Ev
                0x90002a44       0x14 TouchGFX/build/STM32F7508-DK/TouchGFX/target/generated/TouchGFXConfiguration.o
                0x90002a44                touchgfx::Partition<touchgfx::meta::TypeList<TestScreenPresenter, touchgfx::meta::TypeList<touchgfx::meta::Nil, touchgfx::meta::Nil> >, (unsigned short)1>::~Partition()
 .text._ZN12FrontendHeapD2Ev
                0x90002a58       0x2c TouchGFX/build/STM32F7508-DK/TouchGFX/target/generated/TouchGFXConfiguration.o
                0x90002a58                FrontendHeap::~FrontendHeap()
                0x90002a58                FrontendHeap::~FrontendHeap()
 .text._ZN12FrontendHeapD0Ev
                0x90002a84       0x16 TouchGFX/build/STM32F7508-DK/TouchGFX/target/generated/TouchGFXConfiguration.o
                0x90002a84                FrontendHeap::~FrontendHeap()
 *fill*         0x90002a9a        0x2 
 .text.touchgfx_init
                0x90002a9c       0xec TouchGFX/build/STM32F7508-DK/TouchGFX/target/generated/TouchGFXConfiguration.o
                0x90002a9c                touchgfx_init
 .text.touchgfx_taskEntry
                0x90002b88        0xc TouchGFX/build/STM32F7508-DK/TouchGFX/target/generated/TouchGFXConfiguration.o
                0x90002b88                touchgfx_taskEntry
 .text._ZN20STM32TouchControllerD0Ev
                0x90002b94        0xe TouchGFX/build/STM32F7508-DK/TouchGFX/target/generated/TouchGFXConfiguration.o
                0x90002b94                STM32TouchController::~STM32TouchController()
 .text._ZN8touchgfx8LCD16bppD0Ev
                0x90002ba2        0xe TouchGFX/build/STM32F7508-DK/TouchGFX/target/generated/TouchGFXConfiguration.o
                0x90002ba2                touchgfx::LCD16bpp::~LCD16bpp()
 .text._ZN11TouchGFXHALD0Ev
                0x90002bb0        0xe TouchGFX/build/STM32F7508-DK/TouchGFX/target/generated/TouchGFXConfiguration.o
                0x90002bb0                TouchGFXHAL::~TouchGFXHAL()
 *fill*         0x90002bbe        0x2 
 .text.startup._GLOBAL__sub_I_touchgfx_init
                0x90002bc0      0x13c TouchGFX/build/STM32F7508-DK/TouchGFX/target/generated/TouchGFXConfiguration.o
 .text._ZN8touchgfx25CortexMMCUInstrumentationD2Ev
                0x90002cfc        0x2 TouchGFX/build/STM32F7508-DK/TouchGFX/target/TouchGFXHAL.o
                0x90002cfc                touchgfx::CortexMMCUInstrumentation::~CortexMMCUInstrumentation()
                0x90002cfc                touchgfx::CortexMMCUInstrumentation::~CortexMMCUInstrumentation()
 *fill*         0x90002cfe        0x2 
 .text._ZN11TouchGFXHAL10initializeEv
                0x90002d00       0x44 TouchGFX/build/STM32F7508-DK/TouchGFX/target/TouchGFXHAL.o
                0x90002d00                TouchGFXHAL::initialize()
 .text._ZN11TouchGFXHAL9taskEntryEv
                0x90002d44       0x48 TouchGFX/build/STM32F7508-DK/TouchGFX/target/TouchGFXHAL.o
                0x90002d44                TouchGFXHAL::taskEntry()
 .text._ZNK11TouchGFXHAL17getTFTFrameBufferEv
                0x90002d8c        0x4 TouchGFX/build/STM32F7508-DK/TouchGFX/target/TouchGFXHAL.o
                0x90002d8c                TouchGFXHAL::getTFTFrameBuffer() const
 .text._ZN11TouchGFXHAL17setTFTFrameBufferEPt
                0x90002d90        0x4 TouchGFX/build/STM32F7508-DK/TouchGFX/target/TouchGFXHAL.o
                0x90002d90                TouchGFXHAL::setTFTFrameBuffer(unsigned short*)
 .text._ZN11TouchGFXHAL16flushFrameBufferERKN8touchgfx4RectE
                0x90002d94       0x58 TouchGFX/build/STM32F7508-DK/TouchGFX/target/TouchGFXHAL.o
                0x90002d94                TouchGFXHAL::flushFrameBuffer(touchgfx::Rect const&)
 .text._ZN11TouchGFXHAL19configureInterruptsEv
                0x90002dec        0x4 TouchGFX/build/STM32F7508-DK/TouchGFX/target/TouchGFXHAL.o
                0x90002dec                TouchGFXHAL::configureInterrupts()
 .text._ZN11TouchGFXHAL16enableInterruptsEv
                0x90002df0        0x4 TouchGFX/build/STM32F7508-DK/TouchGFX/target/TouchGFXHAL.o
                0x90002df0                TouchGFXHAL::enableInterrupts()
 .text._ZN11TouchGFXHAL17disableInterruptsEv
                0x90002df4        0x4 TouchGFX/build/STM32F7508-DK/TouchGFX/target/TouchGFXHAL.o
                0x90002df4                TouchGFXHAL::disableInterrupts()
 .text._ZN11TouchGFXHAL28enableLCDControllerInterruptEv
                0x90002df8        0x4 TouchGFX/build/STM32F7508-DK/TouchGFX/target/TouchGFXHAL.o
                0x90002df8                TouchGFXHAL::enableLCDControllerInterrupt()
 .text._ZN11TouchGFXHAL16flushFrameBufferEv
                0x90002dfc        0x4 TouchGFX/build/STM32F7508-DK/TouchGFX/target/TouchGFXHAL.o
                0x90002dfc                TouchGFXHAL::flushFrameBuffer()
 .text.IdleTaskHook
                0x90002e00       0x1c TouchGFX/build/STM32F7508-DK/TouchGFX/target/TouchGFXHAL.o
                0x90002e00                IdleTaskHook
 .text._ZN8touchgfx25CortexMMCUInstrumentationD0Ev
                0x90002e1c        0xe TouchGFX/build/STM32F7508-DK/TouchGFX/target/TouchGFXHAL.o
                0x90002e1c                touchgfx::CortexMMCUInstrumentation::~CortexMMCUInstrumentation()
 *fill*         0x90002e2a        0x2 
 .text.startup._GLOBAL__sub_I_instrumentation
                0x90002e2c       0x24 TouchGFX/build/STM32F7508-DK/TouchGFX/target/TouchGFXHAL.o
 .text._ZN8touchgfx4GPIO3setENS0_7GPIO_IDE
                0x90002e50       0x60 TouchGFX/build/STM32F7508-DK/TouchGFX/target/TouchGFXGPIO.o
                0x90002e50                touchgfx::GPIO::set(touchgfx::GPIO::GPIO_ID)
 .text._ZN8touchgfx4GPIO5clearENS0_7GPIO_IDE
                0x90002eb0       0x60 TouchGFX/build/STM32F7508-DK/TouchGFX/target/TouchGFXGPIO.o
                0x90002eb0                touchgfx::GPIO::clear(touchgfx::GPIO::GPIO_ID)
 .text._ZN8touchgfx4GPIO6toggleENS0_7GPIO_IDE
                0x90002f10       0x34 TouchGFX/build/STM32F7508-DK/TouchGFX/target/TouchGFXGPIO.o
                0x90002f10                touchgfx::GPIO::toggle(touchgfx::GPIO::GPIO_ID)
 .text._ZN8touchgfx4GPIO3getENS0_7GPIO_IDE
                0x90002f44       0x40 TouchGFX/build/STM32F7508-DK/TouchGFX/target/TouchGFXGPIO.o
                0x90002f44                touchgfx::GPIO::get(touchgfx::GPIO::GPIO_ID)
 .text._ZN8touchgfx4GPIO4initEv
                0x90002f84       0x28 TouchGFX/build/STM32F7508-DK/TouchGFX/target/TouchGFXGPIO.o
                0x90002f84                touchgfx::GPIO::init()
 .text._ZN20STM32TouchController11sampleTouchERlS0_
                0x90002fac       0x30 TouchGFX/build/STM32F7508-DK/TouchGFX/target/STM32TouchController.o
                0x90002fac                STM32TouchController::sampleTouch(long&, long&)
 .text._ZN20STM32TouchController4initEv
                0x90002fdc       0x2c TouchGFX/build/STM32F7508-DK/TouchGFX/target/STM32TouchController.o
                0x90002fdc                STM32TouchController::init()
 .text._ZN8touchgfx18MCUInstrumentation13getCCConsumedEv
                0x90003008        0x4 TouchGFX/build/STM32F7508-DK/TouchGFX/target/CortexMMCUInstrumentation.o
                0x90003008                touchgfx::MCUInstrumentation::getCCConsumed()
 .text._ZN8touchgfx18MCUInstrumentation13setCCConsumedEm
                0x9000300c        0x4 TouchGFX/build/STM32F7508-DK/TouchGFX/target/CortexMMCUInstrumentation.o
                0x9000300c                touchgfx::MCUInstrumentation::setCCConsumed(unsigned long)
 .text._ZN8touchgfx25CortexMMCUInstrumentation4initEv
                0x90003010       0x30 TouchGFX/build/STM32F7508-DK/TouchGFX/target/CortexMMCUInstrumentation.o
                0x90003010                touchgfx::CortexMMCUInstrumentation::init()
 .text._ZN8touchgfx25CortexMMCUInstrumentation12getElapsedUSEjjj
                0x90003040        0xc TouchGFX/build/STM32F7508-DK/TouchGFX/target/CortexMMCUInstrumentation.o
                0x90003040                touchgfx::CortexMMCUInstrumentation::getElapsedUS(unsigned int, unsigned int, unsigned int)
 .text._ZN8touchgfx25CortexMMCUInstrumentation12getCPUCyclesEv
                0x9000304c        0xc TouchGFX/build/STM32F7508-DK/TouchGFX/target/CortexMMCUInstrumentation.o
                0x9000304c                touchgfx::CortexMMCUInstrumentation::getCPUCycles()
 .text._ZN8touchgfx25CortexMMCUInstrumentation12setMCUActiveEb
                0x90003058       0x1e TouchGFX/build/STM32F7508-DK/TouchGFX/target/CortexMMCUInstrumentation.o
                0x90003058                touchgfx::CortexMMCUInstrumentation::setMCUActive(bool)
 *fill*         0x90003076        0x2 
 .text.SystemInit
                0x90003078       0x60 TouchGFX/build/STM32F7508-DK/Core/Src/system_stm32f7xx.o
                0x90003078                SystemInit
 .text.StartDefaultTask
                0x900030d8        0xa TouchGFX/build/STM32F7508-DK/Core/Src/main.o
                0x900030d8                StartDefaultTask
 *fill*         0x900030e2        0x2 
 .text.SystemClock_Config
                0x900030e4       0xa0 TouchGFX/build/STM32F7508-DK/Core/Src/main.o
                0x900030e4                SystemClock_Config
 .text.startup.main
                0x90003184      0x474 TouchGFX/build/STM32F7508-DK/Core/Src/main.o
                0x90003184                main
 .text.HAL_TIM_PeriodElapsedCallback
                0x900035f8       0x14 TouchGFX/build/STM32F7508-DK/Core/Src/main.o
                0x900035f8                HAL_TIM_PeriodElapsedCallback
 .text.Error_Handler
                0x9000360c        0x2 TouchGFX/build/STM32F7508-DK/Core/Src/main.o
                0x9000360c                Error_Handler
 *fill*         0x9000360e        0x2 
 .text.HAL_InitTick
                0x90003610       0x78 TouchGFX/build/STM32F7508-DK/Core/Src/stm32f7xx_hal_timebase_tim.o
                0x90003610                HAL_InitTick
 .text.HAL_MspInit
                0x90003688       0x3c TouchGFX/build/STM32F7508-DK/Core/Src/stm32f7xx_hal_msp.o
                0x90003688                HAL_MspInit
 .text.HAL_CRC_MspInit
                0x900036c4       0x2c TouchGFX/build/STM32F7508-DK/Core/Src/stm32f7xx_hal_msp.o
                0x900036c4                HAL_CRC_MspInit
 .text.HAL_DMA2D_MspInit
                0x900036f0       0x40 TouchGFX/build/STM32F7508-DK/Core/Src/stm32f7xx_hal_msp.o
                0x900036f0                HAL_DMA2D_MspInit
 .text.HAL_LTDC_MspInit
                0x90003730      0x154 TouchGFX/build/STM32F7508-DK/Core/Src/stm32f7xx_hal_msp.o
                0x90003730                HAL_LTDC_MspInit
 .text.HAL_UART_MspInit
                0x90003884       0xb0 TouchGFX/build/STM32F7508-DK/Core/Src/stm32f7xx_hal_msp.o
                0x90003884                HAL_UART_MspInit
 .text.HAL_SDRAM_MspInit
                0x90003934       0xd8 TouchGFX/build/STM32F7508-DK/Core/Src/stm32f7xx_hal_msp.o
                0x90003934                HAL_SDRAM_MspInit
 .text.HAL_SDRAM_MspDeInit
                0x90003a0c       0x74 TouchGFX/build/STM32F7508-DK/Core/Src/stm32f7xx_hal_msp.o
                0x90003a0c                HAL_SDRAM_MspDeInit
 .text.vApplicationIdleHook
                0x90003a80        0xc TouchGFX/build/STM32F7508-DK/Core/Src/freertos.o
                0x90003a80                vApplicationIdleHook
 .text.NMI_Handler
                0x90003a8c        0x2 TouchGFX/build/STM32F7508-DK/Core/Src/stm32f7xx_it.o
                0x90003a8c                NMI_Handler
 .text.HardFault_Handler
                0x90003a8e        0x2 TouchGFX/build/STM32F7508-DK/Core/Src/stm32f7xx_it.o
                0x90003a8e                HardFault_Handler
 .text.MemManage_Handler
                0x90003a90        0x2 TouchGFX/build/STM32F7508-DK/Core/Src/stm32f7xx_it.o
                0x90003a90                MemManage_Handler
 .text.BusFault_Handler
                0x90003a92        0x2 TouchGFX/build/STM32F7508-DK/Core/Src/stm32f7xx_it.o
                0x90003a92                BusFault_Handler
 .text.UsageFault_Handler
                0x90003a94        0x2 TouchGFX/build/STM32F7508-DK/Core/Src/stm32f7xx_it.o
                0x90003a94                UsageFault_Handler
 .text.DebugMon_Handler
                0x90003a96        0x2 TouchGFX/build/STM32F7508-DK/Core/Src/stm32f7xx_it.o
                0x90003a96                DebugMon_Handler
 .text.TIM6_DAC_IRQHandler
                0x90003a98        0xc TouchGFX/build/STM32F7508-DK/Core/Src/stm32f7xx_it.o
                0x90003a98                TIM6_DAC_IRQHandler
 .text.LTDC_IRQHandler
                0x90003aa4        0xc TouchGFX/build/STM32F7508-DK/Core/Src/stm32f7xx_it.o
                0x90003aa4                LTDC_IRQHandler
 .text.DMA2D_IRQHandler
                0x90003ab0        0xc TouchGFX/build/STM32F7508-DK/Core/Src/stm32f7xx_it.o
                0x90003ab0                DMA2D_IRQHandler
 .text.HAL_Init
                0x90003abc       0x24 TouchGFX/build/STM32F7508-DK/Drivers/STM32F7xx_HAL_Driver/Src/stm32f7xx_hal.o
                0x90003abc                HAL_Init
 .text.HAL_IncTick
                0x90003ae0       0x18 TouchGFX/build/STM32F7508-DK/Drivers/STM32F7xx_HAL_Driver/Src/stm32f7xx_hal.o
                0x90003ae0                HAL_IncTick
 .text.HAL_GetTick
                0x90003af8        0xc TouchGFX/build/STM32F7508-DK/Drivers/STM32F7xx_HAL_Driver/Src/stm32f7xx_hal.o
                0x90003af8                HAL_GetTick
 .text.HAL_Delay
                0x90003b04       0x24 TouchGFX/build/STM32F7508-DK/Drivers/STM32F7xx_HAL_Driver/Src/stm32f7xx_hal.o
                0x90003b04                HAL_Delay
 .text.UART_SetConfig
                0x90003b28      0x268 TouchGFX/build/STM32F7508-DK/Drivers/STM32F7xx_HAL_Driver/Src/stm32f7xx_hal_uart.o
                0x90003b28                UART_SetConfig
 .text.UART_AdvFeatureConfig
                0x90003d90       0xb8 TouchGFX/build/STM32F7508-DK/Drivers/STM32F7xx_HAL_Driver/Src/stm32f7xx_hal_uart.o
                0x90003d90                UART_AdvFeatureConfig
 .text.UART_WaitOnFlagUntilTimeout
                0x90003e48       0xba TouchGFX/build/STM32F7508-DK/Drivers/STM32F7xx_HAL_Driver/Src/stm32f7xx_hal_uart.o
                0x90003e48                UART_WaitOnFlagUntilTimeout
 .text.UART_CheckIdleState
                0x90003f02       0x44 TouchGFX/build/STM32F7508-DK/Drivers/STM32F7xx_HAL_Driver/Src/stm32f7xx_hal_uart.o
                0x90003f02                UART_CheckIdleState
 .text.HAL_UART_Init
                0x90003f46       0x60 TouchGFX/build/STM32F7508-DK/Drivers/STM32F7xx_HAL_Driver/Src/stm32f7xx_hal_uart.o
                0x90003f46                HAL_UART_Init
 *fill*         0x90003fa6        0x2 
 .text.HAL_RCCEx_PeriphCLKConfig
                0x90003fa8      0x548 TouchGFX/build/STM32F7508-DK/Drivers/STM32F7xx_HAL_Driver/Src/stm32f7xx_hal_rcc_ex.o
                0x90003fa8                HAL_RCCEx_PeriphCLKConfig
 .text.HAL_CRC_Init
                0x900044f0       0x78 TouchGFX/build/STM32F7508-DK/Drivers/STM32F7xx_HAL_Driver/Src/stm32f7xx_hal_crc.o
                0x900044f0                HAL_CRC_Init
 .text.LTDC_SetConfig
                0x90004568      0x148 TouchGFX/build/STM32F7508-DK/Drivers/STM32F7xx_HAL_Driver/Src/stm32f7xx_hal_ltdc.o
 .text.HAL_LTDC_Init
                0x900046b0       0xf4 TouchGFX/build/STM32F7508-DK/Drivers/STM32F7xx_HAL_Driver/Src/stm32f7xx_hal_ltdc.o
                0x900046b0                HAL_LTDC_Init
 .text.HAL_LTDC_ErrorCallback
                0x900047a4        0x2 TouchGFX/build/STM32F7508-DK/Drivers/STM32F7xx_HAL_Driver/Src/stm32f7xx_hal_ltdc.o
                0x900047a4                HAL_LTDC_ErrorCallback
 .text.HAL_LTDC_ReloadEventCallback
                0x900047a6        0x2 TouchGFX/build/STM32F7508-DK/Drivers/STM32F7xx_HAL_Driver/Src/stm32f7xx_hal_ltdc.o
                0x900047a6                HAL_LTDC_ReloadEventCallback
 .text.HAL_LTDC_IRQHandler
                0x900047a8       0xc2 TouchGFX/build/STM32F7508-DK/Drivers/STM32F7xx_HAL_Driver/Src/stm32f7xx_hal_ltdc.o
                0x900047a8                HAL_LTDC_IRQHandler
 .text.HAL_LTDC_ConfigLayer
                0x9000486a       0x52 TouchGFX/build/STM32F7508-DK/Drivers/STM32F7xx_HAL_Driver/Src/stm32f7xx_hal_ltdc.o
                0x9000486a                HAL_LTDC_ConfigLayer
 .text.HAL_LTDC_ProgramLineEvent
                0x900048bc       0x40 TouchGFX/build/STM32F7508-DK/Drivers/STM32F7xx_HAL_Driver/Src/stm32f7xx_hal_ltdc.o
                0x900048bc                HAL_LTDC_ProgramLineEvent
 .text.HAL_PWREx_EnableOverDrive
                0x900048fc       0x70 TouchGFX/build/STM32F7508-DK/Drivers/STM32F7xx_HAL_Driver/Src/stm32f7xx_hal_pwr_ex.o
                0x900048fc                HAL_PWREx_EnableOverDrive
 .text.HAL_SDRAM_Init
                0x9000496c       0x40 TouchGFX/build/STM32F7508-DK/Drivers/STM32F7xx_HAL_Driver/Src/stm32f7xx_hal_sdram.o
                0x9000496c                HAL_SDRAM_Init
 .text.HAL_SDRAM_DeInit
                0x900049ac       0x1c TouchGFX/build/STM32F7508-DK/Drivers/STM32F7xx_HAL_Driver/Src/stm32f7xx_hal_sdram.o
                0x900049ac                HAL_SDRAM_DeInit
 .text.HAL_SDRAM_SendCommand
                0x900049c8       0x3e TouchGFX/build/STM32F7508-DK/Drivers/STM32F7xx_HAL_Driver/Src/stm32f7xx_hal_sdram.o
                0x900049c8                HAL_SDRAM_SendCommand
 .text.HAL_SDRAM_ProgramRefreshRate
                0x90004a06       0x30 TouchGFX/build/STM32F7508-DK/Drivers/STM32F7xx_HAL_Driver/Src/stm32f7xx_hal_sdram.o
                0x90004a06                HAL_SDRAM_ProgramRefreshRate
 *fill*         0x90004a36        0x2 
 .text.HAL_RCC_OscConfig
                0x90004a38      0x368 TouchGFX/build/STM32F7508-DK/Drivers/STM32F7xx_HAL_Driver/Src/stm32f7xx_hal_rcc.o
                0x90004a38                HAL_RCC_OscConfig
 .text.HAL_RCC_GetSysClockFreq
                0x90004da0       0x5c TouchGFX/build/STM32F7508-DK/Drivers/STM32F7xx_HAL_Driver/Src/stm32f7xx_hal_rcc.o
                0x90004da0                HAL_RCC_GetSysClockFreq
 .text.HAL_RCC_ClockConfig
                0x90004dfc      0x144 TouchGFX/build/STM32F7508-DK/Drivers/STM32F7xx_HAL_Driver/Src/stm32f7xx_hal_rcc.o
                0x90004dfc                HAL_RCC_ClockConfig
 .text.HAL_RCC_GetPCLK1Freq
                0x90004f40       0x20 TouchGFX/build/STM32F7508-DK/Drivers/STM32F7xx_HAL_Driver/Src/stm32f7xx_hal_rcc.o
                0x90004f40                HAL_RCC_GetPCLK1Freq
 .text.HAL_RCC_GetPCLK2Freq
                0x90004f60       0x20 TouchGFX/build/STM32F7508-DK/Drivers/STM32F7xx_HAL_Driver/Src/stm32f7xx_hal_rcc.o
                0x90004f60                HAL_RCC_GetPCLK2Freq
 .text.HAL_RCC_GetClockConfig
                0x90004f80       0x3c TouchGFX/build/STM32F7508-DK/Drivers/STM32F7xx_HAL_Driver/Src/stm32f7xx_hal_rcc.o
                0x90004f80                HAL_RCC_GetClockConfig
 .text.I2C_Flush_TXDR
                0x90004fbc       0x1e TouchGFX/build/STM32F7508-DK/Drivers/STM32F7xx_HAL_Driver/Src/stm32f7xx_hal_i2c.o
 *fill*         0x90004fda        0x2 
 .text.I2C_TransferConfig
                0x90004fdc       0x2c TouchGFX/build/STM32F7508-DK/Drivers/STM32F7xx_HAL_Driver/Src/stm32f7xx_hal_i2c.o
 .text.I2C_IsErrorOccurred
                0x90005008      0x11a TouchGFX/build/STM32F7508-DK/Drivers/STM32F7xx_HAL_Driver/Src/stm32f7xx_hal_i2c.o
 .text.I2C_WaitOnTXISFlagUntilTimeout
                0x90005122       0x4e TouchGFX/build/STM32F7508-DK/Drivers/STM32F7xx_HAL_Driver/Src/stm32f7xx_hal_i2c.o
 .text.I2C_WaitOnSTOPFlagUntilTimeout
                0x90005170       0x4a TouchGFX/build/STM32F7508-DK/Drivers/STM32F7xx_HAL_Driver/Src/stm32f7xx_hal_i2c.o
 .text.I2C_WaitOnFlagUntilTimeout
                0x900051ba       0x54 TouchGFX/build/STM32F7508-DK/Drivers/STM32F7xx_HAL_Driver/Src/stm32f7xx_hal_i2c.o
 *fill*         0x9000520e        0x2 
 .text.I2C_RequestMemoryWrite
                0x90005210       0x64 TouchGFX/build/STM32F7508-DK/Drivers/STM32F7xx_HAL_Driver/Src/stm32f7xx_hal_i2c.o
 .text.I2C_RequestMemoryRead
                0x90005274       0x64 TouchGFX/build/STM32F7508-DK/Drivers/STM32F7xx_HAL_Driver/Src/stm32f7xx_hal_i2c.o
 .text.HAL_I2C_MspInit
                0x900052d8        0x2 TouchGFX/build/STM32F7508-DK/Drivers/STM32F7xx_HAL_Driver/Src/stm32f7xx_hal_i2c.o
                0x900052d8                HAL_I2C_MspInit
 .text.HAL_I2C_Init
                0x900052da       0xb2 TouchGFX/build/STM32F7508-DK/Drivers/STM32F7xx_HAL_Driver/Src/stm32f7xx_hal_i2c.o
                0x900052da                HAL_I2C_Init
 .text.HAL_I2C_MspDeInit
                0x9000538c        0x2 TouchGFX/build/STM32F7508-DK/Drivers/STM32F7xx_HAL_Driver/Src/stm32f7xx_hal_i2c.o