C:/PP/Dydaktyka/MATERIALY/HMI_MATERIALY/HMI-M2M/STM32F7508-DK/MyFirstTouchGFXApp/Drivers/STM32F7xx_HAL_Driver/Src/stm32f7xx_hal_uart_ex.c:150:19:HAL_RS485Ex_Init	24	static
C:/PP/Dydaktyka/MATERIALY/HMI_MATERIALY/HMI-M2M/STM32F7508-DK/MyFirstTouchGFXApp/Drivers/STM32F7xx_HAL_Driver/Src/stm32f7xx_hal_uart_ex.c:347:19:HAL_MultiProcessorEx_AddressLength_Set	8	static
C:/PP/Dydaktyka/MATERIALY/HMI_MATERIALY/HMI-M2M/STM32F7508-DK/MyFirstTouchGFXApp/Drivers/STM32F7xx_HAL_Driver/Src/stm32f7xx_hal_uart_ex.c:494:19:HAL_UARTEx_ReceiveToIdle	32	static
C:/PP/Dydaktyka/MATERIALY/HMI_MATERIALY/HMI-M2M/STM32F7508-DK/MyFirstTouchGFXApp/Drivers/STM32F7xx_HAL_Driver/Src/stm32f7xx_hal_uart_ex.c:619:19:HAL_UARTEx_ReceiveToIdle_IT	8	static,ignoring_inline_asm
C:/PP/Dydaktyka/MATERIALY/HMI_MATERIALY/HMI-M2M/STM32F7508-DK/MyFirstTouchGFXApp/Drivers/STM32F7xx_HAL_Driver/Src/stm32f7xx_hal_uart_ex.c:681:19:HAL_UARTEx_ReceiveToIdle_DMA	8	static,ignoring_inline_asm
