C:/PP/Dydaktyka/MATERIALY/HMI_MATERIALY/HMI-M2M/STM32F7508-DK/MyFirstTouchGFXApp/Core/Src/main.c:557:6:MPU_Config	40	static
C:/PP/Dydaktyka/MATERIALY/HMI_MATERIALY/HMI-M2M/STM32F7508-DK/MyFirstTouchGFXApp/Core/Src/main.c:464:13:MX_GPIO_Init	104	static
C:/PP/Dydaktyka/MATERIALY/HMI_MATERIALY/HMI-M2M/STM32F7508-DK/MyFirstTouchGFXApp/Core/Src/main.c:544:6:StartDefaultTask	8	static
C:/PP/Dydaktyka/MATERIALY/HMI_MATERIALY/HMI-M2M/STM32F7508-DK/MyFirstTouchGFXApp/Core/Src/main.c:642:6:HAL_TIM_PeriodElapsedCallback	8	static
C:/PP/Dydaktyka/MATERIALY/HMI_MATERIALY/HMI-M2M/STM32F7508-DK/MyFirstTouchGFXApp/Core/Src/main.c:659:6:Error_Handler	0	static
C:/PP/Dydaktyka/MATERIALY/HMI_MATERIALY/HMI-M2M/STM32F7508-DK/MyFirstTouchGFXApp/Core/Src/main.c:248:13:MX_CRC_Init	8	static
C:/PP/Dydaktyka/MATERIALY/HMI_MATERIALY/HMI-M2M/STM32F7508-DK/MyFirstTouchGFXApp/Core/Src/main.c:279:13:MX_DMA2D_Init	8	static
C:/PP/Dydaktyka/MATERIALY/HMI_MATERIALY/HMI-M2M/STM32F7508-DK/MyFirstTouchGFXApp/Core/Src/main.c:409:13:MX_FMC_Init	40	static
C:/PP/Dydaktyka/MATERIALY/HMI_MATERIALY/HMI-M2M/STM32F7508-DK/MyFirstTouchGFXApp/Core/Src/main.c:316:13:MX_LTDC_Init	64	static
C:/PP/Dydaktyka/MATERIALY/HMI_MATERIALY/HMI-M2M/STM32F7508-DK/MyFirstTouchGFXApp/Core/Src/main.c:378:13:MX_USART1_UART_Init	8	static
C:/PP/Dydaktyka/MATERIALY/HMI_MATERIALY/HMI-M2M/STM32F7508-DK/MyFirstTouchGFXApp/Core/Src/main.c:195:6:SystemClock_Config	88	static
C:/PP/Dydaktyka/MATERIALY/HMI_MATERIALY/HMI-M2M/STM32F7508-DK/MyFirstTouchGFXApp/Core/Src/main.c:99:5:main	8	static,ignoring_inline_asm
