Archive member included to satisfy reference by file (symbol)

Middlewares/ST/touchgfx/lib/core/cortex_m7/gcc\libtouchgfx.a(AbstractPartition.o)
                              TouchGFX/build/STM32F7508-DK/TouchGFX/target/generated/TouchGFXConfiguration.o (touchgfx::AbstractPartition::getAllocationCount() const)
Middlewares/ST/touchgfx/lib/core/cortex_m7/gcc\libtouchgfx.a(AbstractProgressIndicator.o)
                              TouchGFX/build/STM32F7508-DK/TouchGFX/generated/gui_generated/src/mainscreen_screen/mainScreenViewBase.o (touchgfx::AbstractProgressIndicator::setRange(int, int, unsigned short, unsigned short))
Middlewares/ST/touchgfx/lib/core/cortex_m7/gcc\libtouchgfx.a(Container.o)
                              Middlewares/ST/touchgfx/lib/core/cortex_m7/gcc\libtouchgfx.a(AbstractProgressIndicator.o) (touchgfx::Container::contains(touchgfx::Drawable const&))
Middlewares/ST/touchgfx/lib/core/cortex_m7/gcc\libtouchgfx.a(HAL.o)
                              TouchGFX/build/STM32F7508-DK/TouchGFX/target/generated/TouchGFXGeneratedHAL.o (touchgfx::HAL::drawDrawableInDynamicBitmap(touchgfx::Drawable&, unsigned short))
Middlewares/ST/touchgfx/lib/core/cortex_m7/gcc\libtouchgfx.a(DMA.o)
                              TouchGFX/build/STM32F7508-DK/TouchGFX/target/generated/STM32DMA.o (touchgfx::DMA_Interface::seedExecution())
Middlewares/ST/touchgfx/lib/core/cortex_m7/gcc\libtouchgfx.a(Box.o)
                              TouchGFX/build/STM32F7508-DK/TouchGFX/generated/gui_generated/src/mainscreen_screen/mainScreenViewBase.o (vtable for touchgfx::Box)
Middlewares/ST/touchgfx/lib/core/cortex_m7/gcc\libtouchgfx.a(Gauge.o)
                              TouchGFX/build/STM32F7508-DK/TouchGFX/generated/gui_generated/src/mainscreen_screen/mainScreenViewBase.o (touchgfx::Gauge::Gauge())
Middlewares/ST/touchgfx/lib/core/cortex_m7/gcc\libtouchgfx.a(Image.o)
                              Middlewares/ST/touchgfx/lib/core/cortex_m7/gcc\libtouchgfx.a(AbstractProgressIndicator.o) (touchgfx::Image::setBitmap(touchgfx::Bitmap const&))
Middlewares/ST/touchgfx/lib/core/cortex_m7/gcc\libtouchgfx.a(LCD.o)
                              TouchGFX/build/STM32F7508-DK/TouchGFX/generated/texts/src/Texts.o (touchgfx::LCD::drawStringLTR(touchgfx::Rect const&, touchgfx::Rect const&, touchgfx::LCD::StringVisuals const&, unsigned short const*, std::__va_list))
Middlewares/ST/touchgfx/lib/core/cortex_m7/gcc\libtouchgfx.a(TouchCalibration.o)
                              Middlewares/ST/touchgfx/lib/core/cortex_m7/gcc\libtouchgfx.a(HAL.o) (touchgfx::TouchCalibration::translatePoint(touchgfx::Point&))
Middlewares/ST/touchgfx/lib/core/cortex_m7/gcc\libtouchgfx.a(DisplayTransformation.o)
                              Middlewares/ST/touchgfx/lib/core/cortex_m7/gcc\libtouchgfx.a(HAL.o) (touchgfx::DisplayTransformation::transformFrameBufferToDisplay(short&, short&))
Middlewares/ST/touchgfx/lib/core/cortex_m7/gcc\libtouchgfx.a(Application.o)
                              TouchGFX/build/STM32F7508-DK/TouchGFX/gui/src/common/FrontendApplication.o (touchgfx::Application::switchScreen(touchgfx::Screen*))
Middlewares/ST/touchgfx/lib/core/cortex_m7/gcc\libtouchgfx.a(TypedText.o)
                              TouchGFX/build/STM32F7508-DK/TouchGFX/generated/fonts/src/FontCache.o (touchgfx::TypedText::numberOfTypedTexts)
Middlewares/ST/touchgfx/lib/core/cortex_m7/gcc\libtouchgfx.a(Font.o)
                              TouchGFX/build/STM32F7508-DK/TouchGFX/generated/texts/src/Texts.o (touchgfx::Font::getStringWidthLTR(unsigned char, unsigned short const*, std::__va_list) const)
Middlewares/ST/touchgfx/lib/core/cortex_m7/gcc\libtouchgfx.a(Drawable.o)
                              Middlewares/ST/touchgfx/lib/core/cortex_m7/gcc\libtouchgfx.a(AbstractProgressIndicator.o) (touchgfx::Drawable::invalidate() const)
Middlewares/ST/touchgfx/lib/core/cortex_m7/gcc\libtouchgfx.a(ConstFont.o)
                              TouchGFX/build/STM32F7508-DK/TouchGFX/generated/fonts/src/GeneratedFont.o (touchgfx::ConstFont::ConstFont(touchgfx::GlyphNode const*, unsigned short, unsigned short, unsigned char, unsigned char, unsigned char, unsigned char, unsigned char, unsigned short, unsigned short))
Middlewares/ST/touchgfx/lib/core/cortex_m7/gcc\libtouchgfx.a(Utils.o)
                              TouchGFX/build/STM32F7508-DK/TouchGFX/generated/fonts/src/FontCache.o (touchgfx::memset(void*, unsigned char, unsigned long))
Middlewares/ST/touchgfx/lib/core/cortex_m7/gcc\libtouchgfx.a(Screen.o)
                              TouchGFX/build/STM32F7508-DK/TouchGFX/gui/src/mainscreen_screen/mainScreenView.o (touchgfx::Screen::handleGestureEvent(touchgfx::GestureEvent const&))
Middlewares/ST/touchgfx/lib/core/cortex_m7/gcc\libtouchgfx.a(EasingEquations.o)
                              Middlewares/ST/touchgfx/lib/core/cortex_m7/gcc\libtouchgfx.a(AbstractProgressIndicator.o) (touchgfx::EasingEquations::linearEaseNone(unsigned short, short, short, unsigned short))
[...]
Memory Configuration

Name             Origin             Length             Attributes
ITCMRAM          0x00000000         0x00004000         xrw
RAM              0x20000000         0x00050000         xrw
SDRAM            0xc0000000         0x00800000         xrw
BOOTLOADER       0x08000000         0x00010000         xr
FLASH            0x90000000         0x00100000         xr
QSPI             0x90100000         0x00f00000         xrw
*default*        0x00000000         0xffffffff

Linker script and memory map

LOAD c:/touchgfx/4.20.0/env/mingw/msys/1.0/gnu-arm-gcc/bin/../lib/gcc/arm-none-eabi/7.3.1/thumb/v7e-m/fpv4-sp/softfp/crti.o
LOAD c:/touchgfx/4.20.0/env/mingw/msys/1.0/gnu-arm-gcc/bin/../lib/gcc/arm-none-eabi/7.3.1/thumb/v7e-m/fpv4-sp/softfp/crtbegin.o
LOAD c:/touchgfx/4.20.0/env/mingw/msys/1.0/gnu-arm-gcc/bin/../lib/gcc/arm-none-eabi/7.3.1/../../../../arm-none-eabi/lib/thumb/v7e-m/fpv4-sp/softfp/crt0.o
LOAD TouchGFX/build/STM32F7508-DK/TouchGFX/gui/src/mainscreen_screen/mainScreenView.o
LOAD TouchGFX/build/STM32F7508-DK/TouchGFX/gui/src/mainscreen_screen/mainScreenPresenter.o
LOAD TouchGFX/build/STM32F7508-DK/TouchGFX/gui/src/model/Model.o
LOAD TouchGFX/build/STM32F7508-DK/TouchGFX/gui/src/common/FrontendApplication.o
LOAD TouchGFX/build/STM32F7508-DK/TouchGFX/generated/gui_generated/src/mainscreen_screen/mainScreenViewBase.o
LOAD TouchGFX/build/STM32F7508-DK/TouchGFX/generated/gui_generated/src/common/FrontendApplicationBase.o
LOAD TouchGFX/build/STM32F7508-DK/TouchGFX/generated/fonts/src/Font_verdana_40_4bpp_0.o
LOAD TouchGFX/build/STM32F7508-DK/TouchGFX/generated/fonts/src/Font_verdana_20_4bpp_0.o
LOAD TouchGFX/build/STM32F7508-DK/TouchGFX/generated/fonts/src/GeneratedFont.o
LOAD TouchGFX/build/STM32F7508-DK/TouchGFX/generated/fonts/src/UnmappedDataFont.o
LOAD TouchGFX/build/STM32F7508-DK/TouchGFX/generated/fonts/src/Kerning_verdana_40_4bpp.o
LOAD TouchGFX/build/STM32F7508-DK/TouchGFX/generated/fonts/src/Table_verdana_10_4bpp.o
LOAD TouchGFX/build/STM32F7508-DK/TouchGFX/generated/fonts/src/Kerning_verdana_10_4bpp.o
LOAD TouchGFX/build/STM32F7508-DK/TouchGFX/generated/fonts/src/Kerning_verdana_20_4bpp.o
LOAD TouchGFX/build/STM32F7508-DK/TouchGFX/generated/fonts/src/FontCache.o
LOAD TouchGFX/build/STM32F7508-DK/TouchGFX/generated/fonts/src/Font_verdana_10_4bpp_0.o
LOAD TouchGFX/build/STM32F7508-DK/TouchGFX/generated/fonts/src/Table_verdana_40_4bpp.o
LOAD TouchGFX/build/STM32F7508-DK/TouchGFX/generated/fonts/src/CachedFont.o
LOAD TouchGFX/build/STM32F7508-DK/TouchGFX/generated/fonts/src/Table_verdana_20_4bpp.o
LOAD TouchGFX/build/STM32F7508-DK/TouchGFX/generated/fonts/src/ApplicationFontProvider.o
LOAD TouchGFX/build/STM32F7508-DK/TouchGFX/generated/images/src/__designer/image_Blue_Needles_original_gauge_needle_style_00.o
LOAD TouchGFX/build/STM32F7508-DK/TouchGFX/generated/images/src/__designer/image_Blue_Gauges_original_gauge_background_style_01.o
LOAD TouchGFX/build/STM32F7508-DK/TouchGFX/generated/images/src/BitmapDatabase.o
LOAD TouchGFX/build/STM32F7508-DK/TouchGFX/generated/texts/src/LanguageGb.o
LOAD TouchGFX/build/STM32F7508-DK/TouchGFX/generated/texts/src/TypedTextDatabase.o
LOAD TouchGFX/build/STM32F7508-DK/TouchGFX/generated/texts/src/Texts.o
LOAD TouchGFX/build/STM32F7508-DK/TouchGFX/target/generated/TouchGFXGeneratedHAL.o
LOAD TouchGFX/build/STM32F7508-DK/TouchGFX/target/generated/STM32DMA.o
LOAD TouchGFX/build/STM32F7508-DK/TouchGFX/target/generated/OSWrappers.o
LOAD TouchGFX/build/STM32F7508-DK/TouchGFX/target/generated/TouchGFXConfiguration.o
LOAD TouchGFX/build/STM32F7508-DK/TouchGFX/target/TouchGFXHAL.o
LOAD TouchGFX/build/STM32F7508-DK/TouchGFX/target/TouchGFXGPIO.o
LOAD TouchGFX/build/STM32F7508-DK/TouchGFX/target/STM32TouchController.o
LOAD TouchGFX/build/STM32F7508-DK/TouchGFX/target/CortexMMCUInstrumentation.o
LOAD TouchGFX/build/STM32F7508-DK/Core/Src/system_stm32f7xx.o
LOAD TouchGFX/build/STM32F7508-DK/Core/Src/main.o
LOAD TouchGFX/build/STM32F7508-DK/Core/Src/stm32f7xx_hal_timebase_tim.o
LOAD TouchGFX/build/STM32F7508-DK/Core/Src/stm32f7xx_hal_msp.o
LOAD TouchGFX/build/STM32F7508-DK/Core/Src/freertos.o
LOAD TouchGFX/build/STM32F7508-DK/Core/Src/stm32f7xx_it.o
LOAD TouchGFX/build/STM32F7508-DK/Drivers/STM32F7xx_HAL_Driver/Src/stm32f7xx_hal_ltdc_ex.o
LOAD TouchGFX/build/STM32F7508-DK/Drivers/STM32F7xx_HAL_Driver/Src/stm32f7xx_hal.o
LOAD TouchGFX/build/STM32F7508-DK/Drivers/STM32F7xx_HAL_Driver/Src/stm32f7xx_hal_dma2d.o
LOAD TouchGFX/build/STM32F7508-DK/Drivers/STM32F7xx_HAL_Driver/Src/stm32f7xx_hal_rcc_ex.o
LOAD TouchGFX/build/STM32F7508-DK/Drivers/STM32F7xx_HAL_Driver/Src/stm32f7xx_hal_dsi.o
LOAD TouchGFX/build/STM32F7508-DK/Drivers/STM32F7xx_HAL_Driver/Src/stm32f7xx_hal_crc.o
LOAD TouchGFX/build/STM32F7508-DK/Drivers/STM32F7xx_HAL_Driver/Src/stm32f7xx_hal_ltdc.o
LOAD TouchGFX/build/STM32F7508-DK/Drivers/STM32F7xx_HAL_Driver/Src/stm32f7xx_hal_pwr_ex.o
LOAD TouchGFX/build/STM32F7508-DK/Drivers/STM32F7xx_HAL_Driver/Src/stm32f7xx_hal_sdram.o
LOAD TouchGFX/build/STM32F7508-DK/Drivers/STM32F7xx_HAL_Driver/Src/stm32f7xx_hal_flash.o
LOAD TouchGFX/build/STM32F7508-DK/Drivers/STM32F7xx_HAL_Driver/Src/stm32f7xx_hal_rcc.o
LOAD TouchGFX/build/STM32F7508-DK/Drivers/STM32F7xx_HAL_Driver/Src/stm32f7xx_hal_dma_ex.o
LOAD TouchGFX/build/STM32F7508-DK/Drivers/STM32F7xx_HAL_Driver/Src/stm32f7xx_hal_i2c.o
LOAD TouchGFX/build/STM32F7508-DK/Drivers/STM32F7xx_HAL_Driver/Src/stm32f7xx_hal_uart.o
LOAD TouchGFX/build/STM32F7508-DK/Drivers/STM32F7xx_HAL_Driver/Src/stm32f7xx_hal_pwr.o
LOAD TouchGFX/build/STM32F7508-DK/Drivers/STM32F7xx_HAL_Driver/Src/stm32f7xx_hal_dma.o
LOAD TouchGFX/build/STM32F7508-DK/Drivers/STM32F7xx_HAL_Driver/Src/stm32f7xx_hal_adc_ex.o
LOAD TouchGFX/build/STM32F7508-DK/Drivers/STM32F7xx_HAL_Driver/Src/stm32f7xx_hal_tim_ex.o
LOAD TouchGFX/build/STM32F7508-DK/Drivers/STM32F7xx_HAL_Driver/Src/stm32f7xx_hal_cortex.o
LOAD TouchGFX/build/STM32F7508-DK/Drivers/STM32F7xx_HAL_Driver/Src/stm32f7xx_ll_fmc.o
LOAD TouchGFX/build/STM32F7508-DK/Drivers/STM32F7xx_HAL_Driver/Src/stm32f7xx_hal_uart_ex.o
LOAD TouchGFX/build/STM32F7508-DK/Drivers/STM32F7xx_HAL_Driver/Src/stm32f7xx_hal_flash_ex.o
LOAD TouchGFX/build/STM32F7508-DK/Drivers/STM32F7xx_HAL_Driver/Src/stm32f7xx_hal_exti.o
LOAD TouchGFX/build/STM32F7508-DK/Drivers/STM32F7xx_HAL_Driver/Src/stm32f7xx_hal_gpio.o
LOAD TouchGFX/build/STM32F7508-DK/Drivers/STM32F7xx_HAL_Driver/Src/stm32f7xx_hal_adc.o
LOAD TouchGFX/build/STM32F7508-DK/Drivers/STM32F7xx_HAL_Driver/Src/stm32f7xx_hal_tim.o
LOAD TouchGFX/build/STM32F7508-DK/Drivers/STM32F7xx_HAL_Driver/Src/stm32f7xx_hal_i2c_ex.o
LOAD TouchGFX/build/STM32F7508-DK/Drivers/STM32F7xx_HAL_Driver/Src/stm32f7xx_hal_crc_ex.o
LOAD TouchGFX/build/STM32F7508-DK/TouchGFX/App/app_touchgfx.o
LOAD TouchGFX/build/STM32F7508-DK/Middlewares/Third_Party/FreeRTOS/Source/croutine.o
LOAD TouchGFX/build/STM32F7508-DK/Middlewares/Third_Party/FreeRTOS/Source/list.o
LOAD TouchGFX/build/STM32F7508-DK/Middlewares/Third_Party/FreeRTOS/Source/queue.o
LOAD TouchGFX/build/STM32F7508-DK/Middlewares/Third_Party/FreeRTOS/Source/tasks.o
LOAD TouchGFX/build/STM32F7508-DK/Middlewares/Third_Party/FreeRTOS/Source/timers.o
LOAD TouchGFX/build/STM32F7508-DK/Middlewares/Third_Party/FreeRTOS/Source/CMSIS_RTOS_V2/cmsis_os2.o
LOAD TouchGFX/build/STM32F7508-DK/gcc/Middlewares/Third_Party/FreeRTOS/Source/portable/MemMang/heap_4.o
LOAD TouchGFX/build/STM32F7508-DK/gcc/Middlewares/Third_Party/FreeRTOS/Source/portable/GCC/ARM_CM7/r0p1/port.o
LOAD TouchGFX/build/STM32F7508-DK/Drivers/BSP/STM32F7508-Discovery/stm32f7508_discovery.o
LOAD TouchGFX/build/STM32F7508-DK/Drivers/BSP/STM32F7508-Discovery/stm32f7508_discovery_sdram.o
LOAD TouchGFX/build/STM32F7508-DK/Drivers/BSP/STM32F7508-Discovery/stm32f7508_discovery_ts.o
LOAD TouchGFX/build/STM32F7508-DK/Drivers/BSP/Components/ft5336/ft5336.o
LOAD TouchGFX/build/STM32F7508-DK/gcc/startup_stm32f750xx.o
LOAD TouchGFX/build/STM32F7508-DK/ExtMem_Boot/Binary/Bootloader.o
START GROUP
LOAD Middlewares/ST/touchgfx/lib/core/cortex_m7/gcc\libtouchgfx.a
END GROUP
LOAD c:/touchgfx/4.20.0/env/mingw/msys/1.0/gnu-arm-gcc/bin/../lib/gcc/arm-none-eabi/7.3.1/../../../../arm-none-eabi/lib/thumb/v7e-m/fpv4-sp/softfp\libstdc++_nano.a
LOAD c:/touchgfx/4.20.0/env/mingw/msys/1.0/gnu-arm-gcc/bin/../lib/gcc/arm-none-eabi/7.3.1/../../../../arm-none-eabi/lib/thumb/v7e-m/fpv4-sp/softfp\libm.a
START GROUP
LOAD c:/touchgfx/4.20.0/env/mingw/msys/1.0/gnu-arm-gcc/bin/../lib/gcc/arm-none-eabi/7.3.1/thumb/v7e-m/fpv4-sp/softfp\libgcc.a
LOAD c:/touchgfx/4.20.0/env/mingw/msys/1.0/gnu-arm-gcc/bin/../lib/gcc/arm-none-eabi/7.3.1/../../../../arm-none-eabi/lib/thumb/v7e-m/fpv4-sp/softfp\libg_nano.a
LOAD c:/touchgfx/4.20.0/env/mingw/msys/1.0/gnu-arm-gcc/bin/../lib/gcc/arm-none-eabi/7.3.1/../../../../arm-none-eabi/lib/thumb/v7e-m/fpv4-sp/softfp\libc_nano.a
END GROUP
START GROUP
LOAD c:/touchgfx/4.20.0/env/mingw/msys/1.0/gnu-arm-gcc/bin/../lib/gcc/arm-none-eabi/7.3.1/thumb/v7e-m/fpv4-sp/softfp\libgcc.a
LOAD c:/touchgfx/4.20.0/env/mingw/msys/1.0/gnu-arm-gcc/bin/../lib/gcc/arm-none-eabi/7.3.1/../../../../arm-none-eabi/lib/thumb/v7e-m/fpv4-sp/softfp\libc_nano.a
LOAD c:/touchgfx/4.20.0/env/mingw/msys/1.0/gnu-arm-gcc/bin/../lib/gcc/arm-none-eabi/7.3.1/../../../../arm-none-eabi/lib/thumb/v7e-m/fpv4-sp/softfp\libnosys.a
END GROUP
START GROUP
LOAD c:/touchgfx/4.20.0/env/mingw/msys/1.0/gnu-arm-gcc/bin/../lib/gcc/arm-none-eabi/7.3.1/thumb/v7e-m/fpv4-sp/softfp\libgcc.a
LOAD c:/touchgfx/4.20.0/env/mingw/msys/1.0/gnu-arm-gcc/bin/../lib/gcc/arm-none-eabi/7.3.1/../../../../arm-none-eabi/lib/thumb/v7e-m/fpv4-sp/softfp\libc_nano.a
LOAD c:/touchgfx/4.20.0/env/mingw/msys/1.0/gnu-arm-gcc/bin/../lib/gcc/arm-none-eabi/7.3.1/../../../../arm-none-eabi/lib/thumb/v7e-m/fpv4-sp/softfp\libnosys.a
END GROUP
LOAD c:/touchgfx/4.20.0/env/mingw/msys/1.0/gnu-arm-gcc/bin/../lib/gcc/arm-none-eabi/7.3.1/thumb/v7e-m/fpv4-sp/softfp/crtend.o
LOAD c:/touchgfx/4.20.0/env/mingw/msys/1.0/gnu-arm-gcc/bin/../lib/gcc/arm-none-eabi/7.3.1/thumb/v7e-m/fpv4-sp/softfp/crtn.o
                0x20050000                _estack = (ORIGIN (RAM) + LENGTH (RAM))
                0x00001000                _Min_Heap_Size = 0x1000
                0x00001000                _Min_Stack_Size = 0x1000

.isr_vector     0x90000000      0x1c8
                0x90000000                . = ALIGN (0x4)
 *(.isr_vector)
 .isr_vector    0x90000000      0x1c8 TouchGFX/build/STM32F7508-DK/gcc/startup_stm32f750xx.o
                0x90000000                g_pfnVectors
                0x900001c8                . = ALIGN (0x4)

.text           0x900001d0    0x1ea3c
                0x900001d0                . = ALIGN (0x4)
 *(.text)
 .text          0x900001d0       0x40 c:/touchgfx/4.20.0/env/mingw/msys/1.0/gnu-arm-gcc/bin/../lib/gcc/arm-none-eabi/7.3.1/thumb/v7e-m/fpv4-sp/softfp/crtbegin.o
 .text          0x90000210      0x378 c:/touchgfx/4.20.0/env/mingw/msys/1.0/gnu-arm-gcc/bin/../lib/gcc/arm-none-eabi/7.3.1/thumb/v7e-m/fpv4-sp/softfp\libgcc.a(_arm_addsubdf3.o)
                0x90000210                __aeabi_drsub
                0x90000218                __aeabi_dsub
                0x90000218                __subdf3
                0x9000021c                __aeabi_dadd
                0x9000021c                __adddf3
                0x90000494                __floatunsidf
                0x90000494                __aeabi_ui2d
                0x900004b4                __floatsidf
                0x900004b4                __aeabi_i2d
                0x900004d8                __aeabi_f2d
                0x900004d8                __extendsfdf2
                0x9000051c                __floatundidf
                0x9000051c                __aeabi_ul2d
                0x9000052c                __floatdidf
                0x9000052c                __aeabi_l2d
 .text          0x90000588      0x424 c:/touchgfx/4.20.0/env/mingw/msys/1.0/gnu-arm-gcc/bin/../lib/gcc/arm-none-eabi/7.3.1/thumb/v7e-m/fpv4-sp/softfp\libgcc.a(_arm_muldivdf3.o)
                0x90000588                __aeabi_dmul
                0x90000588                __muldf3
                0x900007dc                __divdf3
                0x900007dc                __aeabi_ddiv
 .text          0x900009ac       0x50 c:/touchgfx/4.20.0/env/mingw/msys/1.0/gnu-arm-gcc/bin/../lib/gcc/arm-none-eabi/7.3.1/thumb/v7e-m/fpv4-sp/softfp\libgcc.a(_arm_fixdfsi.o)
                0x900009ac                __aeabi_d2iz
                0x900009ac                __fixdfsi
 .text          0x900009fc       0x30 c:/touchgfx/4.20.0/env/mingw/msys/1.0/gnu-arm-gcc/bin/../lib/gcc/arm-none-eabi/7.3.1/thumb/v7e-m/fpv4-sp/softfp\libgcc.a(_aeabi_uldivmod.o)
                0x900009fc                __aeabi_uldivmod
 .text          0x90000a2c      0x2cc c:/touchgfx/4.20.0/env/mingw/msys/1.0/gnu-arm-gcc/bin/../lib/gcc/arm-none-eabi/7.3.1/thumb/v7e-m/fpv4-sp/softfp\libgcc.a(_udivmoddi4.o)
                0x90000a2c                __udivmoddi4
 .text          0x90000cf8        0x4 c:/touchgfx/4.20.0/env/mingw/msys/1.0/gnu-arm-gcc/bin/../lib/gcc/arm-none-eabi/7.3.1/thumb/v7e-m/fpv4-sp/softfp\libgcc.a(_dvmd_tls.o)
                0x90000cf8                __aeabi_idiv0
                0x90000cf8                __aeabi_ldiv0
 *fill*         0x90000cfc        0x4 
 .text          0x90000d00       0xa0 c:/touchgfx/4.20.0/env/mingw/msys/1.0/gnu-arm-gcc/bin/../lib/gcc/arm-none-eabi/7.3.1/../../../../arm-none-eabi/lib/thumb/v7e-m/fpv4-sp/softfp\libg_nano.a(lib_a-memchr.o)
                0x90000d00                memchr
 *(.text*)
 .text._ZN8touchgfx6Screen15afterTransitionEv
                0x90000da0        0x2 TouchGFX/build/STM32F7508-DK/TouchGFX/gui/src/mainscreen_screen/mainScreenView.o
                0x90000da0                touchgfx::Screen::afterTransition()
 .text._ZN8touchgfx6Screen14handleKeyEventEh
                0x90000da2        0x2 TouchGFX/build/STM32F7508-DK/TouchGFX/gui/src/mainscreen_screen/mainScreenView.o
                0x90000da2                touchgfx::Screen::handleKeyEvent(unsigned char)
 .text._ZN14mainScreenViewD2Ev
                0x90000da4        0x2 TouchGFX/build/STM32F7508-DK/TouchGFX/gui/src/mainscreen_screen/mainScreenView.o
                0x90000da4                mainScreenView::~mainScreenView()
                0x90000da4                mainScreenView::~mainScreenView()
 .text._ZN14mainScreenView14tearDownScreenEv
                0x90000da6        0x2 TouchGFX/build/STM32F7508-DK/TouchGFX/gui/src/mainscreen_screen/mainScreenView.o
                0x90000da6                mainScreenView::tearDownScreen()
 .text._ZN14mainScreenView11setupScreenEv
                0x90000da8        0x4 TouchGFX/build/STM32F7508-DK/TouchGFX/gui/src/mainscreen_screen/mainScreenView.o
                0x90000da8                mainScreenView::setupScreen()
 .text._ZN14mainScreenViewD0Ev
                0x90000dac       0x10 TouchGFX/build/STM32F7508-DK/TouchGFX/gui/src/mainscreen_screen/mainScreenView.o
                0x90000dac                mainScreenView::~mainScreenView()
 .text._ZN14mainScreenViewC2Ev
                0x90000dbc       0x14 TouchGFX/build/STM32F7508-DK/TouchGFX/gui/src/mainscreen_screen/mainScreenView.o
                0x90000dbc                mainScreenView::mainScreenView()
                0x90000dbc                mainScreenView::mainScreenView()
 .text._ZN19mainScreenPresenterD2Ev
                0x90000dd0        0x6 TouchGFX/build/STM32F7508-DK/TouchGFX/gui/src/mainscreen_screen/mainScreenPresenter.o
                0x90000dd0                mainScreenPresenter::~mainScreenPresenter()
                0x90000dd0                mainScreenPresenter::~mainScreenPresenter()
                0x90000dd2                non-virtual thunk to mainScreenPresenter::~mainScreenPresenter()
 .text._ZN19mainScreenPresenter8activateEv
                0x90000dd6        0x2 TouchGFX/build/STM32F7508-DK/TouchGFX/gui/src/mainscreen_screen/mainScreenPresenter.o
                0x90000dd6                mainScreenPresenter::activate()
                0x90000dd6                mainScreenPresenter::deactivate()
 .text._ZN19mainScreenPresenterD0Ev
                0x90000dd8       0x14 TouchGFX/build/STM32F7508-DK/TouchGFX/gui/src/mainscreen_screen/mainScreenPresenter.o
                0x90000dd8                mainScreenPresenter::~mainScreenPresenter()
                0x90000de6                non-virtual thunk to mainScreenPresenter::~mainScreenPresenter()
 .text._ZN19mainScreenPresenterC2ER14mainScreenView
                0x90000dec       0x1c TouchGFX/build/STM32F7508-DK/TouchGFX/gui/src/mainscreen_screen/mainScreenPresenter.o
                0x90000dec                mainScreenPresenter::mainScreenPresenter(mainScreenView&)
                0x90000dec                mainScreenPresenter::mainScreenPresenter(mainScreenView&)
 .text._ZN5ModelC2Ev
                0x90000e08        0x6 TouchGFX/build/STM32F7508-DK/TouchGFX/gui/src/model/Model.o
                0x90000e08                Model::Model()
                0x90000e08                Model::Model()
 .text._ZN5Model4tickEv
                0x90000e0e        0x2 TouchGFX/build/STM32F7508-DK/TouchGFX/gui/src/model/Model.o
                0x90000e0e                Model::tick()
 .text._ZN8touchgfx11Application15appSwitchScreenEh
                0x90000e10        0x2 TouchGFX/build/STM32F7508-DK/TouchGFX/gui/src/common/FrontendApplication.o
                0x90000e10                touchgfx::Application::appSwitchScreen(unsigned char)
 .text._ZN8touchgfx11Application13requestRedrawERNS_4RectE
                0x90000e12        0xc TouchGFX/build/STM32F7508-DK/TouchGFX/gui/src/common/FrontendApplication.o
                0x90000e12                touchgfx::Application::requestRedraw(touchgfx::Rect&)
 .text._ZN19FrontendApplicationD2Ev
                0x90000e1e        0x2 TouchGFX/build/STM32F7508-DK/TouchGFX/gui/src/common/FrontendApplication.o
                0x90000e1e                FrontendApplication::~FrontendApplication()
                0x90000e1e                FrontendApplication::~FrontendApplication()
 .text._ZN23FrontendApplicationBase19changeToStartScreenEv
                0x90000e20        0x4 TouchGFX/build/STM32F7508-DK/TouchGFX/gui/src/common/FrontendApplication.o
                0x90000e20                FrontendApplicationBase::changeToStartScreen()
 .text._ZN19FrontendApplicationD0Ev
                0x90000e24       0x10 TouchGFX/build/STM32F7508-DK/TouchGFX/gui/src/common/FrontendApplication.o
                0x90000e24                FrontendApplication::~FrontendApplication()
 .text._ZN19FrontendApplication15handleTickEventEv
                0x90000e34       0x16 TouchGFX/build/STM32F7508-DK/TouchGFX/gui/src/common/FrontendApplication.o
                0x90000e34                FrontendApplication::handleTickEvent()
 .text._ZN8touchgfx14MVPApplication29handlePendingScreenTransitionEv
                0x90000e4a       0x24 TouchGFX/build/STM32F7508-DK/TouchGFX/gui/src/common/FrontendApplication.o
                0x90000e4a                touchgfx::MVPApplication::handlePendingScreenTransition()
 *fill*         0x90000e6e        0x2 
 .text._ZN19FrontendApplicationC2ER5ModelR12FrontendHeap
                0x90000e70       0x14 TouchGFX/build/STM32F7508-DK/TouchGFX/gui/src/common/FrontendApplication.o
                0x90000e70                FrontendApplication::FrontendApplication(Model&, FrontendHeap&)
                0x90000e70                FrontendApplication::FrontendApplication(Model&, FrontendHeap&)
 .text._ZNK8touchgfx8Drawable17invalidateContentEv
                0x90000e84        0xe TouchGFX/build/STM32F7508-DK/TouchGFX/generated/gui_generated/src/mainscreen_screen/mainScreenViewBase.o
                0x90000e84                touchgfx::Drawable::invalidateContent() const
 .text._ZN8touchgfx8Drawable13getFirstChildEv
                0x90000e92        0x4 TouchGFX/build/STM32F7508-DK/TouchGFX/generated/gui_generated/src/mainscreen_screen/mainScreenViewBase.o
                0x90000e92                touchgfx::Drawable::getFirstChild()
 .text._ZN8touchgfx8Drawable4setXEs
                0x90000e96        0x4 TouchGFX/build/STM32F7508-DK/TouchGFX/generated/gui_generated/src/mainscreen_screen/mainScreenViewBase.o
                0x90000e96                touchgfx::Drawable::setX(short)
 .text._ZN8touchgfx8Drawable4setYEs
                0x90000e9a        0x4 TouchGFX/build/STM32F7508-DK/TouchGFX/generated/gui_generated/src/mainscreen_screen/mainScreenViewBase.o
                0x90000e9a                touchgfx::Drawable::setY(short)
 .text._ZN8touchgfx8Drawable8setWidthEs
                0x90000e9e        0x4 TouchGFX/build/STM32F7508-DK/TouchGFX/generated/gui_generated/src/mainscreen_screen/mainScreenViewBase.o
                0x90000e9e                touchgfx::Drawable::setWidth(short)
 .text._ZN8touchgfx8Drawable9setHeightEs
                0x90000ea2        0x4 TouchGFX/build/STM32F7508-DK/TouchGFX/generated/gui_generated/src/mainscreen_screen/mainScreenViewBase.o
                0x90000ea2                touchgfx::Drawable::setHeight(short)
 .text._ZN8touchgfx8Drawable20childGeometryChangedEv
                0x90000ea6        0x2 TouchGFX/build/STM32F7508-DK/TouchGFX/generated/gui_generated/src/mainscreen_screen/mainScreenViewBase.o
                0x90000ea6                touchgfx::Drawable::childGeometryChanged()
 .text._ZN8touchgfx8Drawable16handleClickEventERKNS_10ClickEventE
                0x90000ea8        0x2 TouchGFX/build/STM32F7508-DK/TouchGFX/generated/gui_generated/src/mainscreen_screen/mainScreenViewBase.o
                0x90000ea8                touchgfx::Drawable::handleClickEvent(touchgfx::ClickEvent const&)
 .text._ZN8touchgfx8Drawable18handleGestureEventERKNS_12GestureEventE
                0x90000eaa        0x2 TouchGFX/build/STM32F7508-DK/TouchGFX/generated/gui_generated/src/mainscreen_screen/mainScreenViewBase.o
                0x90000eaa                touchgfx::Drawable::handleGestureEvent(touchgfx::GestureEvent const&)
 .text._ZN8touchgfx8Drawable15handleDragEventERKNS_9DragEventE
                0x90000eac        0x2 TouchGFX/build/STM32F7508-DK/TouchGFX/generated/gui_generated/src/mainscreen_screen/mainScreenViewBase.o
                0x90000eac                touchgfx::Drawable::handleDragEvent(touchgfx::DragEvent const&)
 .text._ZN8touchgfx8Drawable15handleTickEventEv
                0x90000eae        0x2 TouchGFX/build/STM32F7508-DK/TouchGFX/generated/gui_generated/src/mainscreen_screen/mainScreenViewBase.o
                0x90000eae                touchgfx::Drawable::handleTickEvent()
 .text._ZN8touchgfx8Drawable6moveToEss
                0x90000eb0       0x18 TouchGFX/build/STM32F7508-DK/TouchGFX/generated/gui_generated/src/mainscreen_screen/mainScreenViewBase.o
                0x90000eb0                touchgfx::Drawable::moveTo(short, short)
 .text._ZN8touchgfx8Drawable14setupDrawChainERKNS_4RectEPPS0_
                0x90000ec8       0x14 TouchGFX/build/STM32F7508-DK/TouchGFX/generated/gui_generated/src/mainscreen_screen/mainScreenViewBase.o
                0x90000ec8                touchgfx::Drawable::setupDrawChain(touchgfx::Rect const&, touchgfx::Drawable**)
 .text._ZN8touchgfx6Screen11setupScreenEv
                0x90000edc        0x2 TouchGFX/build/STM32F7508-DK/TouchGFX/generated/gui_generated/src/mainscreen_screen/mainScreenViewBase.o
                0x90000edc                touchgfx::Screen::setupScreen()
 .text._ZN8touchgfx6Screen14tearDownScreenEv
                0x90000ede        0x2 TouchGFX/build/STM32F7508-DK/TouchGFX/generated/gui_generated/src/mainscreen_screen/mainScreenViewBase.o
                0x90000ede                touchgfx::Screen::tearDownScreen()
 .text._ZN8touchgfx6Screen15handleTickEventEv
                0x90000ee0        0x2 TouchGFX/build/STM32F7508-DK/TouchGFX/generated/gui_generated/src/mainscreen_screen/mainScreenViewBase.o
                0x90000ee0                touchgfx::Screen::handleTickEvent()
 .text._ZN8touchgfx6Widget12getLastChildEssPPNS_8DrawableE
                0x90000ee2       0x10 TouchGFX/build/STM32F7508-DK/TouchGFX/generated/gui_generated/src/mainscreen_screen/mainScreenViewBase.o
                0x90000ee2                touchgfx::Widget::getLastChild(short, short, touchgfx::Drawable**)
 .text._ZN18mainScreenViewBaseD2Ev
                0x90000ef2        0x2 TouchGFX/build/STM32F7508-DK/TouchGFX/generated/gui_generated/src/mainscreen_screen/mainScreenViewBase.o
                0x90000ef2                mainScreenViewBase::~mainScreenViewBase()
                0x90000ef2                mainScreenViewBase::~mainScreenViewBase()
 .text._ZN18mainScreenViewBase11setupScreenEv
                0x90000ef4        0x2 TouchGFX/build/STM32F7508-DK/TouchGFX/generated/gui_generated/src/mainscreen_screen/mainScreenViewBase.o
                0x90000ef4                mainScreenViewBase::setupScreen()
 .text._ZN18mainScreenViewBaseD0Ev
                0x90000ef6       0x10 TouchGFX/build/STM32F7508-DK/TouchGFX/generated/gui_generated/src/mainscreen_screen/mainScreenViewBase.o
                0x90000ef6                mainScreenViewBase::~mainScreenViewBase()
 *fill*         0x90000f06        0x2 
 .text._ZN18mainScreenViewBase15handleTickEventEv
                0x90000f08       0x70 TouchGFX/build/STM32F7508-DK/TouchGFX/generated/gui_generated/src/mainscreen_screen/mainScreenViewBase.o
                0x90000f08                mainScreenViewBase::handleTickEvent()
 .text._ZN8touchgfx8Drawable5setXYEss
                0x90000f78       0x1a TouchGFX/build/STM32F7508-DK/TouchGFX/generated/gui_generated/src/mainscreen_screen/mainScreenViewBase.o
                0x90000f78                touchgfx::Drawable::setXY(short, short)
 .text._ZN8touchgfx8Drawable14setWidthHeightEss
                0x90000f92       0x1a TouchGFX/build/STM32F7508-DK/TouchGFX/generated/gui_generated/src/mainscreen_screen/mainScreenViewBase.o
                0x90000f92                touchgfx::Drawable::setWidthHeight(short, short)
 .text._ZN8touchgfx3BoxC2Ev
                0x90000fac       0x38 TouchGFX/build/STM32F7508-DK/TouchGFX/generated/gui_generated/src/mainscreen_screen/mainScreenViewBase.o
                0x90000fac                touchgfx::Box::Box()
                0x90000fac                touchgfx::Box::Box()
 .text._ZN18mainScreenViewBaseC2Ev
                0x90000fe4      0x100 TouchGFX/build/STM32F7508-DK/TouchGFX/generated/gui_generated/src/mainscreen_screen/mainScreenViewBase.o
                0x90000fe4                mainScreenViewBase::mainScreenViewBase()
                0x90000fe4                mainScreenViewBase::mainScreenViewBase()
 .text._ZN8touchgfx11Application19changeToStartScreenEv
                0x900010e4        0x2 TouchGFX/build/STM32F7508-DK/TouchGFX/generated/gui_generated/src/common/FrontendApplicationBase.o
                0x900010e4                touchgfx::Application::changeToStartScreen()
 .text._ZN8touchgfx10Transition8tearDownEv
                0x900010e6        0x2 TouchGFX/build/STM32F7508-DK/TouchGFX/generated/gui_generated/src/common/FrontendApplicationBase.o
                0x900010e6                touchgfx::Transition::tearDown()
 .text._ZN8touchgfx10Transition4initEv
                0x900010e8        0x2 TouchGFX/build/STM32F7508-DK/TouchGFX/generated/gui_generated/src/common/FrontendApplicationBase.o
                0x900010e8                touchgfx::Transition::init()
 .text._ZN8touchgfx10Transition18setScreenContainerERNS_9ContainerE
                0x900010ea        0x4 TouchGFX/build/STM32F7508-DK/TouchGFX/generated/gui_generated/src/common/FrontendApplicationBase.o
                0x900010ea                touchgfx::Transition::setScreenContainer(touchgfx::Container&)
 .text._ZN23FrontendApplicationBaseD2Ev
                0x900010ee        0x2 TouchGFX/build/STM32F7508-DK/TouchGFX/generated/gui_generated/src/common/FrontendApplicationBase.o
                0x900010ee                FrontendApplicationBase::~FrontendApplicationBase()
                0x900010ee                FrontendApplicationBase::~FrontendApplicationBase()
 .text._ZN8touchgfx12NoTransition15handleTickEventEv
                0x900010f0        0x6 TouchGFX/build/STM32F7508-DK/TouchGFX/generated/gui_generated/src/common/FrontendApplicationBase.o
                0x900010f0                touchgfx::NoTransition::handleTickEvent()
 .text._ZN8touchgfx12NoTransitionD2Ev
                0x900010f6        0x2 TouchGFX/build/STM32F7508-DK/TouchGFX/generated/gui_generated/src/common/FrontendApplicationBase.o
                0x900010f6                touchgfx::NoTransition::~NoTransition()
                0x900010f6                touchgfx::NoTransition::~NoTransition()
 .text._ZN8touchgfx8CallbackI23FrontendApplicationBasevvvED2Ev
                0x900010f8        0x2 TouchGFX/build/STM32F7508-DK/TouchGFX/generated/gui_generated/src/common/FrontendApplicationBase.o
                0x900010f8                touchgfx::Callback<FrontendApplicationBase, void, void, void>::~Callback()
                0x900010f8                touchgfx::Callback<FrontendApplicationBase, void, void, void>::~Callback()
 .text._ZN8touchgfx8CallbackI23FrontendApplicationBasevvvE7executeEv
                0x900010fa       0x20 TouchGFX/build/STM32F7508-DK/TouchGFX/generated/gui_generated/src/common/FrontendApplicationBase.o
                0x900010fa                touchgfx::Callback<FrontendApplicationBase, void, void, void>::execute()
 .text._ZNK8touchgfx8CallbackI23FrontendApplicationBasevvvE7isValidEv
                0x9000111a       0x18 TouchGFX/build/STM32F7508-DK/TouchGFX/generated/gui_generated/src/common/FrontendApplicationBase.o
                0x9000111a                touchgfx::Callback<FrontendApplicationBase, void, void, void>::isValid() const
 .text._ZN8touchgfx12NoTransitionD0Ev
                0x90001132        0xe TouchGFX/build/STM32F7508-DK/TouchGFX/generated/gui_generated/src/common/FrontendApplicationBase.o
                0x90001132                touchgfx::NoTransition::~NoTransition()
 .text._ZN23FrontendApplicationBaseD0Ev
                0x90001140       0x10 TouchGFX/build/STM32F7508-DK/TouchGFX/generated/gui_generated/src/common/FrontendApplicationBase.o
                0x90001140                FrontendApplicationBase::~FrontendApplicationBase()
 .text._ZN8touchgfx8CallbackI23FrontendApplicationBasevvvED0Ev
                0x90001150        0xe TouchGFX/build/STM32F7508-DK/TouchGFX/generated/gui_generated/src/common/FrontendApplicationBase.o
                0x90001150                touchgfx::Callback<FrontendApplicationBase, void, void, void>::~Callback()
 .text._ZN8touchgfx10Transition10invalidateEv
                0x9000115e        0xe TouchGFX/build/STM32F7508-DK/TouchGFX/generated/gui_generated/src/common/FrontendApplicationBase.o
                0x9000115e                touchgfx::Transition::invalidate()
 .text._ZN23FrontendApplicationBaseC2ER5ModelR12FrontendHeap
                0x9000116c       0x68 TouchGFX/build/STM32F7508-DK/TouchGFX/generated/gui_generated/src/common/FrontendApplicationBase.o
                0x9000116c                FrontendApplicationBase::FrontendApplicationBase(Model&, FrontendHeap&)
                0x9000116c                FrontendApplicationBase::FrontendApplicationBase(Model&, FrontendHeap&)
 .text._ZN23FrontendApplicationBase32gotomainScreenScreenNoTransitionEv
                0x900011d4       0x20 TouchGFX/build/STM32F7508-DK/TouchGFX/generated/gui_generated/src/common/FrontendApplicationBase.o
                0x900011d4                FrontendApplicationBase::gotomainScreenScreenNoTransition()
 .text._ZN8touchgfx14makeTransitionI14mainScreenView19mainScreenPresenterNS_12NoTransitionE5ModelEEPT0_PPNS_6ScreenEPPNS_9PresenterERNS_7MVPHeapEPPNS_10TransitionEPT2_
                0x900011f4      0x140 TouchGFX/build/STM32F7508-DK/TouchGFX/generated/gui_generated/src/common/FrontendApplicationBase.o
                0x900011f4                mainScreenPresenter* touchgfx::makeTransition<mainScreenView, mainScreenPresenter, touchgfx::NoTransition, Model>(touchgfx::Screen**, touchgfx::Presenter**, touchgfx::MVPHeap&, touchgfx::Transition**, Model*)
 .text._ZN23FrontendApplicationBase36gotomainScreenScreenNoTransitionImplEv
                0x90001334       0x28 TouchGFX/build/STM32F7508-DK/TouchGFX/generated/gui_generated/src/common/FrontendApplicationBase.o
                0x90001334                FrontendApplicationBase::gotomainScreenScreenNoTransitionImpl()
 .text._ZNK8touchgfx4Font8getGlyphEt
                0x9000135c       0x1e TouchGFX/build/STM32F7508-DK/TouchGFX/generated/fonts/src/GeneratedFont.o
                0x9000135c                touchgfx::Font::getGlyph(unsigned short) const
 .text._ZNK8touchgfx4Font15getFallbackCharEv
                0x9000137a        0x4 TouchGFX/build/STM32F7508-DK/TouchGFX/generated/fonts/src/GeneratedFont.o
                0x9000137a                touchgfx::Font::getFallbackChar() const
 .text._ZNK8touchgfx4Font15getEllipsisCharEv
                0x9000137e        0x4 TouchGFX/build/STM32F7508-DK/TouchGFX/generated/fonts/src/GeneratedFont.o
                0x9000137e                touchgfx::Font::getEllipsisChar() const
 .text._ZNK8touchgfx4Font13getFontHeightEv
                0x90001382        0x4 TouchGFX/build/STM32F7508-DK/TouchGFX/generated/fonts/src/GeneratedFont.o
                0x90001382                touchgfx::Font::getFontHeight() const
 .text._ZNK8touchgfx4Font20getMinimumTextHeightEv
                0x90001386        0xa TouchGFX/build/STM32F7508-DK/TouchGFX/generated/fonts/src/GeneratedFont.o
                0x90001386                touchgfx::Font::getMinimumTextHeight() const
 .text._ZNK8touchgfx4Font15getBitsPerPixelEv
                0x90001390        0x8 TouchGFX/build/STM32F7508-DK/TouchGFX/generated/fonts/src/GeneratedFont.o
                0x90001390                touchgfx::Font::getBitsPerPixel() const
 .text._ZNK8touchgfx4Font15getByteAlignRowEv
                0x90001398        0x6 TouchGFX/build/STM32F7508-DK/TouchGFX/generated/fonts/src/GeneratedFont.o
                0x90001398                touchgfx::Font::getByteAlignRow() const
 .text._ZNK8touchgfx13GeneratedFont12getGSUBTableEv
                0x9000139e        0x4 TouchGFX/build/STM32F7508-DK/TouchGFX/generated/fonts/src/GeneratedFont.o
                0x9000139e                touchgfx::GeneratedFont::getGSUBTable() const
 .text._ZNK8touchgfx13GeneratedFont23getContextualFormsTableEv
                0x900013a2        0x4 TouchGFX/build/STM32F7508-DK/TouchGFX/generated/fonts/src/GeneratedFont.o
                0x900013a2                touchgfx::GeneratedFont::getContextualFormsTable() const
 .text._ZN8touchgfx13GeneratedFontD2Ev
                0x900013a6        0x2 TouchGFX/build/STM32F7508-DK/TouchGFX/generated/fonts/src/GeneratedFont.o
                0x900013a6                touchgfx::GeneratedFont::~GeneratedFont()
                0x900013a6                touchgfx::GeneratedFont::~GeneratedFont()
 .text._ZNK8touchgfx13GeneratedFont12getPixelDataEPKNS_9GlyphNodeE
                0x900013a8       0x10 TouchGFX/build/STM32F7508-DK/TouchGFX/generated/fonts/src/GeneratedFont.o
                0x900013a8                touchgfx::GeneratedFont::getPixelData(touchgfx::GlyphNode const*) const
 .text._ZNK8touchgfx13GeneratedFont10getKerningEtPKNS_9GlyphNodeE
                0x900013b8       0x3a TouchGFX/build/STM32F7508-DK/TouchGFX/generated/fonts/src/GeneratedFont.o
                0x900013b8                touchgfx::GeneratedFont::getKerning(unsigned short, touchgfx::GlyphNode const*) const
 .text._ZN8touchgfx13GeneratedFontD0Ev
                0x900013f2        0xe TouchGFX/build/STM32F7508-DK/TouchGFX/generated/fonts/src/GeneratedFont.o
                0x900013f2                touchgfx::GeneratedFont::~GeneratedFont()
 .text._ZN8touchgfx13GeneratedFontC2EPKNS_9GlyphNodeEtthhhhhPKPKhPKNS_11KerningNodeEttPKtPKNS_24FontContextualFormsTableE
                0x90001400       0x54 TouchGFX/build/STM32F7508-DK/TouchGFX/generated/fonts/src/GeneratedFont.o
                0x90001400                touchgfx::GeneratedFont::GeneratedFont(touchgfx::GlyphNode const*, unsigned short, unsigned short, unsigned char, unsigned char, unsigned char, unsigned char, unsigned char, unsigned char const* const*, touchgfx::KerningNode const*, unsigned short, unsigned short, unsigned short const*, touchgfx::FontContextualFormsTable const*)
                0x90001400                touchgfx::GeneratedFont::GeneratedFont(touchgfx::GlyphNode const*, unsigned short, unsigned short, unsigned char, unsigned char, unsigned char, unsigned char, unsigned char, unsigned char const* const*, touchgfx::KerningNode const*, unsigned short, unsigned short, unsigned short const*, touchgfx::FontContextualFormsTable const*)
 .text._Z23getFont_verdana_10_4bppv
                0x90001454       0x78 TouchGFX/build/STM32F7508-DK/TouchGFX/generated/fonts/src/Table_verdana_10_4bpp.o
                0x90001454                getFont_verdana_10_4bpp()
 .text._Z23getFont_verdana_40_4bppv
                0x900014cc       0x78 TouchGFX/build/STM32F7508-DK/TouchGFX/generated/fonts/src/Table_verdana_40_4bpp.o
                0x900014cc                getFont_verdana_40_4bpp()
 .text._Z23getFont_verdana_20_4bppv
                0x90001544       0x78 TouchGFX/build/STM32F7508-DK/TouchGFX/generated/fonts/src/Table_verdana_20_4bpp.o
                0x90001544                getFont_verdana_20_4bpp()
 .text._ZN23ApplicationFontProviderD2Ev
                0x900015bc        0x2 TouchGFX/build/STM32F7508-DK/TouchGFX/generated/fonts/src/ApplicationFontProvider.o
                0x900015bc                ApplicationFontProvider::~ApplicationFontProvider()
                0x900015bc                ApplicationFontProvider::~ApplicationFontProvider()
 .text._ZN23ApplicationFontProviderD0Ev
                0x900015be        0xe TouchGFX/build/STM32F7508-DK/TouchGFX/generated/fonts/src/ApplicationFontProvider.o
                0x900015be                ApplicationFontProvider::~ApplicationFontProvider()
 .text._ZN23ApplicationFontProvider7getFontEt
                0x900015cc       0x28 TouchGFX/build/STM32F7508-DK/TouchGFX/generated/fonts/src/ApplicationFontProvider.o
                0x900015cc                ApplicationFontProvider::getFont(unsigned short)
 .text._ZN14BitmapDatabase11getInstanceEv
                0x900015f4        0x8 TouchGFX/build/STM32F7508-DK/TouchGFX/generated/images/src/BitmapDatabase.o
                0x900015f4                BitmapDatabase::getInstance()
 .text._ZN14BitmapDatabase15getInstanceSizeEv
                0x900015fc        0x4 TouchGFX/build/STM32F7508-DK/TouchGFX/generated/images/src/BitmapDatabase.o
                0x900015fc                BitmapDatabase::getInstanceSize()
 .text._ZN17TypedTextDatabase15getInstanceSizeEv
                0x90001600        0x4 TouchGFX/build/STM32F7508-DK/TouchGFX/generated/texts/src/TypedTextDatabase.o
                0x90001600                TypedTextDatabase::getInstanceSize()
 .text._ZN17TypedTextDatabase8getFontsEv
                0x90001604        0x8 TouchGFX/build/STM32F7508-DK/TouchGFX/generated/texts/src/TypedTextDatabase.o
                0x90001604                TypedTextDatabase::getFonts()
 .text.startup._GLOBAL__sub_I_touchgfx_fonts
                0x9000160c       0x1c TouchGFX/build/STM32F7508-DK/TouchGFX/generated/texts/src/TypedTextDatabase.o
 .text._ZNK8touchgfx4Font12getGSUBTableEv
                0x90001628        0x4 TouchGFX/build/STM32F7508-DK/TouchGFX/generated/texts/src/Texts.o
                0x90001628                touchgfx::Font::getGSUBTable() const
 .text._ZNK8touchgfx4Font23getContextualFormsTableEv
                0x9000162c        0x4 TouchGFX/build/STM32F7508-DK/TouchGFX/generated/texts/src/Texts.o
                0x9000162c                touchgfx::Font::getContextualFormsTable() const
 .text._ZNK8touchgfx4Font14getStringWidthEPKtz
                0x90001630       0x1c TouchGFX/build/STM32F7508-DK/TouchGFX/generated/texts/src/Texts.o
                0x90001630                touchgfx::Font::getStringWidth(unsigned short const*, ...) const
 .text._ZNK8touchgfx4Font14getStringWidthEhPKtz
                0x9000164c       0x1a TouchGFX/build/STM32F7508-DK/TouchGFX/generated/texts/src/Texts.o
                0x9000164c                touchgfx::Font::getStringWidth(unsigned char, unsigned short const*, ...) const
 *fill*         0x90001666        0x2 
 .text._ZN8touchgfx12TextProvider15getNextLigatureEh
                0x90001668       0x84 TouchGFX/build/STM32F7508-DK/TouchGFX/generated/texts/src/Texts.o
                0x90001668                touchgfx::TextProvider::getNextLigature(unsigned char)
 .text._ZN8touchgfx12TextProvider18initializeInternalEv
                0x900016ec        0x4 TouchGFX/build/STM32F7508-DK/TouchGFX/generated/texts/src/Texts.o
                0x900016ec                touchgfx::TextProvider::initializeInternal()
 .text._ZN8touchgfx5Texts11setLanguageEt
                0x900016f0       0x74 TouchGFX/build/STM32F7508-DK/TouchGFX/generated/texts/src/Texts.o
                0x900016f0                touchgfx::Texts::setLanguage(unsigned short)
 .text._ZN8touchgfx3HAL21setDisplayOrientationENS_18DisplayOrientationE
                0x90001764        0xc TouchGFX/build/STM32F7508-DK/TouchGFX/target/generated/TouchGFXGeneratedHAL.o
                0x90001764                touchgfx::HAL::setDisplayOrientation(touchgfx::DisplayOrientation)
 .text._ZN8touchgfx3HAL9sampleKeyERh
                0x90001770        0x4 TouchGFX/build/STM32F7508-DK/TouchGFX/target/generated/TouchGFXGeneratedHAL.o
                0x90001770                touchgfx::HAL::sampleKey(unsigned char&)
 .text._ZN8touchgfx3HAL19setAnimationStorageEPv
                0x90001774       0x14 TouchGFX/build/STM32F7508-DK/TouchGFX/target/generated/TouchGFXGeneratedHAL.o
                0x90001774                touchgfx::HAL::setAnimationStorage(void*)
 .text._ZNK8touchgfx3HAL18getFlashDataReaderEv
                0x90001788        0x4 TouchGFX/build/STM32F7508-DK/TouchGFX/target/generated/TouchGFXGeneratedHAL.o
                0x90001788                touchgfx::HAL::getFlashDataReader() const
 .text._ZN8touchgfx3HAL9taskDelayEt
                0x9000178c        0xa TouchGFX/build/STM32F7508-DK/TouchGFX/target/generated/TouchGFXGeneratedHAL.o
                0x9000178c                touchgfx::HAL::taskDelay(unsigned short)
 .text._ZN8touchgfx3HAL17getTFTCurrentLineEv
                0x90001796        0x6 TouchGFX/build/STM32F7508-DK/TouchGFX/target/generated/TouchGFXGeneratedHAL.o
                0x90001796                touchgfx::HAL::getTFTCurrentLine()
 .text._ZN8touchgfx3HAL10getDMATypeEv
                0x9000179c        0x8 TouchGFX/build/STM32F7508-DK/TouchGFX/target/generated/TouchGFXGeneratedHAL.o
                0x9000179c                touchgfx::HAL::getDMAType()
 .text.SCB_CleanInvalidateDCache
                0x900017a4       0x54 TouchGFX/build/STM32F7508-DK/TouchGFX/target/generated/TouchGFXGeneratedHAL.o
 .text._ZN20TouchGFXGeneratedHAL19configureInterruptsEv
                0x900017f8       0x14 TouchGFX/build/STM32F7508-DK/TouchGFX/target/generated/TouchGFXGeneratedHAL.o
                0x900017f8                TouchGFXGeneratedHAL::configureInterrupts()
 .text._ZN20TouchGFXGeneratedHAL28enableLCDControllerInterruptEv
                0x9000180c       0x34 TouchGFX/build/STM32F7508-DK/TouchGFX/target/generated/TouchGFXGeneratedHAL.o
                0x9000180c                TouchGFXGeneratedHAL::enableLCDControllerInterrupt()
 .text._ZNK20TouchGFXGeneratedHAL17getTFTFrameBufferEv
                0x90001840        0xc TouchGFX/build/STM32F7508-DK/TouchGFX/target/generated/TouchGFXGeneratedHAL.o
                0x90001840                TouchGFXGeneratedHAL::getTFTFrameBuffer() const
 .text._ZN20TouchGFXGeneratedHAL17setTFTFrameBufferEPt
                0x9000184c       0x10 TouchGFX/build/STM32F7508-DK/TouchGFX/target/generated/TouchGFXGeneratedHAL.o
                0x9000184c                TouchGFXGeneratedHAL::setTFTFrameBuffer(unsigned short*)
 .text._ZN20TouchGFXGeneratedHAL15InvalidateCacheEv
                0x9000185c       0x14 TouchGFX/build/STM32F7508-DK/TouchGFX/target/generated/TouchGFXGeneratedHAL.o
                0x9000185c                TouchGFXGeneratedHAL::InvalidateCache()
                0x9000185c                TouchGFXGeneratedHAL::FlushCache()
 .text._ZN20TouchGFXGeneratedHAL10initializeEv
                0x90001870       0x34 TouchGFX/build/STM32F7508-DK/TouchGFX/target/generated/TouchGFXGeneratedHAL.o
                0x90001870                TouchGFXGeneratedHAL::initialize()
 .text._ZN8touchgfx3HAL28setFrameBufferStartAddressesEPvS1_S1_
                0x900018a4       0x40 TouchGFX/build/STM32F7508-DK/TouchGFX/target/generated/TouchGFXGeneratedHAL.o
                0x900018a4                touchgfx::HAL::setFrameBufferStartAddresses(void*, void*, void*)
 .text._ZN8touchgfx3HAL18setFrameBufferSizeEtt
                0x900018e4       0x44 TouchGFX/build/STM32F7508-DK/TouchGFX/target/generated/TouchGFXGeneratedHAL.o
                0x900018e4                touchgfx::HAL::setFrameBufferSize(unsigned short, unsigned short)
 .text._ZN20TouchGFXGeneratedHAL10beginFrameEv
                0x90001928        0x4 TouchGFX/build/STM32F7508-DK/TouchGFX/target/generated/TouchGFXGeneratedHAL.o
                0x90001928                TouchGFXGeneratedHAL::beginFrame()
 .text._ZN20TouchGFXGeneratedHAL8endFrameEv
                0x9000192c       0x14 TouchGFX/build/STM32F7508-DK/TouchGFX/target/generated/TouchGFXGeneratedHAL.o
                0x9000192c                TouchGFXGeneratedHAL::endFrame()
 .text._ZN20TouchGFXGeneratedHAL16flushFrameBufferERKN8touchgfx4RectE
                0x90001940       0x1c TouchGFX/build/STM32F7508-DK/TouchGFX/target/generated/TouchGFXGeneratedHAL.o
                0x90001940                TouchGFXGeneratedHAL::flushFrameBuffer(touchgfx::Rect const&)
 .text._ZN20TouchGFXGeneratedHAL9blockCopyEPvPKvm
                0x9000195c        0x4 TouchGFX/build/STM32F7508-DK/TouchGFX/target/generated/TouchGFXGeneratedHAL.o
                0x9000195c                TouchGFXGeneratedHAL::blockCopy(void*, void const*, unsigned long)
 .text._ZN8touchgfx3HAL15backPorchExitedEv
                0x90001960       0x16 TouchGFX/build/STM32F7508-DK/TouchGFX/target/generated/TouchGFXGeneratedHAL.o
                0x90001960                touchgfx::HAL::backPorchExited()
 .text._ZN8touchgfx3HAL11getBlitCapsEv
                0x90001976       0x12 TouchGFX/build/STM32F7508-DK/TouchGFX/target/generated/TouchGFXGeneratedHAL.o
                0x90001976                touchgfx::HAL::getBlitCaps()
 .text._ZN8touchgfx3HAL31performDisplayOrientationChangeEv
                0x90001988       0x48 TouchGFX/build/STM32F7508-DK/TouchGFX/target/generated/TouchGFXGeneratedHAL.o
                0x90001988                touchgfx::HAL::performDisplayOrientationChange()
 .text._ZN20TouchGFXGeneratedHAL16enableInterruptsEv
                0x900019d0       0x14 TouchGFX/build/STM32F7508-DK/TouchGFX/target/generated/TouchGFXGeneratedHAL.o
                0x900019d0                TouchGFXGeneratedHAL::enableInterrupts()
 .text._ZN20TouchGFXGeneratedHAL17disableInterruptsEv
                0x900019e4       0x28 TouchGFX/build/STM32F7508-DK/TouchGFX/target/generated/TouchGFXGeneratedHAL.o
                0x900019e4                TouchGFXGeneratedHAL::disableInterrupts()
 .text.HAL_LTDC_LineEventCallback
                0x90001a0c       0x64 TouchGFX/build/STM32F7508-DK/TouchGFX/target/generated/TouchGFXGeneratedHAL.o
                0x90001a0c                HAL_LTDC_LineEventCallback
 .text._ZN8touchgfx13DMA_Interface5flushEv
                0x90001a70        0x6 TouchGFX/build/STM32F7508-DK/TouchGFX/target/generated/STM32DMA.o
                0x90001a70                touchgfx::DMA_Interface::flush()
 .text._ZN8STM32DMA10getDMATypeEv
                0x90001a76        0x4 TouchGFX/build/STM32F7508-DK/TouchGFX/target/generated/STM32DMA.o
                0x90001a76                STM32DMA::getDMAType()
 .text._ZN8STM32DMA18signalDMAInterruptEv
                0x90001a7a        0x6 TouchGFX/build/STM32F7508-DK/TouchGFX/target/generated/STM32DMA.o
                0x90001a7a                STM32DMA::signalDMAInterrupt()
 .text._ZN8STM32DMA10initializeEv
                0x90001a80       0x48 TouchGFX/build/STM32F7508-DK/TouchGFX/target/generated/STM32DMA.o
                0x90001a80                STM32DMA::initialize()
 .text._ZN8STM32DMA11getBlitCapsEv
                0x90001ac8        0x6 TouchGFX/build/STM32F7508-DK/TouchGFX/target/generated/STM32DMA.o
                0x90001ac8                STM32DMA::getBlitCaps()
 *fill*         0x90001ace        0x2 
 .text.DMA2D_XferCpltCallback
                0x90001ad0       0x10 TouchGFX/build/STM32F7508-DK/TouchGFX/target/generated/STM32DMA.o
 .text._ZN8STM32DMA22getChromARTInputFormatEN8touchgfx6Bitmap12BitmapFormatE.isra.1
                0x90001ae0       0x40 TouchGFX/build/STM32F7508-DK/TouchGFX/target/generated/STM32DMA.o
 .text._ZN8STM32DMA23getChromARTOutputFormatEN8touchgfx6Bitmap12BitmapFormatE.isra.3
                0x90001b20       0x3c TouchGFX/build/STM32F7508-DK/TouchGFX/target/generated/STM32DMA.o
 .text._ZN8STM32DMA13setupDataCopyERKN8touchgfx6BlitOpE
                0x90001b5c      0x168 TouchGFX/build/STM32F7508-DK/TouchGFX/target/generated/STM32DMA.o
                0x90001b5c                STM32DMA::setupDataCopy(touchgfx::BlitOp const&)
 .text._ZN8STM32DMA13setupDataFillERKN8touchgfx6BlitOpE
                0x90001cc4       0x8c TouchGFX/build/STM32F7508-DK/TouchGFX/target/generated/STM32DMA.o
                0x90001cc4                STM32DMA::setupDataFill(touchgfx::BlitOp const&)
 .text._ZN8STM32DMAD2Ev
                0x90001d50       0x20 TouchGFX/build/STM32F7508-DK/TouchGFX/target/generated/STM32DMA.o
                0x90001d50                STM32DMA::~STM32DMA()
                0x90001d50                STM32DMA::~STM32DMA()
 .text._ZN8STM32DMAD0Ev
                0x90001d70       0x16 TouchGFX/build/STM32F7508-DK/TouchGFX/target/generated/STM32DMA.o
                0x90001d70                STM32DMA::~STM32DMA()
 *fill*         0x90001d86        0x2 
 .text._ZN8STM32DMAC2Ev
                0x90001d88       0x34 TouchGFX/build/STM32F7508-DK/TouchGFX/target/generated/STM32DMA.o
                0x90001d88                STM32DMA::STM32DMA()
                0x90001d88                STM32DMA::STM32DMA()
 .text._ZN8touchgfx10OSWrappers10initializeEv
                0x90001dbc       0x50 TouchGFX/build/STM32F7508-DK/TouchGFX/target/generated/OSWrappers.o
                0x90001dbc                touchgfx::OSWrappers::initialize()
 .text._ZN8touchgfx10OSWrappers24takeFrameBufferSemaphoreEv
                0x90001e0c       0x10 TouchGFX/build/STM32F7508-DK/TouchGFX/target/generated/OSWrappers.o
                0x90001e0c                touchgfx::OSWrappers::takeFrameBufferSemaphore()
 .text._ZN8touchgfx10OSWrappers24giveFrameBufferSemaphoreEv
                0x90001e1c        0xc TouchGFX/build/STM32F7508-DK/TouchGFX/target/generated/OSWrappers.o
                0x90001e1c                touchgfx::OSWrappers::giveFrameBufferSemaphore()
 .text._ZN8touchgfx10OSWrappers27tryTakeFrameBufferSemaphoreEv
                0x90001e28       0x10 TouchGFX/build/STM32F7508-DK/TouchGFX/target/generated/OSWrappers.o
                0x90001e28                touchgfx::OSWrappers::tryTakeFrameBufferSemaphore()
 .text._ZN8touchgfx10OSWrappers31giveFrameBufferSemaphoreFromISREv
                0x90001e38        0x4 TouchGFX/build/STM32F7508-DK/TouchGFX/target/generated/OSWrappers.o
                0x90001e38                touchgfx::OSWrappers::giveFrameBufferSemaphoreFromISR()
 .text._ZN8touchgfx10OSWrappers11signalVSyncEv
                0x90001e3c       0x18 TouchGFX/build/STM32F7508-DK/TouchGFX/target/generated/OSWrappers.o
                0x90001e3c                touchgfx::OSWrappers::signalVSync()
 .text._ZN8touchgfx10OSWrappers12waitForVSyncEv
                0x90001e54       0x28 TouchGFX/build/STM32F7508-DK/TouchGFX/target/generated/OSWrappers.o
                0x90001e54                touchgfx::OSWrappers::waitForVSync()
 .text._ZN20STM32TouchControllerD2Ev
                0x90001e7c        0x2 TouchGFX/build/STM32F7508-DK/TouchGFX/target/generated/TouchGFXConfiguration.o
                0x90001e7c                STM32TouchController::~STM32TouchController()
                0x90001e7c                STM32TouchController::~STM32TouchController()
 .text._ZN8touchgfx8LCD16bppD2Ev
                0x90001e7e        0x2 TouchGFX/build/STM32F7508-DK/TouchGFX/target/generated/TouchGFXConfiguration.o
                0x90001e7e                touchgfx::LCD16bpp::~LCD16bpp()
                0x90001e7e                touchgfx::LCD16bpp::~LCD16bpp()
 .text._ZN11TouchGFXHALD2Ev
                0x90001e80        0x2 TouchGFX/build/STM32F7508-DK/TouchGFX/target/generated/TouchGFXConfiguration.o
                0x90001e80                TouchGFXHAL::~TouchGFXHAL()
                0x90001e80                TouchGFXHAL::~TouchGFXHAL()
 .text._ZNK8touchgfx9PartitionINS_4meta8TypeListINS_12NoTransitionENS2_INS1_3NilES4_EEEELt1EE8capacityEv
                0x90001e82        0x4 TouchGFX/build/STM32F7508-DK/TouchGFX/target/generated/TouchGFXConfiguration.o
                0x90001e82                touchgfx::Partition<touchgfx::meta::TypeList<touchgfx::NoTransition, touchgfx::meta::TypeList<touchgfx::meta::Nil, touchgfx::meta::Nil> >, (unsigned short)1>::capacity() const
 .text._ZN8touchgfx9PartitionINS_4meta8TypeListINS_12NoTransitionENS2_INS1_3NilES4_EEEELt1EE12element_sizeEv
                0x90001e86        0x4 TouchGFX/build/STM32F7508-DK/TouchGFX/target/generated/TouchGFXConfiguration.o
                0x90001e86                touchgfx::Partition<touchgfx::meta::TypeList<touchgfx::NoTransition, touchgfx::meta::TypeList<touchgfx::meta::Nil, touchgfx::meta::Nil> >, (unsigned short)1>::element_size()
 .text._ZN8touchgfx9PartitionINS_4meta8TypeListINS_12NoTransitionENS2_INS1_3NilES4_EEEELt1EE7elementEt
                0x90001e8a        0xa TouchGFX/build/STM32F7508-DK/TouchGFX/target/generated/TouchGFXConfiguration.o
                0x90001e8a                touchgfx::Partition<touchgfx::meta::TypeList<touchgfx::NoTransition, touchgfx::meta::TypeList<touchgfx::meta::Nil, touchgfx::meta::Nil> >, (unsigned short)1>::element(unsigned short)
 .text._ZNK8touchgfx9PartitionINS_4meta8TypeListINS_12NoTransitionENS2_INS1_3NilES4_EEEELt1EE7elementEt
                0x90001e94        0xa TouchGFX/build/STM32F7508-DK/TouchGFX/target/generated/TouchGFXConfiguration.o
                0x90001e94                touchgfx::Partition<touchgfx::meta::TypeList<touchgfx::NoTransition, touchgfx::meta::TypeList<touchgfx::meta::Nil, touchgfx::meta::Nil> >, (unsigned short)1>::element(unsigned short) const
 .text._ZNK8touchgfx9PartitionINS_4meta8TypeListI14mainScreenViewNS2_INS1_3NilES4_EEEELt1EE8capacityEv
                0x90001e9e        0x4 TouchGFX/build/STM32F7508-DK/TouchGFX/target/generated/TouchGFXConfiguration.o
                0x90001e9e                touchgfx::Partition<touchgfx::meta::TypeList<mainScreenView, touchgfx::meta::TypeList<touchgfx::meta::Nil, touchgfx::meta::Nil> >, (unsigned short)1>::capacity() const
 .text._ZN8touchgfx9PartitionINS_4meta8TypeListI14mainScreenViewNS2_INS1_3NilES4_EEEELt1EE12element_sizeEv
                0x90001ea2        0x6 TouchGFX/build/STM32F7508-DK/TouchGFX/target/generated/TouchGFXConfiguration.o
                0x90001ea2                touchgfx::Partition<touchgfx::meta::TypeList<mainScreenView, touchgfx::meta::TypeList<touchgfx::meta::Nil, touchgfx::meta::Nil> >, (unsigned short)1>::element_size()
 .text._ZN8touchgfx9PartitionINS_4meta8TypeListI14mainScreenViewNS2_INS1_3NilES4_EEEELt1EE7elementEt
                0x90001ea8        0xc TouchGFX/build/STM32F7508-DK/TouchGFX/target/generated/TouchGFXConfiguration.o
                0x90001ea8                touchgfx::Partition<touchgfx::meta::TypeList<mainScreenView, touchgfx::meta::TypeList<touchgfx::meta::Nil, touchgfx::meta::Nil> >, (unsigned short)1>::element(unsigned short)
 .text._ZNK8touchgfx9PartitionINS_4meta8TypeListI14mainScreenViewNS2_INS1_3NilES4_EEEELt1EE7elementEt
                0x90001eb4        0xc TouchGFX/build/STM32F7508-DK/TouchGFX/target/generated/TouchGFXConfiguration.o
                0x90001eb4                touchgfx::Partition<touchgfx::meta::TypeList<mainScreenView, touchgfx::meta::TypeList<touchgfx::meta::Nil, touchgfx::meta::Nil> >, (unsigned short)1>::element(unsigned short) const
 .text._ZNK8touchgfx9PartitionINS_4meta8TypeListI19mainScreenPresenterNS2_INS1_3NilES4_EEEELt1EE8capacityEv
                0x90001ec0        0x4 TouchGFX/build/STM32F7508-DK/TouchGFX/target/generated/TouchGFXConfiguration.o
                0x90001ec0                touchgfx::Partition<touchgfx::meta::TypeList<mainScreenPresenter, touchgfx::meta::TypeList<touchgfx::meta::Nil, touchgfx::meta::Nil> >, (unsigned short)1>::capacity() const
 .text._ZN8touchgfx9PartitionINS_4meta8TypeListI19mainScreenPresenterNS2_INS1_3NilES4_EEEELt1EE12element_sizeEv
                0x90001ec4        0x4 TouchGFX/build/STM32F7508-DK/TouchGFX/target/generated/TouchGFXConfiguration.o
                0x90001ec4                touchgfx::Partition<touchgfx::meta::TypeList<mainScreenPresenter, touchgfx::meta::TypeList<touchgfx::meta::Nil, touchgfx::meta::Nil> >, (unsigned short)1>::element_size()
 .text._ZN8touchgfx9PartitionINS_4meta8TypeListI19mainScreenPresenterNS2_INS1_3NilES4_EEEELt1EE7elementEt
                0x90001ec8        0x8 TouchGFX/build/STM32F7508-DK/TouchGFX/target/generated/TouchGFXConfiguration.o
                0x90001ec8                touchgfx::Partition<touchgfx::meta::TypeList<mainScreenPresenter, touchgfx::meta::TypeList<touchgfx::meta::Nil, touchgfx::meta::Nil> >, (unsigned short)1>::element(unsigned short)
 .text._ZNK8touchgfx9PartitionINS_4meta8TypeListI19mainScreenPresenterNS2_INS1_3NilES4_EEEELt1EE7elementEt
                0x90001ed0        0x8 TouchGFX/build/STM32F7508-DK/TouchGFX/target/generated/TouchGFXConfiguration.o
                0x90001ed0                touchgfx::Partition<touchgfx::meta::TypeList<mainScreenPresenter, touchgfx::meta::TypeList<touchgfx::meta::Nil, touchgfx::meta::Nil> >, (unsigned short)1>::element(unsigned short) const
 .text._ZN16FrontendHeapBase15gotoStartScreenER19FrontendApplication
                0x90001ed8        0x6 TouchGFX/build/STM32F7508-DK/TouchGFX/target/generated/TouchGFXConfiguration.o
                0x90001ed8                FrontendHeapBase::gotoStartScreen(FrontendApplication&)
 *fill*         0x90001ede        0x2 
 .text._ZN8touchgfx9PartitionINS_4meta8TypeListINS_12NoTransitionENS2_INS1_3NilES4_EEEELt1EED2Ev
                0x90001ee0       0x14 TouchGFX/build/STM32F7508-DK/TouchGFX/target/generated/TouchGFXConfiguration.o
                0x90001ee0                touchgfx::Partition<touchgfx::meta::TypeList<touchgfx::NoTransition, touchgfx::meta::TypeList<touchgfx::meta::Nil, touchgfx::meta::Nil> >, (unsigned short)1>::~Partition()
                0x90001ee0                touchgfx::Partition<touchgfx::meta::TypeList<touchgfx::NoTransition, touchgfx::meta::TypeList<touchgfx::meta::Nil, touchgfx::meta::Nil> >, (unsigned short)1>::~Partition()
 .text._ZN8touchgfx9PartitionINS_4meta8TypeListINS_12NoTransitionENS2_INS1_3NilES4_EEEELt1EED0Ev
                0x90001ef4       0x14 TouchGFX/build/STM32F7508-DK/TouchGFX/target/generated/TouchGFXConfiguration.o
                0x90001ef4                touchgfx::Partition<touchgfx::meta::TypeList<touchgfx::NoTransition, touchgfx::meta::TypeList<touchgfx::meta::Nil, touchgfx::meta::Nil> >, (unsigned short)1>::~Partition()
 .text._ZN8touchgfx9PartitionINS_4meta8TypeListI14mainScreenViewNS2_INS1_3NilES4_EEEELt1EED2Ev
                0x90001f08       0x14 TouchGFX/build/STM32F7508-DK/TouchGFX/target/generated/TouchGFXConfiguration.o
                0x90001f08                touchgfx::Partition<touchgfx::meta::TypeList<mainScreenView, touchgfx::meta::TypeList<touchgfx::meta::Nil, touchgfx::meta::Nil> >, (unsigned short)1>::~Partition()
                0x90001f08                touchgfx::Partition<touchgfx::meta::TypeList<mainScreenView, touchgfx::meta::TypeList<touchgfx::meta::Nil, touchgfx::meta::Nil> >, (unsigned short)1>::~Partition()
 .text._ZN8touchgfx9PartitionINS_4meta8TypeListI14mainScreenViewNS2_INS1_3NilES4_EEEELt1EED0Ev
                0x90001f1c       0x16 TouchGFX/build/STM32F7508-DK/TouchGFX/target/generated/TouchGFXConfiguration.o
                0x90001f1c                touchgfx::Partition<touchgfx::meta::TypeList<mainScreenView, touchgfx::meta::TypeList<touchgfx::meta::Nil, touchgfx::meta::Nil> >, (unsigned short)1>::~Partition()
 *fill*         0x90001f32        0x2 
 .text._ZN8touchgfx9PartitionINS_4meta8TypeListI19mainScreenPresenterNS2_INS1_3NilES4_EEEELt1EED2Ev
                0x90001f34       0x14 TouchGFX/build/STM32F7508-DK/TouchGFX/target/generated/TouchGFXConfiguration.o
                0x90001f34                touchgfx::Partition<touchgfx::meta::TypeList<mainScreenPresenter, touchgfx::meta::TypeList<touchgfx::meta::Nil, touchgfx::meta::Nil> >, (unsigned short)1>::~Partition()
                0x90001f34                touchgfx::Partition<touchgfx::meta::TypeList<mainScreenPresenter, touchgfx::meta::TypeList<touchgfx::meta::Nil, touchgfx::meta::Nil> >, (unsigned short)1>::~Partition()
 .text._ZN8touchgfx9PartitionINS_4meta8TypeListI19mainScreenPresenterNS2_INS1_3NilES4_EEEELt1EED0Ev
                0x90001f48       0x14 TouchGFX/build/STM32F7508-DK/TouchGFX/target/generated/TouchGFXConfiguration.o
                0x90001f48                touchgfx::Partition<touchgfx::meta::TypeList<mainScreenPresenter, touchgfx::meta::TypeList<touchgfx::meta::Nil, touchgfx::meta::Nil> >, (unsigned short)1>::~Partition()
 .text._ZN12FrontendHeapD2Ev
                0x90001f5c       0x28 TouchGFX/build/STM32F7508-DK/TouchGFX/target/generated/TouchGFXConfiguration.o
                0x90001f5c                FrontendHeap::~FrontendHeap()
                0x90001f5c                FrontendHeap::~FrontendHeap()
 .text._ZN12FrontendHeapD0Ev
                0x90001f84       0x16 TouchGFX/build/STM32F7508-DK/TouchGFX/target/generated/TouchGFXConfiguration.o
                0x90001f84                FrontendHeap::~FrontendHeap()
 *fill*         0x90001f9a        0x2 
 .text.touchgfx_init
                0x90001f9c       0xec TouchGFX/build/STM32F7508-DK/TouchGFX/target/generated/TouchGFXConfiguration.o
                0x90001f9c                touchgfx_init
 .text.touchgfx_taskEntry
                0x90002088        0xc TouchGFX/build/STM32F7508-DK/TouchGFX/target/generated/TouchGFXConfiguration.o
                0x90002088                touchgfx_taskEntry
 .text._ZN20STM32TouchControllerD0Ev
                0x90002094        0xe TouchGFX/build/STM32F7508-DK/TouchGFX/target/generated/TouchGFXConfiguration.o
                0x90002094                STM32TouchController::~STM32TouchController()
 .text._ZN8touchgfx8LCD16bppD0Ev
                0x900020a2        0xe TouchGFX/build/STM32F7508-DK/TouchGFX/target/generated/TouchGFXConfiguration.o
                0x900020a2                touchgfx::LCD16bpp::~LCD16bpp()
 .text._ZN11TouchGFXHALD0Ev
                0x900020b0        0xe TouchGFX/build/STM32F7508-DK/TouchGFX/target/generated/TouchGFXConfiguration.o
                0x900020b0                TouchGFXHAL::~TouchGFXHAL()
 *fill*         0x900020be        0x2 
 .text.startup._GLOBAL__sub_I_touchgfx_init
                0x900020c0      0x13c TouchGFX/build/STM32F7508-DK/TouchGFX/target/generated/TouchGFXConfiguration.o
 .text._ZN8touchgfx25CortexMMCUInstrumentationD2Ev
                0x900021fc        0x2 TouchGFX/build/STM32F7508-DK/TouchGFX/target/TouchGFXHAL.o
                0x900021fc                touchgfx::CortexMMCUInstrumentation::~CortexMMCUInstrumentation()
                0x900021fc                touchgfx::CortexMMCUInstrumentation::~CortexMMCUInstrumentation()
 *fill*         0x900021fe        0x2 
 .text._ZN11TouchGFXHAL10initializeEv
                0x90002200       0x44 TouchGFX/build/STM32F7508-DK/TouchGFX/target/TouchGFXHAL.o
                0x90002200                TouchGFXHAL::initialize()
 .text._ZN11TouchGFXHAL9taskEntryEv
                0x90002244       0x48 TouchGFX/build/STM32F7508-DK/TouchGFX/target/TouchGFXHAL.o
                0x90002244                TouchGFXHAL::taskEntry()
 .text._ZNK11TouchGFXHAL17getTFTFrameBufferEv
                0x9000228c        0x4 TouchGFX/build/STM32F7508-DK/TouchGFX/target/TouchGFXHAL.o
                0x9000228c                TouchGFXHAL::getTFTFrameBuffer() const
 .text._ZN11TouchGFXHAL17setTFTFrameBufferEPt
                0x90002290        0x4 TouchGFX/build/STM32F7508-DK/TouchGFX/target/TouchGFXHAL.o
                0x90002290                TouchGFXHAL::setTFTFrameBuffer(unsigned short*)
 .text._ZN11TouchGFXHAL16flushFrameBufferERKN8touchgfx4RectE
                0x90002294       0x58 TouchGFX/build/STM32F7508-DK/TouchGFX/target/TouchGFXHAL.o
                0x90002294                TouchGFXHAL::flushFrameBuffer(touchgfx::Rect const&)
 .text._ZN11TouchGFXHAL19configureInterruptsEv
                0x900022ec        0x4 TouchGFX/build/STM32F7508-DK/TouchGFX/target/TouchGFXHAL.o
                0x900022ec                TouchGFXHAL::configureInterrupts()
 .text._ZN11TouchGFXHAL16enableInterruptsEv
                0x900022f0        0x4 TouchGFX/build/STM32F7508-DK/TouchGFX/target/TouchGFXHAL.o
                0x900022f0                TouchGFXHAL::enableInterrupts()
 .text._ZN11TouchGFXHAL17disableInterruptsEv
                0x900022f4        0x4 TouchGFX/build/STM32F7508-DK/TouchGFX/target/TouchGFXHAL.o
                0x900022f4                TouchGFXHAL::disableInterrupts()
 .text._ZN11TouchGFXHAL28enableLCDControllerInterruptEv
                0x900022f8        0x4 TouchGFX/build/STM32F7508-DK/TouchGFX/target/TouchGFXHAL.o
                0x900022f8                TouchGFXHAL::enableLCDControllerInterrupt()
 .text._ZN11TouchGFXHAL16flushFrameBufferEv
                0x900022fc        0x4 TouchGFX/build/STM32F7508-DK/TouchGFX/target/TouchGFXHAL.o
                0x900022fc                TouchGFXHAL::flushFrameBuffer()
 .text.IdleTaskHook
                0x90002300       0x1c TouchGFX/build/STM32F7508-DK/TouchGFX/target/TouchGFXHAL.o
                0x90002300                IdleTaskHook
 .text._ZN8touchgfx25CortexMMCUInstrumentationD0Ev
                0x9000231c        0xe TouchGFX/build/STM32F7508-DK/TouchGFX/target/TouchGFXHAL.o
                0x9000231c                touchgfx::CortexMMCUInstrumentation::~CortexMMCUInstrumentation()
 *fill*         0x9000232a        0x2 
 .text.startup._GLOBAL__sub_I_instrumentation
                0x9000232c       0x24 TouchGFX/build/STM32F7508-DK/TouchGFX/target/TouchGFXHAL.o
 .text._ZN8touchgfx4GPIO3setENS0_7GPIO_IDE
                0x90002350       0x60 TouchGFX/build/STM32F7508-DK/TouchGFX/target/TouchGFXGPIO.o
                0x90002350                touchgfx::GPIO::set(touchgfx::GPIO::GPIO_ID)
 .text._ZN8touchgfx4GPIO5clearENS0_7GPIO_IDE
                0x900023b0       0x60 TouchGFX/build/STM32F7508-DK/TouchGFX/target/TouchGFXGPIO.o
                0x900023b0                touchgfx::GPIO::clear(touchgfx::GPIO::GPIO_ID)
 .text._ZN8touchgfx4GPIO6toggleENS0_7GPIO_IDE
                0x90002410       0x34 TouchGFX/build/STM32F7508-DK/TouchGFX/target/TouchGFXGPIO.o
                0x90002410                touchgfx::GPIO::toggle(touchgfx::GPIO::GPIO_ID)
 .text._ZN8touchgfx4GPIO3getENS0_7GPIO_IDE
                0x90002444       0x40 TouchGFX/build/STM32F7508-DK/TouchGFX/target/TouchGFXGPIO.o
                0x90002444                touchgfx::GPIO::get(touchgfx::GPIO::GPIO_ID)
 .text._ZN8touchgfx4GPIO4initEv
                0x90002484       0x28 TouchGFX/build/STM32F7508-DK/TouchGFX/target/TouchGFXGPIO.o
                0x90002484                touchgfx::GPIO::init()
 .text._ZN20STM32TouchController11sampleTouchERlS0_
                0x900024ac       0x30 TouchGFX/build/STM32F7508-DK/TouchGFX/target/STM32TouchController.o
                0x900024ac                STM32TouchController::sampleTouch(long&, long&)
 .text._ZN20STM32TouchController4initEv
                0x900024dc       0x2c TouchGFX/build/STM32F7508-DK/TouchGFX/target/STM32TouchController.o
                0x900024dc                STM32TouchController::init()
 .text._ZN8touchgfx18MCUInstrumentation13getCCConsumedEv
                0x90002508        0x4 TouchGFX/build/STM32F7508-DK/TouchGFX/target/CortexMMCUInstrumentation.o
                0x90002508                touchgfx::MCUInstrumentation::getCCConsumed()
 .text._ZN8touchgfx18MCUInstrumentation13setCCConsumedEm
                0x9000250c        0x4 TouchGFX/build/STM32F7508-DK/TouchGFX/target/CortexMMCUInstrumentation.o
                0x9000250c                touchgfx::MCUInstrumentation::setCCConsumed(unsigned long)
 .text._ZN8touchgfx25CortexMMCUInstrumentation4initEv
                0x90002510       0x30 TouchGFX/build/STM32F7508-DK/TouchGFX/target/CortexMMCUInstrumentation.o
                0x90002510                touchgfx::CortexMMCUInstrumentation::init()
 .text._ZN8touchgfx25CortexMMCUInstrumentation12getElapsedUSEjjj
                0x90002540        0xc TouchGFX/build/STM32F7508-DK/TouchGFX/target/CortexMMCUInstrumentation.o
                0x90002540                touchgfx::CortexMMCUInstrumentation::getElapsedUS(unsigned int, unsigned int, unsigned int)
 .text._ZN8touchgfx25CortexMMCUInstrumentation12getCPUCyclesEv
                0x9000254c        0xc TouchGFX/build/STM32F7508-DK/TouchGFX/target/CortexMMCUInstrumentation.o
                0x9000254c                touchgfx::CortexMMCUInstrumentation::getCPUCycles()
 .text._ZN8touchgfx25CortexMMCUInstrumentation12setMCUActiveEb
                0x90002558       0x1e TouchGFX/build/STM32F7508-DK/TouchGFX/target/CortexMMCUInstrumentation.o
                0x90002558                touchgfx::CortexMMCUInstrumentation::setMCUActive(bool)
 *fill*         0x90002576        0x2 
 .text.SystemInit
                0x90002578       0x60 TouchGFX/build/STM32F7508-DK/Core/Src/system_stm32f7xx.o
                0x90002578                SystemInit
 .text.StartDefaultTask
                0x900025d8        0xa TouchGFX/build/STM32F7508-DK/Core/Src/main.o
                0x900025d8                StartDefaultTask
 *fill*         0x900025e2        0x2 
 .text.SystemClock_Config
                0x900025e4       0xa0 TouchGFX/build/STM32F7508-DK/Core/Src/main.o
                0x900025e4                SystemClock_Config
 .text.startup.main
                0x90002684      0x4dc TouchGFX/build/STM32F7508-DK/Core/Src/main.o
                0x90002684                main
 .text.HAL_TIM_PeriodElapsedCallback
                0x90002b60       0x14 TouchGFX/build/STM32F7508-DK/Core/Src/main.o
                0x90002b60                HAL_TIM_PeriodElapsedCallback
 .text.Error_Handler
                0x90002b74        0x2 TouchGFX/build/STM32F7508-DK/Core/Src/main.o
                0x90002b74                Error_Handler
 *fill*         0x90002b76        0x2 
 .text.HAL_InitTick
                0x90002b78       0x78 TouchGFX/build/STM32F7508-DK/Core/Src/stm32f7xx_hal_timebase_tim.o
                0x90002b78                HAL_InitTick
 .text.HAL_MspInit
                0x90002bf0       0x3c TouchGFX/build/STM32F7508-DK/Core/Src/stm32f7xx_hal_msp.o
                0x90002bf0                HAL_MspInit
 .text.HAL_ADC_MspInit
                0x90002c2c       0x60 TouchGFX/build/STM32F7508-DK/Core/Src/stm32f7xx_hal_msp.o
                0x90002c2c                HAL_ADC_MspInit
 .text.HAL_CRC_MspInit
                0x90002c8c       0x2c TouchGFX/build/STM32F7508-DK/Core/Src/stm32f7xx_hal_msp.o
                0x90002c8c                HAL_CRC_MspInit
 .text.HAL_DMA2D_MspInit
                0x90002cb8       0x40 TouchGFX/build/STM32F7508-DK/Core/Src/stm32f7xx_hal_msp.o
                0x90002cb8                HAL_DMA2D_MspInit
 .text.HAL_LTDC_MspInit
                0x90002cf8      0x154 TouchGFX/build/STM32F7508-DK/Core/Src/stm32f7xx_hal_msp.o
                0x90002cf8                HAL_LTDC_MspInit
 .text.HAL_UART_MspInit
                0x90002e4c       0xb0 TouchGFX/build/STM32F7508-DK/Core/Src/stm32f7xx_hal_msp.o
                0x90002e4c                HAL_UART_MspInit
 .text.HAL_SDRAM_MspInit
                0x90002efc       0xd8 TouchGFX/build/STM32F7508-DK/Core/Src/stm32f7xx_hal_msp.o
                0x90002efc                HAL_SDRAM_MspInit
 .text.HAL_SDRAM_MspDeInit
                0x90002fd4       0x74 TouchGFX/build/STM32F7508-DK/Core/Src/stm32f7xx_hal_msp.o
                0x90002fd4                HAL_SDRAM_MspDeInit
 .text.vApplicationIdleHook
                0x90003048        0xc TouchGFX/build/STM32F7508-DK/Core/Src/freertos.o
                0x90003048                vApplicationIdleHook
 .text.NMI_Handler
                0x90003054        0x2 TouchGFX/build/STM32F7508-DK/Core/Src/stm32f7xx_it.o
                0x90003054                NMI_Handler
 .text.HardFault_Handler
                0x90003056        0x2 TouchGFX/build/STM32F7508-DK/Core/Src/stm32f7xx_it.o
                0x90003056                HardFault_Handler
 .text.MemManage_Handler
                0x90003058        0x2 TouchGFX/build/STM32F7508-DK/Core/Src/stm32f7xx_it.o
                0x90003058                MemManage_Handler
 .text.BusFault_Handler
                0x9000305a        0x2 TouchGFX/build/STM32F7508-DK/Core/Src/stm32f7xx_it.o
                0x9000305a                BusFault_Handler
 .text.UsageFault_Handler
                0x9000305c        0x2 TouchGFX/build/STM32F7508-DK/Core/Src/stm32f7xx_it.o
                0x9000305c                UsageFault_Handler
 .text.DebugMon_Handler
                0x9000305e        0x2 TouchGFX/build/STM32F7508-DK/Core/Src/stm32f7xx_it.o
                0x9000305e                DebugMon_Handler
 .text.TIM6_DAC_IRQHandler
                0x90003060        0xc TouchGFX/build/STM32F7508-DK/Core/Src/stm32f7xx_it.o
                0x90003060                TIM6_DAC_IRQHandler
 .text.LTDC_IRQHandler
                0x9000306c        0xc TouchGFX/build/STM32F7508-DK/Core/Src/stm32f7xx_it.o
                0x9000306c                LTDC_IRQHandler
 .text.DMA2D_IRQHandler
                0x90003078        0xc TouchGFX/build/STM32F7508-DK/Core/Src/stm32f7xx_it.o
                0x90003078                DMA2D_IRQHandler
 .text.HAL_Init
                0x90003084       0x24 TouchGFX/build/STM32F7508-DK/Drivers/STM32F7xx_HAL_Driver/Src/stm32f7xx_hal.o
                0x90003084                HAL_Init
 .text.HAL_IncTick
                0x900030a8       0x18 TouchGFX/build/STM32F7508-DK/Drivers/STM32F7xx_HAL_Driver/Src/stm32f7xx_hal.o
                0x900030a8                HAL_IncTick
 .text.HAL_GetTick
                0x900030c0        0xc TouchGFX/build/STM32F7508-DK/Drivers/STM32F7xx_HAL_Driver/Src/stm32f7xx_hal.o
                0x900030c0                HAL_GetTick
 .text.HAL_Delay
                0x900030cc       0x24 TouchGFX/build/STM32F7508-DK/Drivers/STM32F7xx_HAL_Driver/Src/stm32f7xx_hal.o
                0x900030cc                HAL_Delay
 .text.HAL_DMA2D_Init
                0x900030f0       0x5c TouchGFX/build/STM32F7508-DK/Drivers/STM32F7xx_HAL_Driver/Src/stm32f7xx_hal_dma2d.o
                0x900030f0                HAL_DMA2D_Init
 .text.HAL_DMA2D_LineEventCallback
                0x9000314c        0x2 TouchGFX/build/STM32F7508-DK/Drivers/STM32F7xx_HAL_Driver/Src/stm32f7xx_hal_dma2d.o
                0x9000314c                HAL_DMA2D_LineEventCallback
 .text.HAL_DMA2D_CLUTLoadingCpltCallback
                0x9000314e        0x2 TouchGFX/build/STM32F7508-DK/Drivers/STM32F7xx_HAL_Driver/Src/stm32f7xx_hal_dma2d.o
                0x9000314e                HAL_DMA2D_CLUTLoadingCpltCallback
 .text.HAL_DMA2D_IRQHandler
                0x90003150      0x120 TouchGFX/build/STM32F7508-DK/Drivers/STM32F7xx_HAL_Driver/Src/stm32f7xx_hal_dma2d.o
                0x90003150                HAL_DMA2D_IRQHandler
 .text.HAL_DMA2D_ConfigLayer
                0x90003270       0x94 TouchGFX/build/STM32F7508-DK/Drivers/STM32F7xx_HAL_Driver/Src/stm32f7xx_hal_dma2d.o
                0x90003270                HAL_DMA2D_ConfigLayer
 .text.HAL_RCCEx_PeriphCLKConfig
                0x90003304      0x548 TouchGFX/build/STM32F7508-DK/Drivers/STM32F7xx_HAL_Driver/Src/stm32f7xx_hal_rcc_ex.o
                0x90003304                HAL_RCCEx_PeriphCLKConfig
 .text.HAL_CRC_Init
                0x9000384c       0x78 TouchGFX/build/STM32F7508-DK/Drivers/STM32F7xx_HAL_Driver/Src/stm32f7xx_hal_crc.o
                0x9000384c                HAL_CRC_Init
 .text.LTDC_SetConfig
                0x900038c4      0x148 TouchGFX/build/STM32F7508-DK/Drivers/STM32F7xx_HAL_Driver/Src/stm32f7xx_hal_ltdc.o
 .text.HAL_LTDC_Init
                0x90003a0c       0xf4 TouchGFX/build/STM32F7508-DK/Drivers/STM32F7xx_HAL_Driver/Src/stm32f7xx_hal_ltdc.o
                0x90003a0c                HAL_LTDC_Init
 .text.HAL_LTDC_ErrorCallback
                0x90003b00        0x2 TouchGFX/build/STM32F7508-DK/Drivers/STM32F7xx_HAL_Driver/Src/stm32f7xx_hal_ltdc.o
                0x90003b00                HAL_LTDC_ErrorCallback
 .text.HAL_LTDC_ReloadEventCallback
                0x90003b02        0x2 TouchGFX/build/STM32F7508-DK/Drivers/STM32F7xx_HAL_Driver/Src/stm32f7xx_hal_ltdc.o
                0x90003b02                HAL_LTDC_ReloadEventCallback
 .text.HAL_LTDC_IRQHandler
                0x90003b04       0xc2 TouchGFX/build/STM32F7508-DK/Drivers/STM32F7xx_HAL_Driver/Src/stm32f7xx_hal_ltdc.o
                0x90003b04                HAL_LTDC_IRQHandler
 .text.HAL_LTDC_ConfigLayer
                0x90003bc6       0x52 TouchGFX/build/STM32F7508-DK/Drivers/STM32F7xx_HAL_Driver/Src/stm32f7xx_hal_ltdc.o
                0x90003bc6                HAL_LTDC_ConfigLayer
 .text.HAL_LTDC_ProgramLineEvent
                0x90003c18       0x40 TouchGFX/build/STM32F7508-DK/Drivers/STM32F7xx_HAL_Driver/Src/stm32f7xx_hal_ltdc.o
                0x90003c18                HAL_LTDC_ProgramLineEvent
 .text.HAL_PWREx_EnableOverDrive
                0x90003c58       0x70 TouchGFX/build/STM32F7508-DK/Drivers/STM32F7xx_HAL_Driver/Src/stm32f7xx_hal_pwr_ex.o
                0x90003c58                HAL_PWREx_EnableOverDrive
 .text.HAL_SDRAM_Init
                0x90003cc8       0x40 TouchGFX/build/STM32F7508-DK/Drivers/STM32F7xx_HAL_Driver/Src/stm32f7xx_hal_sdram.o
                0x90003cc8                HAL_SDRAM_Init
 .text.HAL_SDRAM_DeInit
                0x90003d08       0x1c TouchGFX/build/STM32F7508-DK/Drivers/STM32F7xx_HAL_Driver/Src/stm32f7xx_hal_sdram.o
                0x90003d08                HAL_SDRAM_DeInit
 .text.HAL_SDRAM_SendCommand
                0x90003d24       0x3e TouchGFX/build/STM32F7508-DK/Drivers/STM32F7xx_HAL_Driver/Src/stm32f7xx_hal_sdram.o
                0x90003d24                HAL_SDRAM_SendCommand
 .text.HAL_SDRAM_ProgramRefreshRate
                0x90003d62       0x30 TouchGFX/build/STM32F7508-DK/Drivers/STM32F7xx_HAL_Driver/Src/stm32f7xx_hal_sdram.o
                0x90003d62                HAL_SDRAM_ProgramRefreshRate
 *fill*         0x90003d92        0x2 
 .text.HAL_RCC_OscConfig
                0x90003d94      0x368 TouchGFX/build/STM32F7508-DK/Drivers/STM32F7xx_HAL_Driver/Src/stm32f7xx_hal_rcc.o
                0x90003d94                HAL_RCC_OscConfig
 .text.HAL_RCC_GetSysClockFreq
                0x900040fc       0x5c TouchGFX/build/STM32F7508-DK/Drivers/STM32F7xx_HAL_Driver/Src/stm32f7xx_hal_rcc.o
                0x900040fc                HAL_RCC_GetSysClockFreq
 .text.HAL_RCC_ClockConfig
                0x90004158      0x144 TouchGFX/build/STM32F7508-DK/Drivers/STM32F7xx_HAL_Driver/Src/stm32f7xx_hal_rcc.o
                0x90004158                HAL_RCC_ClockConfig
 .text.HAL_RCC_GetPCLK1Freq
                0x9000429c       0x20 TouchGFX/build/STM32F7508-DK/Drivers/STM32F7xx_HAL_Driver/Src/stm32f7xx_hal_rcc.o
                0x9000429c                HAL_RCC_GetPCLK1Freq
 .text.HAL_RCC_GetPCLK2Freq
                0x900042bc       0x20 TouchGFX/build/STM32F7508-DK/Drivers/STM32F7xx_HAL_Driver/Src/stm32f7xx_hal_rcc.o
                0x900042bc                HAL_RCC_GetPCLK2Freq
 .text.HAL_RCC_GetClockConfig
                0x900042dc       0x3c TouchGFX/build/STM32F7508-DK/Drivers/STM32F7xx_HAL_Driver/Src/stm32f7xx_hal_rcc.o
                0x900042dc                HAL_RCC_GetClockConfig
 .text.I2C_Flush_TXDR
                0x90004318       0x1e TouchGFX/build/STM32F7508-DK/Drivers/STM32F7xx_HAL_Driver/Src/stm32f7xx_hal_i2c.o
 *fill*         0x90004336        0x2 
 .text.I2C_TransferConfig
                0x90004338       0x2c TouchGFX/build/STM32F7508-DK/Drivers/STM32F7xx_HAL_Driver/Src/stm32f7xx_hal_i2c.o
 .text.I2C_IsErrorOccurred
                0x90004364      0x11a TouchGFX/build/STM32F7508-DK/Drivers/STM32F7xx_HAL_Driver/Src/stm32f7xx_hal_i2c.o
 .text.I2C_WaitOnTXISFlagUntilTimeout
                0x9000447e       0x4e TouchGFX/build/STM32F7508-DK/Drivers/STM32F7xx_HAL_Driver/Src/stm32f7xx_hal_i2c.o
 .text.I2C_WaitOnSTOPFlagUntilTimeout
                0x900044cc       0x4a TouchGFX/build/STM32F7508-DK/Drivers/STM32F7xx_HAL_Driver/Src/stm32f7xx_hal_i2c.o
 .text.I2C_WaitOnFlagUntilTimeout
                0x90004516       0x54 TouchGFX/build/STM32F7508-DK/Drivers/STM32F7xx_HAL_Driver/Src/stm32f7xx_hal_i2c.o
 *fill*         0x9000456a        0x2 
 .text.I2C_RequestMemoryWrite
                0x9000456c       0x64 TouchGFX/build/STM32F7508-DK/Drivers/STM32F7xx_HAL_Driver/Src/stm32f7xx_hal_i2c.o
 .text.I2C_RequestMemoryRead
                0x900045d0       0x64 TouchGFX/build/STM32F7508-DK/Drivers/STM32F7xx_HAL_Driver/Src/stm32f7xx_hal_i2c.o
 .text.HAL_I2C_MspInit
                0x90004634        0x2 TouchGFX/build/STM32F7508-DK/Drivers/STM32F7xx_HAL_Driver/Src/stm32f7xx_hal_i2c.o
                0x90004634                HAL_I2C_MspInit
 .text.HAL_I2C_Init
                0x90004636       0xb2 TouchGFX/build/STM32F7508-DK/Drivers/STM32F7xx_HAL_Driver/Src/stm32f7xx_hal_i2c.o
                0x90004636                HAL_I2C_Init
 .text.HAL_I2C_MspDeInit
                0x900046e8        0x2 TouchGFX/build/STM32F7508-DK/Drivers/STM32F7xx_HAL_Driver/Src/stm32f7xx_hal_i2c.o
                0x900046e8                HAL_I2C_MspDeInit
 .text.HAL_I2C_DeInit
                0x900046ea       0x32 TouchGFX/build/STM32F7508-DK/Drivers/STM32F7xx_HAL_Driver/Src/stm32f7xx_hal_i2c.o
                0x900046ea                HAL_I2C_DeInit
 .text.HAL_I2C_Mem_Write
                0x9000471c      0x16c TouchGFX/build/STM32F7508-DK/Drivers/STM32F7xx_HAL_Driver/Src/stm32f7xx_hal_i2c.o
                0x9000471c                HAL_I2C_Mem_Write
 .text.HAL_I2C_Mem_Read
                0x90004888      0x178 TouchGFX/build/STM32F7508-DK/Drivers/STM32F7xx_HAL_Driver/Src/stm32f7xx_hal_i2c.o
                0x90004888                HAL_I2C_Mem_Read
 .text.HAL_I2C_GetState
                0x90004a00        0x6 TouchGFX/build/STM32F7508-DK/Drivers/STM32F7xx_HAL_Driver/Src/stm32f7xx_hal_i2c.o
                0x90004a00                HAL_I2C_GetState
 *fill*         0x90004a06        0x2 
 .text.UART_SetConfig
                0x90004a08      0x268 TouchGFX/build/STM32F7508-DK/Drivers/STM32F7xx_HAL_Driver/Src/stm32f7xx_hal_uart.o
                0x90004a08                UART_SetConfig
 .text.UART_AdvFeatureConfig
                0x90004c70       0xb8 TouchGFX/build/STM32F7508-DK/Drivers/STM32F7xx_HAL_Driver/Src/stm32f7xx_hal_uart.o
                0x90004c70                UART_AdvFeatureConfig
 .text.UART_WaitOnFlagUntilTimeout
                0x90004d28       0xba TouchGFX/build/STM32F7508-DK/Drivers/STM32F7xx_HAL_Driver/Src/stm32f7xx_hal_uart.o
                0x90004d28                UART_WaitOnFlagUntilTimeout
 .text.UART_CheckIdleState
                0x90004de2       0x44 TouchGFX/build/STM32F7508-DK/Drivers/STM32F7xx_HAL_Driver/Src/stm32f7xx_hal_uart.o
                0x90004de2                UART_CheckIdleState
 .text.HAL_UART_Init
                0x90004e26       0x60 TouchGFX/build/STM32F7508-DK/Drivers/STM32F7xx_HAL_Driver/Src/stm32f7xx_hal_uart.o
                0x90004e26                HAL_UART_Init
 *fill*         0x90004e86        0x2 
 .text.DMA_CalcBaseAndBitshift
                0x90004e88       0x2c TouchGFX/build/STM32F7508-DK/Drivers/STM32F7xx_HAL_Driver/Src/stm32f7xx_hal_dma.o
 .text.HAL_DMA_Init
                0x90004eb4      0x104 TouchGFX/build/STM32F7508-DK/Drivers/STM32F7xx_HAL_Driver/Src/stm32f7xx_hal_dma.o
                0x90004eb4                HAL_DMA_Init
 .text.HAL_DMA_DeInit
                0x90004fb8       0x60 TouchGFX/build/STM32F7508-DK/Drivers/STM32F7xx_HAL_Driver/Src/stm32f7xx_hal_dma.o
                0x90004fb8                HAL_DMA_DeInit
 .text.HAL_TIMEx_CommutCallback
                0x90005018        0x2 TouchGFX/build/STM32F7508-DK/Drivers/STM32F7xx_HAL_Driver/Src/stm32f7xx_hal_tim_ex.o
                0x90005018                HAL_TIMEx_CommutCallback
 .text.HAL_TIMEx_BreakCallback
                0x9000501a        0x2 TouchGFX/build/STM32F7508-DK/Drivers/STM32F7xx_HAL_Driver/Src/stm32f7xx_hal_tim_ex.o
                0x9000501a                HAL_TIMEx_BreakCallback
 .text.HAL_TIMEx_Break2Callback
                0x9000501c        0x2 TouchGFX/build/STM32F7508-DK/Drivers/STM32F7xx_HAL_Driver/Src/stm32f7xx_hal_tim_ex.o
                0x9000501c                HAL_TIMEx_Break2Callback
 *fill*         0x9000501e        0x2 
 .text.HAL_NVIC_SetPriorityGrouping
                0x90005020       0x24 TouchGFX/build/STM32F7508-DK/Drivers/STM32F7xx_HAL_Driver/Src/stm32f7xx_hal_cortex.o
                0x90005020                HAL_NVIC_SetPriorityGrouping
 .text.HAL_NVIC_SetPriority
                0x90005044       0x64 TouchGFX/build/STM32F7508-DK/Drivers/STM32F7xx_HAL_Driver/Src/stm32f7xx_hal_cortex.o
                0x90005044                HAL_NVIC_SetPriority
 .text.HAL_NVIC_EnableIRQ
                0x900050a8       0x1c TouchGFX/build/STM32F7508-DK/Drivers/STM32F7xx_HAL_Driver/Src/stm32f7xx_hal_cortex.o
                0x900050a8                HAL_NVIC_EnableIRQ
 .text.HAL_NVIC_DisableIRQ
                0x900050c4       0x28 TouchGFX/build/STM32F7508-DK/Drivers/STM32F7xx_HAL_Driver/Src/stm32f7xx_hal_cortex.o
                0x900050c4                HAL_NVIC_DisableIRQ
 .text.HAL_MPU_Disable
                0x900050ec       0x20 TouchGFX/build/STM32F7508-DK/Drivers/STM32F7xx_HAL_Driver/Src/stm32f7xx_hal_cortex.o
                0x900050ec                HAL_MPU_Disable
 .text.HAL_MPU_Enable
                0x9000510c       0x24 TouchGFX/build/STM32F7508-DK/Drivers/STM32F7xx_HAL_Driver/Src/stm32f7xx_hal_cortex.o
                0x9000510c                HAL_MPU_Enable
 .text.HAL_MPU_ConfigRegion
                0x90005130       0x4c TouchGFX/build/STM32F7508-DK/Drivers/STM32F7xx_HAL_Driver/Src/stm32f7xx_hal_cortex.o
                0x90005130                HAL_MPU_ConfigRegion
 .text.FMC_SDRAM_Init
                0x9000517c       0x68 TouchGFX/build/STM32F7508-DK/Drivers/STM32F7xx_HAL_Driver/Src/stm32f7xx_ll_fmc.o
                0x9000517c                FMC_SDRAM_Init
 .text.FMC_SDRAM_Timing_Init
                0x900051e4       0x84 TouchGFX/build/STM32F7508-DK/Drivers/STM32F7xx_HAL_Driver/Src/stm32f7xx_ll_fmc.o
                0x900051e4                FMC_SDRAM_Timing_Init
 .text.FMC_SDRAM_DeInit
                0x90005268       0x1e TouchGFX/build/STM32F7508-DK/Drivers/STM32F7xx_HAL_Driver/Src/stm32f7xx_ll_fmc.o
                0x90005268                FMC_SDRAM_DeInit
 .text.FMC_SDRAM_SendCommand
                0x90005286       0x24 TouchGFX/build/STM32F7508-DK/Drivers/STM32F7xx_HAL_Driver/Src/stm32f7xx_ll_fmc.o
                0x90005286                FMC_SDRAM_SendCommand
 .text.FMC_SDRAM_ProgramRefreshRate
                0x900052aa       0x14 TouchGFX/build/STM32F7508-DK/Drivers/STM32F7xx_HAL_Driver/Src/stm32f7xx_ll_fmc.o
                0x900052aa                FMC_SDRAM_ProgramRefreshRate
 *fill*         0x900052be        0x2 
 .text.HAL_GPIO_Init
                0x900052c0      0x1d0 TouchGFX/build/STM32F7508-DK/Drivers/STM32F7xx_HAL_Driver/Src/stm32f7xx_hal_gpio.o
                0x900052c0                HAL_GPIO_Init
 .text.HAL_GPIO_DeInit
                0x90005490      0x134 TouchGFX/build/STM32F7508-DK/Drivers/STM32F7xx_HAL_Driver/Src/stm32f7xx_hal_gpio.o
                0x90005490                HAL_GPIO_DeInit
 .text.HAL_GPIO_ReadPin
                0x900055c4        0xc TouchGFX/build/STM32F7508-DK/Drivers/STM32F7xx_HAL_Driver/Src/stm32f7xx_hal_gpio.o
                0x900055c4                HAL_GPIO_ReadPin
 .text.HAL_GPIO_WritePin
                0x900055d0        0xa TouchGFX/build/STM32F7508-DK/Drivers/STM32F7xx_HAL_Driver/Src/stm32f7xx_hal_gpio.o
                0x900055d0                HAL_GPIO_WritePin
 .text.HAL_GPIO_TogglePin
                0x900055da       0x12 TouchGFX/build/STM32F7508-DK/Drivers/STM32F7xx_HAL_Driver/Src/stm32f7xx_hal_gpio.o
                0x900055da                HAL_GPIO_TogglePin
 .text.HAL_ADC_Init
                0x900055ec      0x170 TouchGFX/build/STM32F7508-DK/Drivers/STM32F7xx_HAL_Driver/Src/stm32f7xx_hal_adc.o
                0x900055ec                HAL_ADC_Init
 .text.HAL_ADC_Start
                0x9000575c       0xfc TouchGFX/build/STM32F7508-DK/Drivers/STM32F7xx_HAL_Driver/Src/stm32f7xx_hal_adc.o
                0x9000575c                HAL_ADC_Start
 .text.HAL_ADC_PollForConversion
                0x90005858       0xaa TouchGFX/build/STM32F7508-DK/Drivers/STM32F7xx_HAL_Driver/Src/stm32f7xx_hal_adc.o
                0x90005858                HAL_ADC_PollForConversion
 .text.HAL_ADC_GetValue
                0x90005902        0x6 TouchGFX/build/STM32F7508-DK/Drivers/STM32F7xx_HAL_Driver/Src/stm32f7xx_hal_adc.o
                0x90005902                HAL_ADC_GetValue
 .text.HAL_ADC_ConfigChannel
                0x90005908      0x1b0 TouchGFX/build/STM32F7508-DK/Drivers/STM32F7xx_HAL_Driver/Src/stm32f7xx_hal_adc.o
                0x90005908                HAL_ADC_ConfigChannel
 .text.HAL_TIM_Base_MspInit
                0x90005ab8        0x2 TouchGFX/build/STM32F7508-DK/Drivers/STM32F7xx_HAL_Driver/Src/stm32f7xx_hal_tim.o
                0x90005ab8                HAL_TIM_Base_MspInit
 *fill*         0x90005aba        0x2 
 .text.HAL_TIM_Base_Start_IT
                0x90005abc       0x80 TouchGFX/build/STM32F7508-DK/Drivers/STM32F7xx_HAL_Driver/Src/stm32f7xx_hal_tim.o
                0x90005abc                HAL_TIM_Base_Start_IT
 .text.HAL_TIM_OC_DelayElapsedCallback
                0x90005b3c        0x2 TouchGFX/build/STM32F7508-DK/Drivers/STM32F7xx_HAL_Driver/Src/stm32f7xx_hal_tim.o
                0x90005b3c                HAL_TIM_OC_DelayElapsedCallback
 .text.HAL_TIM_IC_CaptureCallback
                0x90005b3e        0x2 TouchGFX/build/STM32F7508-DK/Drivers/STM32F7xx_HAL_Driver/Src/stm32f7xx_hal_tim.o
                0x90005b3e                HAL_TIM_IC_CaptureCallback
 .text.HAL_TIM_PWM_PulseFinishedCallback
                0x90005b40        0x2 TouchGFX/build/STM32F7508-DK/Drivers/STM32F7xx_HAL_Driver/Src/stm32f7xx_hal_tim.o
                0x90005b40                HAL_TIM_PWM_PulseFinishedCallback
 .text.HAL_TIM_TriggerCallback
                0x90005b42        0x2 TouchGFX/build/STM32F7508-DK/Drivers/STM32F7xx_HAL_Driver/Src/stm32f7xx_hal_tim.o
                0x90005b42                HAL_TIM_TriggerCallback
 .text.HAL_TIM_IRQHandler
                0x90005b44      0x168 TouchGFX/build/STM32F7508-DK/Drivers/STM32F7xx_HAL_Driver/Src/stm32f7xx_hal_tim.o
                0x90005b44                HAL_TIM_IRQHandler
 .text.TIM_Base_SetConfig
                0x90005cac       0xcc TouchGFX/build/STM32F7508-DK/Drivers/STM32F7xx_HAL_Driver/Src/stm32f7xx_hal_tim.o
                0x90005cac                TIM_Base_SetConfig
 .text.HAL_TIM_Base_Init
                0x90005d78       0x60 TouchGFX/build/STM32F7508-DK/Drivers/STM32F7xx_HAL_Driver/Src/stm32f7xx_hal_tim.o
                0x90005d78                HAL_TIM_Base_Init
 .text.HAL_CRCEx_Polynomial_Set
                0x90005dd8       0x46 TouchGFX/build/STM32F7508-DK/Drivers/STM32F7xx_HAL_Driver/Src/stm32f7xx_hal_crc_ex.o
                0x90005dd8                HAL_CRCEx_Polynomial_Set
 .text.MX_TouchGFX_Init
                0x90005e1e        0x4 TouchGFX/build/STM32F7508-DK/TouchGFX/App/app_touchgfx.o
                0x90005e1e                MX_TouchGFX_Init
 .text.TouchGFX_Task
                0x90005e22        0x4 TouchGFX/build/STM32F7508-DK/TouchGFX/App/app_touchgfx.o
                0x90005e22                TouchGFX_Task
 .text.vListInitialise
                0x90005e26       0x16 TouchGFX/build/STM32F7508-DK/Middlewares/Third_Party/FreeRTOS/Source/list.o
                0x90005e26                vListInitialise
 .text.vListInitialiseItem
                0x90005e3c        0x6 TouchGFX/build/STM32F7508-DK/Middlewares/Third_Party/FreeRTOS/Source/list.o
                0x90005e3c                vListInitialiseItem
 .text.vListInsertEnd
                0x90005e42       0x18 TouchGFX/build/STM32F7508-DK/Middlewares/Third_Party/FreeRTOS/Source/list.o
                0x90005e42                vListInsertEnd
 .text.vListInsert
                0x90005e5a       0x2e TouchGFX/build/STM32F7508-DK/Middlewares/Third_Party/FreeRTOS/Source/list.o
                0x90005e5a                vListInsert
 .text.uxListRemove
                0x90005e88       0x26 TouchGFX/build/STM32F7508-DK/Middlewares/Third_Party/FreeRTOS/Source/list.o
                0x90005e88                uxListRemove
 .text.prvIsQueueEmpty
                0x90005eae       0x16 TouchGFX/build/STM32F7508-DK/Middlewares/Third_Party/FreeRTOS/Source/queue.o
 .text.prvCopyDataToQueue
                0x90005ec4       0x66 TouchGFX/build/STM32F7508-DK/Middlewares/Third_Party/FreeRTOS/Source/queue.o
 .text.prvCopyDataFromQueue
                0x90005f2a       0x2a TouchGFX/build/STM32F7508-DK/Middlewares/Third_Party/FreeRTOS/Source/queue.o
 .text.prvUnlockQueue
                0x90005f54       0x70 TouchGFX/build/STM32F7508-DK/Middlewares/Third_Party/FreeRTOS/Source/queue.o
 .text.xQueueGenericReset
                0x90005fc4       0x84 TouchGFX/build/STM32F7508-DK/Middlewares/Third_Party/FreeRTOS/Source/queue.o
                0x90005fc4                xQueueGenericReset
 .text.xQueueGenericCreateStatic