stm32f7xx_hal_msp.c:66:6:HAL_MspInit	8	static
stm32f7xx_hal_msp.c:90:6:HAL_CRC_MspInit	8	static
stm32f7xx_hal_msp.c:112:6:HAL_CRC_MspDeInit	0	static
stm32f7xx_hal_msp.c:134:6:HAL_DMA2D_MspInit	16	static
stm32f7xx_hal_msp.c:159:6:HAL_DMA2D_MspDeInit	0	static
stm32f7xx_hal_msp.c:184:6:HAL_LTDC_MspInit	192	static
stm32f7xx_hal_msp.c:301:6:HAL_LTDC_MspDeInit	8	static
stm32f7xx_hal_msp.c:370:6:HAL_TIM_Base_MspInit	8	static
stm32f7xx_hal_msp.c:386:6:HAL_TIM_MspPostInit	32	static
stm32f7xx_hal_msp.c:418:6:HAL_TIM_Base_MspDeInit	0	static
stm32f7xx_hal_msp.c:440:6:HAL_UART_MspInit	192	static
stm32f7xx_hal_msp.c:495:6:HAL_UART_MspDeInit	8	static
stm32f7xx_hal_msp.c:628:6:HAL_SDRAM_MspInit	48	static
stm32f7xx_hal_msp.c:714:6:HAL_SDRAM_MspDeInit	8	static
