Drawable.hpp:121:18:virtual void touchgfx::Drawable::invalidateContent() const	0	static
Drawable.hpp:147:23:virtual touchgfx::Drawable* touchgfx::Drawable::getFirstChild()	0	static
Drawable.hpp:315:18:virtual void touchgfx::Drawable::setX(int16_t)	0	static
Drawable.hpp:327:18:virtual void touchgfx::Drawable::setY(int16_t)	0	static
Drawable.hpp:356:18:virtual void touchgfx::Drawable::setWidth(int16_t)	0	static
Drawable.hpp:368:18:virtual void touchgfx::Drawable::setHeight(int16_t)	0	static
Drawable.hpp:378:18:virtual void touchgfx::Drawable::childGeometryChanged()	0	static
Drawable.hpp:389:18:virtual void touchgfx::Drawable::handleClickEvent(const touchgfx::ClickEvent&)	0	static
Drawable.hpp:401:18:virtual void touchgfx::Drawable::handleGestureEvent(const touchgfx::GestureEvent&)	0	static
Drawable.hpp:490:18:virtual void touchgfx::Drawable::handleDragEvent(const touchgfx::DragEvent&)	0	static
Drawable.hpp:501:18:virtual void touchgfx::Drawable::handleTickEvent()	0	static
Drawable.hpp:588:18:virtual void touchgfx::Drawable::moveTo(int16_t, int16_t)	4	static
Drawable.hpp:703:18:virtual void touchgfx::Drawable::setupDrawChain(const touchgfx::Rect&, touchgfx::Drawable**)	0	static
Container.hpp:165:23:virtual touchgfx::Drawable* touchgfx::Container::getFirstChild()	0	static
Screen.hpp:93:18:virtual void touchgfx::Screen::setupScreen()	0	static
Screen.hpp:104:18:virtual void touchgfx::Screen::afterTransition()	0	static
Screen.hpp:115:18:virtual void touchgfx::Screen::tearDownScreen()	0	static
Screen.hpp:144:18:virtual void touchgfx::Screen::handleTickEvent()	0	static
Screen.hpp:154:18:virtual void touchgfx::Screen::handleKeyEvent(uint8_t)	0	static
Widget.hpp:45:18:virtual void touchgfx::Widget::getLastChild(int16_t, int16_t, touchgfx::Drawable**)	0	static
AbstractPainter.hpp:61:34:virtual touchgfx::HAL::RenderingMethod touchgfx::AbstractPainter::getRenderingMethod() const	0	static
AbstractPainter.hpp:78:18:virtual bool touchgfx::AbstractPainter::setup(const touchgfx::Rect&) const	0	static
AbstractPainter.hpp:90:18:virtual void touchgfx::AbstractPainter::tearDown() const	0	static
AbstractDataGraph.hpp:170:18:virtual void touchgfx::AbstractDataGraph::setAlpha(uint8_t)	0	static
AbstractDataGraph.hpp:438:18:virtual void touchgfx::AbstractDataGraph::setGraphRangeX(int, int)	4	static
AbstractDataGraph.hpp:444:18:virtual void touchgfx::AbstractDataGraph::setGraphRangeX(float, float)	0	static
AbstractDataGraph.hpp:476:18:virtual void touchgfx::AbstractDataGraph::setGraphRangeXAuto(bool, int)	4	static
AbstractDataGraph.hpp:482:18:virtual void touchgfx::AbstractDataGraph::setGraphRangeXAuto(bool, float)	0	static
AbstractDataGraph.hpp:505:18:virtual void touchgfx::AbstractDataGraph::setGraphRangeY(int, int)	4	static
AbstractDataGraph.hpp:513:18:virtual void touchgfx::AbstractDataGraph::setGraphRangeY(float, float)	0	static
AbstractDataGraph.hpp:541:18:virtual void touchgfx::AbstractDataGraph::setGraphRangeYAuto(bool, int)	4	static
AbstractDataGraph.hpp:547:18:virtual void touchgfx::AbstractDataGraph::setGraphRangeYAuto(bool, float)	0	static
AbstractDataGraph.hpp:557:17:virtual int touchgfx::AbstractDataGraph::getGraphRangeXMinAsInt() const	0	static
AbstractDataGraph.hpp:567:19:virtual float touchgfx::AbstractDataGraph::getGraphRangeXMinAsFloat() const	0	static
AbstractDataGraph.hpp:581:17:virtual int touchgfx::AbstractDataGraph::getGraphRangeXMinScaled() const	0	static
AbstractDataGraph.hpp:591:17:virtual int touchgfx::AbstractDataGraph::getGraphRangeXMaxAsInt() const	0	static
AbstractDataGraph.hpp:601:19:virtual float touchgfx::AbstractDataGraph::getGraphRangeXMaxAsFloat() const	0	static
AbstractDataGraph.hpp:615:17:virtual int touchgfx::AbstractDataGraph::getGraphRangeXMaxScaled() const	0	static
AbstractDataGraph.hpp:625:17:virtual int touchgfx::AbstractDataGraph::getGraphRangeYMinAsInt() const	0	static
AbstractDataGraph.hpp:635:19:virtual float touchgfx::AbstractDataGraph::getGraphRangeYMinAsFloat() const	0	static
AbstractDataGraph.hpp:647:17:virtual int touchgfx::AbstractDataGraph::getGraphRangeYMinScaled() const	0	static
AbstractDataGraph.hpp:657:17:virtual int touchgfx::AbstractDataGraph::getGraphRangeYMaxAsInt() const	0	static
AbstractDataGraph.hpp:667:19:virtual float touchgfx::AbstractDataGraph::getGraphRangeYMaxAsFloat() const	0	static
AbstractDataGraph.hpp:679:17:virtual int touchgfx::AbstractDataGraph::getGraphRangeYMaxScaled() const	0	static
AbstractDataGraph.hpp:1358:18:virtual void touchgfx::DynamicDataGraph::setScale(int, bool)	16	static
AbstractDataGraph.hpp:1371:17:virtual int touchgfx::DynamicDataGraph::getScale() const	0	static
AbstractDataGraph.hpp:1409:17:virtual int touchgfx::DynamicDataGraph::getGraphRangeXMin() const	0	static
AbstractDataGraph.hpp:1419:17:virtual int touchgfx::DynamicDataGraph::getGraphRangeXMax() const	0	static
AbstractDataGraph.hpp:1426:18:virtual void touchgfx::DynamicDataGraph::setGraphRangeXAutoScaled(bool, int)	4	static
AbstractDataGraph.hpp:1432:5:virtual void touchgfx::DynamicDataGraph::setXAxisScale(int)	0	static
AbstractDataGraph.hpp:1444:18:virtual void touchgfx::DynamicDataGraph::setXAxisFactor(int)	0	static
AbstractDataGraph.hpp:1450:5:virtual void touchgfx::DynamicDataGraph::setXAxisScale(float)	0	static
AbstractDataGraph.hpp:1457:18:virtual void touchgfx::DynamicDataGraph::setXAxisFactor(float)	0	static
AbstractDataGraph.hpp:1470:18:virtual void touchgfx::DynamicDataGraph::setXAxisFactorScaled(int)	0	static
AbstractDataGraph.hpp:1476:5:virtual int touchgfx::DynamicDataGraph::getXAxisScaleAsInt() const	0	static
AbstractDataGraph.hpp:1488:17:virtual int touchgfx::DynamicDataGraph::getXAxisFactorAsInt() const	8	static
AbstractDataGraph.hpp:1494:5:virtual float touchgfx::DynamicDataGraph::getXAxisScaleAsFloat() const	0	static
AbstractDataGraph.hpp:1501:19:virtual float touchgfx::DynamicDataGraph::getXAxisFactorAsFloat() const	8	static
AbstractDataGraph.hpp:1513:17:virtual int touchgfx::DynamicDataGraph::getXAxisFactorScaled() const	0	static
AbstractDataGraph.hpp:1524:18:virtual void touchgfx::DynamicDataGraph::setXAxisOffset(int)	0	static
AbstractDataGraph.hpp:1530:18:virtual void touchgfx::DynamicDataGraph::setXAxisOffset(float)	0	static
AbstractDataGraph.hpp:1545:18:virtual void touchgfx::DynamicDataGraph::setXAxisOffsetScaled(int)	0	static
AbstractDataGraph.hpp:1556:17:virtual int touchgfx::DynamicDataGraph::getXAxisOffsetAsInt() const	8	static
AbstractDataGraph.hpp:1562:19:virtual float touchgfx::DynamicDataGraph::getXAxisOffsetAsFloat() const	8	static
AbstractDataGraph.hpp:1574:17:virtual int touchgfx::DynamicDataGraph::getXAxisOffsetScaled() const	0	static
AbstractDataGraph.hpp:1642:17:virtual int touchgfx::DynamicDataGraph::indexToXAxis(int, int) const	8	static
AbstractDataGraph.hpp:1652:17:virtual int touchgfx::DynamicDataGraph::getScaleX() const	0	static
AbstractDataGraph.hpp:1659:17:virtual int touchgfx::DynamicDataGraph::getScaleY() const	0	static
AbstractDataGraph.hpp:1665:5:virtual void touchgfx::DynamicDataGraph::setXAxisScaleScaled(int)	0	static
AbstractDataGraph.hpp:1672:5:virtual int touchgfx::DynamicDataGraph::getXAxisScaleScaled() const	0	static
AbstractDataGraph.hpp:1678:25:virtual touchgfx::CWRUtil::Q5 touchgfx::DynamicDataGraph::indexToScreenXQ5(int16_t) const	0	static
AbstractDataGraph.hpp:1683:25:virtual touchgfx::CWRUtil::Q5 touchgfx::DynamicDataGraph::indexToScreenYQ5(int16_t) const	16	static
GraphScroll.hpp:57:21:virtual int16_t touchgfx::GraphScrollData::dataIndex(int16_t) const	0	static
GraphScroll.hpp:63:25:virtual touchgfx::CWRUtil::Q5 touchgfx::GraphScrollData::indexToXQ5(int16_t) const	0	static
CanvasWidget.hpp:66:18:virtual void touchgfx::CanvasWidget::setAlpha(uint8_t)	0	static
CanvasWidget.hpp:72:21:virtual uint8_t touchgfx::CanvasWidget::getAlpha() const	0	static
CanvasWidget.hpp:118:18:virtual touchgfx::Rect touchgfx::CanvasWidget::getMinimalRect() const	8	static
CanvasWidget.hpp:134:18:virtual touchgfx::Rect touchgfx::CanvasWidget::getSolidRect() const	0	static
GraphElements.hpp:238:18:virtual void touchgfx::AbstractGraphElementNoCWR::setColor(touchgfx::colortype)	0	static
GraphElements.hpp:250:23:virtual touchgfx::colortype touchgfx::AbstractGraphElementNoCWR::getColor() const	0	static
GraphElements.hpp:255:18:virtual bool touchgfx::AbstractGraphElementNoCWR::drawCanvasWidget(const touchgfx::Rect&) const	0	static
GraphElements.hpp:272:18:virtual void touchgfx::AbstractGraphElementNoCWR::setPainter(touchgfx::AbstractPainter&)	0	static
GraphElements.hpp:414:18:virtual void touchgfx::GraphElementGridBase::invalidateGraphPointAt(int16_t)	0	static
GraphElements.hpp:436:17:virtual int touchgfx::GraphElementGridBase::getCorrectlyScaledMajorInterval(const touchgfx::AbstractDataGraph*) const	0	static
GraphElements.hpp:566:18:virtual touchgfx::Rect touchgfx::GraphElementGridX::enclosingArea(const touchgfx::AbstractDataGraph*) const	12	static
GraphElements.hpp:571:18:virtual touchgfx::Rect touchgfx::GraphElementGridX::lineRect(int16_t, int16_t, int16_t, int16_t) const	8	static
GraphElements.hpp:576:17:virtual int touchgfx::GraphElementGridX::getGraphRangeMinScaled(const touchgfx::AbstractDataGraph*) const	0	static
GraphElements.hpp:581:17:virtual int touchgfx::GraphElementGridX::getGraphRangeMaxScaled(const touchgfx::AbstractDataGraph*) const	0	static
GraphElements.hpp:586:17:virtual int touchgfx::GraphElementGridX::getGraphAreaStart(const touchgfx::AbstractDataGraph*) const	0	static
GraphElements.hpp:591:17:virtual int touchgfx::GraphElementGridX::getGraphAreaLength(const touchgfx::AbstractDataGraph*) const	0	static
GraphElements.hpp:596:17:virtual int touchgfx::GraphElementGridX::getGraphAreaStartPos(const touchgfx::AbstractDataGraph*) const	0	static
GraphElements.hpp:601:17:virtual int touchgfx::GraphElementGridX::getGraphAreaEndPos(const touchgfx::AbstractDataGraph*) const	0	static
GraphElements.hpp:606:25:virtual touchgfx::CWRUtil::Q5 touchgfx::GraphElementGridX::valueToScreenQ5(const touchgfx::AbstractDataGraph*, int) const	0	static
GraphElements.hpp:627:18:virtual touchgfx::Rect touchgfx::GraphElementGridY::enclosingArea(const touchgfx::AbstractDataGraph*) const	12	static
GraphElements.hpp:632:18:virtual touchgfx::Rect touchgfx::GraphElementGridY::lineRect(int16_t, int16_t, int16_t, int16_t) const	0	static
GraphElements.hpp:637:17:virtual int touchgfx::GraphElementGridY::getGraphRangeMinScaled(const touchgfx::AbstractDataGraph*) const	0	static
GraphElements.hpp:642:17:virtual int touchgfx::GraphElementGridY::getGraphRangeMaxScaled(const touchgfx::AbstractDataGraph*) const	0	static
GraphElements.hpp:647:17:virtual int touchgfx::GraphElementGridY::getGraphAreaStart(const touchgfx::AbstractDataGraph*) const	0	static
GraphElements.hpp:652:17:virtual int touchgfx::GraphElementGridY::getGraphAreaLength(const touchgfx::AbstractDataGraph*) const	0	static
GraphElements.hpp:657:17:virtual int touchgfx::GraphElementGridY::getGraphAreaStartPos(const touchgfx::AbstractDataGraph*) const	0	static
GraphElements.hpp:662:17:virtual int touchgfx::GraphElementGridY::getGraphAreaEndPos(const touchgfx::AbstractDataGraph*) const	0	static
GraphElements.hpp:667:25:virtual touchgfx::CWRUtil::Q5 touchgfx::GraphElementGridY::valueToScreenQ5(const touchgfx::AbstractDataGraph*, int) const	0	static
TypedText.hpp:65:13:touchgfx::TypedText::~TypedText()	0	static
View.hpp:36:7:touchgfx::View<Screen3Presenter>::~View()	0	static
Screen3ViewBase.hpp:26:13:Screen3ViewBase::~Screen3ViewBase()	0	static
Screen3ViewBase.cpp:85:6:virtual void Screen3ViewBase::setupScreen()	0	static
Callback.hpp:357:8:touchgfx::Callback<Screen3ViewBase, const touchgfx::AbstractButton&>::~Callback()	0	static
GraphScroll.hpp:76:7:touchgfx::GraphScroll<100>::~GraphScroll()	0	static
GraphElements.hpp:618:7:touchgfx::GraphElementGridY::~GraphElementGridY()	0	static
GraphElements.hpp:557:7:touchgfx::GraphElementGridX::~GraphElementGridX()	0	static
Callback.hpp:386:18:void touchgfx::Callback<dest_type, T1, void, void>::execute(T1) [with dest_type = Screen3ViewBase; T1 = const touchgfx::AbstractButton&]	8	static
Callback.hpp:396:18:bool touchgfx::Callback<dest_type, T1, void, void>::isValid() const [with dest_type = Screen3ViewBase; T1 = const touchgfx::AbstractButton&]	0	static
TypedText.hpp:65:13:virtual touchgfx::TypedText::~TypedText()	8	static
View.hpp:36:7:virtual touchgfx::View<Screen3Presenter>::~View()	8	static
GraphScroll.hpp:76:7:virtual touchgfx::GraphScroll<100>::~GraphScroll()	8	static
GraphElements.hpp:557:7:virtual touchgfx::GraphElementGridX::~GraphElementGridX()	8	static
GraphElements.hpp:618:7:virtual touchgfx::GraphElementGridY::~GraphElementGridY()	8	static
Callback.hpp:357:8:virtual touchgfx::Callback<Screen3ViewBase, const touchgfx::AbstractButton&>::~Callback()	8	static
Screen3ViewBase.hpp:26:13:virtual Screen3ViewBase::~Screen3ViewBase()	8	static
AbstractDataGraph.hpp:1174:18:virtual void touchgfx::AbstractDataGraph::invalidateContent() const	0	static
AbstractDataGraph.hpp:1585:17:virtual int touchgfx::DynamicDataGraph::indexToDataPointYScaled(int16_t) const	8	static
AbstractDataGraph.hpp:1579:17:virtual int touchgfx::DynamicDataGraph::indexToDataPointXScaled(int16_t) const	8	static
GraphElements.hpp:560:17:virtual int touchgfx::GraphElementGridX::getCorrectlyScaledGridInterval(const touchgfx::AbstractDataGraph*) const	16	static
GraphElements.hpp:621:17:virtual int touchgfx::GraphElementGridY::getCorrectlyScaledGridInterval(const touchgfx::AbstractDataGraph*) const	16	static
Screen3ViewBase.cpp:108:6:void Screen3ViewBase::buttonCallbackHandler(const touchgfx::AbstractButton&)	8	static
Bitmap.hpp:133:14:touchgfx::BitmapId touchgfx::Bitmap::getId() const	8	static
Screen3ViewBase.cpp:91:6:virtual void Screen3ViewBase::handleTickEvent()	16	static
Drawable.hpp:48:5:touchgfx::Drawable::Drawable()	0	static
Drawable.hpp:343:10:void touchgfx::Drawable::setXY(int16_t, int16_t)	16	static
Drawable.hpp:233:10:void touchgfx::Drawable::setPosition(int16_t, int16_t, int16_t, int16_t)	16	static
Box.hpp:33:5:touchgfx::Box::Box()	8	static
AbstractButton.hpp:36:5:touchgfx::AbstractButton::AbstractButton()	8	static
CWRUtil.hpp:828:15:static touchgfx::CWRUtil::Q5 touchgfx::CWRUtil::muldiv_toQ5(int32_t, int32_t, int32_t)	24	static
AbstractDataGraph.hpp:1280:25:virtual touchgfx::CWRUtil::Q5 touchgfx::AbstractDataGraph::valueToScreenYQ5(int) const	16	static
AbstractDataGraph.hpp:1268:25:virtual touchgfx::CWRUtil::Q5 touchgfx::AbstractDataGraph::valueToScreenXQ5(int) const	16	static
AbstractPainterRGB565.hpp:41:5:touchgfx::AbstractPainterRGB565::AbstractPainterRGB565()	16	static
GraphLabels.hpp:43:5:touchgfx::GraphLabelsBase::GraphLabelsBase()	8	static
TextArea.hpp:43:5:touchgfx::TextArea::TextArea()	8	static
Screen3ViewBase.cpp:11:1:Screen3ViewBase::Screen3ViewBase()	128	static
