01:56:23 **** Incremental Build of configuration Debug for project STM32F7508-DK ****
make -j12 all 
arm-none-eabi-g++ -o "STM32F7508-DK.elf" @"objects.list"  -l:libtouchgfx-float-abi-hard.a -l:libarm_cortexM7lfsp_math.a -mcpu=cortex-m7 -T"C:\PP\Dydaktyka\MATERIALY\HMI_MATERIALY\HMI-M2M\STM32F7508-DK\DemoApp06_CMSIS_DSP\STM32CubeIDE\STM32F750N8HX_FLASH.ld" --specs=nosys.specs -Wl,-Map="STM32F7508-DK.map" -Wl,--gc-sections -static -LC:/Users/AW/STM32Cube/Repository/Packs/STMicroelectronics/X-CUBE-TOUCHGFX/4.20.0/Middlewares/ST/touchgfx/lib/core/cortex_m7/gcc -LC:/Users/AW/STM32Cube/Repository/Packs/ARM/CMSIS/5.7.0/CMSIS/DSP/Lib/GCC --specs=nano.specs -mfpu=fpv5-sp-d16 -mfloat-abi=hard -mthumb -u _printf_float -Wl,--start-group -lc -lm -lstdc++ -lsupc++ -Wl,--end-group
Finished building target: STM32F7508-DK.elf
 
arm-none-eabi-size   STM32F7508-DK.elf 
arm-none-eabi-objdump -h -S  STM32F7508-DK.elf  > "STM32F7508-DK.list"
arm-none-eabi-objcopy  -O ihex  STM32F7508-DK.elf  "STM32F7508-DK.hex"
   text	   data	    bss	    dec	    hex	filename
 182640	   9048	  91828	 283516	  4537c	STM32F7508-DK.elf
Finished building: default.size.stdout
 
Finished building: STM32F7508-DK.hex
 
Finished building: STM32F7508-DK.list
 
