20:27:10 **** Incremental Build of configuration Debug for project STM32F7508-DK ****
make -j12 all 
arm-none-eabi-size   STM32F7508-DK.elf 
   text	   data	    bss	    dec	    hex	filename
 150812	   8688	 109540	 269040	  41af0	STM32F7508-DK.elf
Finished building: default.size.stdout
 
20:27:15 **** Clean-only build of configuration Debug for project STM32F7508-DK ****
make -j12 clean 
rm -rf ./Middlewares/LwIP/altcp.d ./Middlewares/LwIP/altcp.o ./Middlewares/LwIP/altcp.su ./Middlewares/LwIP/altcp_alloc.d ./Middlewares/LwIP/altcp_alloc.o ./Middlewares/LwIP/altcp_alloc.su ./Middlewares/LwIP/altcp_tcp.d ./Middlewares/LwIP/altcp_tcp.o ./Middlewares/LwIP/altcp_tcp.su ./Middlewares/LwIP/api_lib.d ./Middlewares/LwIP/api_lib.o ./Middlewares/LwIP/api_lib.su ./Middlewares/LwIP/api_msg.d ./Middlewares/LwIP/api_msg.o ./Middlewares/LwIP/api_msg.su ./Middlewares/LwIP/auth.d ./Middlewares/LwIP/auth.o ./Middlewares/LwIP/auth.su ./Middlewares/LwIP/autoip.d ./Middlewares/LwIP/autoip.o ./Middlewares/LwIP/autoip.su ./Middlewares/LwIP/bridgeif.d ./Middlewares/LwIP/bridgeif.o ./Middlewares/LwIP/bridgeif.su ./Middlewares/LwIP/bridgeif_fdb.d ./Middlewares/LwIP/bridgeif_fdb.o ./Middlewares/LwIP/bridgeif_fdb.su ./Middlewares/LwIP/ccp.d ./Middlewares/LwIP/ccp.o ./Middlewares/LwIP/ccp.su ./Middlewares/LwIP/chap-md5.d ./Middlewares/LwIP/chap-md5.o ./Middlewares/LwIP/chap-md5.su ./Middlewares/LwIP/chap-new.d ./Middlewares/LwIP/chap-new.o ./Middlewares/LwIP/chap-new.su ./Middlewares/LwIP/chap_ms.d ./Middlewares/LwIP/chap_ms.o ./Middlewares/LwIP/chap_ms.su ./Middlewares/LwIP/def.d ./Middlewares/LwIP/def.o ./Middlewares/LwIP/def.su ./Middlewares/LwIP/demand.d ./Middlewares/LwIP/demand.o ./Middlewares/LwIP/demand.su ./Middlewares/LwIP/dhcp.d ./Middlewares/LwIP/dhcp.o ./Middlewares/LwIP/dhcp.su ./Middlewares/LwIP/dhcp6.d ./Middlewares/LwIP/dhcp6.o ./Middlewares/LwIP/dhcp6.su ./Middlewares/LwIP/dns.d ./Middlewares/LwIP/dns.o ./Middlewares/LwIP/dns.su ./Middlewares/LwIP/eap.d ./Middlewares/LwIP/eap.o ./Middlewares/LwIP/eap.su ./Middlewares/LwIP/ecp.d ./Middlewares/LwIP/ecp.o ./Middlewares/LwIP/ecp.su ./Middlewares/LwIP/err.d ./Middlewares/LwIP/err.o ./Middlewares/LwIP/err.su ./Middlewares/LwIP/etharp.d ./Middlewares/LwIP/etharp.o ./Middlewares/LwIP/etharp.su ./Middlewares/LwIP/ethernet.d ./Middlewares/LwIP/ethernet.o ./Middlewares/LwIP/ethernet.su ./Middlewares/LwIP/ethip6.d ./Middlewares/LwIP/ethip6.o ./Middlewares/LwIP/ethip6.su ./Middlewares/LwIP/eui64.d ./Middlewares/LwIP/eui64.o ./Middlewares/LwIP/eui64.su ./Middlewares/LwIP/fsm.d ./Middlewares/LwIP/fsm.o ./Middlewares/LwIP/fsm.su ./Middlewares/LwIP/icmp.d ./Middlewares/LwIP/icmp.o ./Middlewares/LwIP/icmp.su ./Middlewares/LwIP/icmp6.d ./Middlewares/LwIP/icmp6.o ./Middlewares/LwIP/icmp6.su ./Middlewares/LwIP/if_api.d ./Middlewares/LwIP/if_api.o ./Middlewares/LwIP/if_api.su ./Middlewares/LwIP/igmp.d ./Middlewares/LwIP/igmp.o ./Middlewares/LwIP/igmp.su ./Middlewares/LwIP/inet6.d ./Middlewares/LwIP/inet6.o ./Middlewares/LwIP/inet6.su ./Middlewares/LwIP/inet_chksum.d ./Middlewares/LwIP/inet_chksum.o ./Middlewares/LwIP/inet_chksum.su ./Middlewares/LwIP/init.d ./Middlewares/LwIP/init.o ./Middlewares/LwIP/init.su ./Middlewares/LwIP/ip.d ./Middlewares/LwIP/ip.o ./Middlewares/LwIP/ip.su ./Middlewares/LwIP/ip4.d ./Middlewares/LwIP/ip4.o ./Middlewares/LwIP/ip4.su ./Middlewares/LwIP/ip4_addr.d ./Middlewares/LwIP/ip4_addr.o ./Middlewares/LwIP/ip4_addr.su ./Middlewares/LwIP/ip4_frag.d ./Middlewares/LwIP/ip4_frag.o ./Middlewares/LwIP/ip4_frag.su ./Middlewares/LwIP/ip6.d ./Middlewares/LwIP/ip6.o ./Middlewares/LwIP/ip6.su ./Middlewares/LwIP/ip6_addr.d ./Middlewares/LwIP/ip6_addr.o ./Middlewares/LwIP/ip6_addr.su ./Middlewares/LwIP/ip6_frag.d ./Middlewares/LwIP/ip6_frag.o ./Middlewares/LwIP/ip6_frag.su ./Middlewares/LwIP/ipcp.d ./Middlewares/LwIP/ipcp.o ./Middlewares/LwIP/ipcp.su ./Middlewares/LwIP/ipv6cp.d ./Middlewares/LwIP/ipv6cp.o ./Middlewares/LwIP/ipv6cp.su ./Middlewares/LwIP/lcp.d ./Middlewares/LwIP/lcp.o ./Middlewares/LwIP/lcp.su ./Middlewares/LwIP/lowpan6.d ./Middlewares/LwIP/lowpan6.o ./Middlewares/LwIP/lowpan6.su ./Middlewares/LwIP/lowpan6_ble.d ./Middlewares/LwIP/lowpan6_ble.o ./Middlewares/LwIP/lowpan6_ble.su ./Middlewares/LwIP/lowpan6_common.d ./Middlewares/LwIP/lowpan6_common.o ./Middlewares/LwIP/lowpan6_common.su ./Middlewares/LwIP/magic.d ./Middlewares/LwIP/magic.o ./Middlewares/LwIP/magic.su ./Middlewares/LwIP/mem.d ./Middlewares/LwIP/mem.o ./Middlewares/LwIP/mem.su ./Middlewares/LwIP/memp.d ./Middlewares/LwIP/memp.o ./Middlewares/LwIP/memp.su ./Middlewares/LwIP/mld6.d ./Middlewares/LwIP/mld6.o ./Middlewares/LwIP/mld6.su ./Middlewares/LwIP/mppe.d ./Middlewares/LwIP/mppe.o ./Middlewares/LwIP/mppe.su ./Middlewares/LwIP/mqtt.d ./Middlewares/LwIP/mqtt.o ./Middlewares/LwIP/mqtt.su ./Middlewares/LwIP/multilink.d ./Middlewares/LwIP/multilink.o ./Middlewares/LwIP/multilink.su ./Middlewares/LwIP/nd6.d ./Middlewares/LwIP/nd6.o ./Middlewares/LwIP/nd6.su ./Middlewares/LwIP/netbuf.d ./Middlewares/LwIP/netbuf.o ./Middlewares/LwIP/netbuf.su ./Middlewares/LwIP/netdb.d ./Middlewares/LwIP/netdb.o ./Middlewares/LwIP/netdb.su ./Middlewares/LwIP/netif.d ./Middlewares/LwIP/netif.o ./Middlewares/LwIP/netif.su ./Middlewares/LwIP/netifapi.d ./Middlewares/LwIP/netifapi.o ./Middlewares/LwIP/netifapi.su ./Middlewares/LwIP/pbuf.d ./Middlewares/LwIP/pbuf.o ./Middlewares/LwIP/pbuf.su ./Middlewares/LwIP/ppp.d ./Middlewares/LwIP/ppp.o ./Middlewares/LwIP/ppp.su ./Middlewares/LwIP/pppapi.d ./Middlewares/LwIP/pppapi.o ./Middlewares/LwIP/pppapi.su ./Middlewares/LwIP/pppcrypt.d ./Middlewares/LwIP/pppcrypt.o ./Middlewares/LwIP/pppcrypt.su ./Middlewares/LwIP/pppoe.d ./Middlewares/LwIP/pppoe.o ./Middlewares/LwIP/pppoe.su ./Middlewares/LwIP/pppol2tp.d ./Middlewares/LwIP/pppol2tp.o ./Middlewares/LwIP/pppol2tp.su ./Middlewares/LwIP/pppos.d ./Middlewares/LwIP/pppos.o ./Middlewares/LwIP/pppos.su ./Middlewares/LwIP/raw.d ./Middlewares/LwIP/raw.o ./Middlewares/LwIP/raw.su ./Middlewares/LwIP/slipif.d ./Middlewares/LwIP/slipif.o ./Middlewares/LwIP/slipif.su ./Middlewares/LwIP/sockets.d ./Middlewares/LwIP/sockets.o ./Middlewares/LwIP/sockets.su ./Middlewares/LwIP/stats.d ./Middlewares/LwIP/stats.o ./Middlewares/LwIP/stats.su ./Middlewares/LwIP/sys.d ./Middlewares/LwIP/sys.o ./Middlewares/LwIP/sys.su ./Middlewares/LwIP/sys_arch.d ./Middlewares/LwIP/sys_arch.o ./Middlewares/LwIP/sys_arch.su
rm -rf ./Middlewares/FreeRTOS/cmsis_os.d ./Middlewares/FreeRTOS/cmsis_os.o ./Middlewares/FreeRTOS/cmsis_os.su ./Middlewares/FreeRTOS/croutine.d ./Middlewares/FreeRTOS/croutine.o ./Middlewares/FreeRTOS/croutine.su ./Middlewares/FreeRTOS/event_groups.d ./Middlewares/FreeRTOS/event_groups.o ./Middlewares/FreeRTOS/event_groups.su ./Middlewares/FreeRTOS/heap_4.d ./Middlewares/FreeRTOS/heap_4.o ./Middlewares/FreeRTOS/heap_4.su ./Middlewares/FreeRTOS/list.d ./Middlewares/FreeRTOS/list.o ./Middlewares/FreeRTOS/list.su ./Middlewares/FreeRTOS/port.d ./Middlewares/FreeRTOS/port.o ./Middlewares/FreeRTOS/port.su ./Middlewares/FreeRTOS/queue.d ./Middlewares/FreeRTOS/queue.o ./Middlewares/FreeRTOS/queue.su ./Middlewares/FreeRTOS/stream_buffer.d ./Middlewares/FreeRTOS/stream_buffer.o ./Middlewares/FreeRTOS/stream_buffer.su ./Middlewares/FreeRTOS/tasks.d ./Middlewares/FreeRTOS/tasks.o ./Middlewares/FreeRTOS/tasks.su ./Middlewares/FreeRTOS/timers.d ./Middlewares/FreeRTOS/timers.o ./Middlewares/FreeRTOS/timers.su
rm -rf ./Drivers/STM32F7xx_HAL_Driver/stm32f7xx_hal.d ./Drivers/STM32F7xx_HAL_Driver/stm32f7xx_hal.o ./Drivers/STM32F7xx_HAL_Driver/stm32f7xx_hal.su ./Drivers/STM32F7xx_HAL_Driver/stm32f7xx_hal_cortex.d ./Drivers/STM32F7xx_HAL_Driver/stm32f7xx_hal_cortex.o ./Drivers/STM32F7xx_HAL_Driver/stm32f7xx_hal_cortex.su ./Drivers/STM32F7xx_HAL_Driver/stm32f7xx_hal_crc.d ./Drivers/STM32F7xx_HAL_Driver/stm32f7xx_hal_crc.o ./Drivers/STM32F7xx_HAL_Driver/stm32f7xx_hal_crc.su ./Drivers/STM32F7xx_HAL_Driver/stm32f7xx_hal_crc_ex.d ./Drivers/STM32F7xx_HAL_Driver/stm32f7xx_hal_crc_ex.o ./Drivers/STM32F7xx_HAL_Driver/stm32f7xx_hal_crc_ex.su ./Drivers/STM32F7xx_HAL_Driver/stm32f7xx_hal_dma.d ./Drivers/STM32F7xx_HAL_Driver/stm32f7xx_hal_dma.o ./Drivers/STM32F7xx_HAL_Driver/stm32f7xx_hal_dma.su ./Drivers/STM32F7xx_HAL_Driver/stm32f7xx_hal_dma2d.d ./Drivers/STM32F7xx_HAL_Driver/stm32f7xx_hal_dma2d.o ./Drivers/STM32F7xx_HAL_Driver/stm32f7xx_hal_dma2d.su ./Drivers/STM32F7xx_HAL_Driver/stm32f7xx_hal_dma_ex.d ./Drivers/STM32F7xx_HAL_Driver/stm32f7xx_hal_dma_ex.o ./Drivers/STM32F7xx_HAL_Driver/stm32f7xx_hal_dma_ex.su ./Drivers/STM32F7xx_HAL_Driver/stm32f7xx_hal_dsi.d ./Drivers/STM32F7xx_HAL_Driver/stm32f7xx_hal_dsi.o ./Drivers/STM32F7xx_HAL_Driver/stm32f7xx_hal_dsi.su ./Drivers/STM32F7xx_HAL_Driver/stm32f7xx_hal_eth.d ./Drivers/STM32F7xx_HAL_Driver/stm32f7xx_hal_eth.o ./Drivers/STM32F7xx_HAL_Driver/stm32f7xx_hal_eth.su ./Drivers/STM32F7xx_HAL_Driver/stm32f7xx_hal_exti.d ./Drivers/STM32F7xx_HAL_Driver/stm32f7xx_hal_exti.o ./Drivers/STM32F7xx_HAL_Driver/stm32f7xx_hal_exti.su ./Drivers/STM32F7xx_HAL_Driver/stm32f7xx_hal_flash.d ./Drivers/STM32F7xx_HAL_Driver/stm32f7xx_hal_flash.o ./Drivers/STM32F7xx_HAL_Driver/stm32f7xx_hal_flash.su ./Drivers/STM32F7xx_HAL_Driver/stm32f7xx_hal_flash_ex.d ./Drivers/STM32F7xx_HAL_Driver/stm32f7xx_hal_flash_ex.o ./Drivers/STM32F7xx_HAL_Driver/stm32f7xx_hal_flash_ex.su ./Drivers/STM32F7xx_HAL_Driver/stm32f7xx_hal_gpio.d ./Drivers/STM32F7xx_HAL_Driver/stm32f7xx_hal_gpio.o ./Drivers/STM32F7xx_HAL_Driver/stm32f7xx_hal_gpio.su ./Drivers/STM32F7xx_HAL_Driver/stm32f7xx_hal_i2c.d ./Drivers/STM32F7xx_HAL_Driver/stm32f7xx_hal_i2c.o ./Drivers/STM32F7xx_HAL_Driver/stm32f7xx_hal_i2c.su ./Drivers/STM32F7xx_HAL_Driver/stm32f7xx_hal_i2c_ex.d ./Drivers/STM32F7xx_HAL_Driver/stm32f7xx_hal_i2c_ex.o ./Drivers/STM32F7xx_HAL_Driver/stm32f7xx_hal_i2c_ex.su ./Drivers/STM32F7xx_HAL_Driver/stm32f7xx_hal_ltdc.d ./Drivers/STM32F7xx_HAL_Driver/stm32f7xx_hal_ltdc.o ./Drivers/STM32F7xx_HAL_Driver/stm32f7xx_hal_ltdc.su ./Drivers/STM32F7xx_HAL_Driver/stm32f7xx_hal_ltdc_ex.d ./Drivers/STM32F7xx_HAL_Driver/stm32f7xx_hal_ltdc_ex.o ./Drivers/STM32F7xx_HAL_Driver/stm32f7xx_hal_ltdc_ex.su ./Drivers/STM32F7xx_HAL_Driver/stm32f7xx_hal_pwr.d ./Drivers/STM32F7xx_HAL_Driver/stm32f7xx_hal_pwr.o ./Drivers/STM32F7xx_HAL_Driver/stm32f7xx_hal_pwr.su ./Drivers/STM32F7xx_HAL_Driver/stm32f7xx_hal_pwr_ex.d ./Drivers/STM32F7xx_HAL_Driver/stm32f7xx_hal_pwr_ex.o ./Drivers/STM32F7xx_HAL_Driver/stm32f7xx_hal_pwr_ex.su ./Drivers/STM32F7xx_HAL_Driver/stm32f7xx_hal_rcc.d ./Drivers/STM32F7xx_HAL_Driver/stm32f7xx_hal_rcc.o ./Drivers/STM32F7xx_HAL_Driver/stm32f7xx_hal_rcc.su ./Drivers/STM32F7xx_HAL_Driver/stm32f7xx_hal_rcc_ex.d ./Drivers/STM32F7xx_HAL_Driver/stm32f7xx_hal_rcc_ex.o ./Drivers/STM32F7xx_HAL_Driver/stm32f7xx_hal_rcc_ex.su ./Drivers/STM32F7xx_HAL_Driver/stm32f7xx_hal_sdram.d ./Drivers/STM32F7xx_HAL_Driver/stm32f7xx_hal_sdram.o ./Drivers/STM32F7xx_HAL_Driver/stm32f7xx_hal_sdram.su ./Drivers/STM32F7xx_HAL_Driver/stm32f7xx_hal_tim.d ./Drivers/STM32F7xx_HAL_Driver/stm32f7xx_hal_tim.o ./Drivers/STM32F7xx_HAL_Driver/stm32f7xx_hal_tim.su ./Drivers/STM32F7xx_HAL_Driver/stm32f7xx_hal_tim_ex.d ./Drivers/STM32F7xx_HAL_Driver/stm32f7xx_hal_tim_ex.o ./Drivers/STM32F7xx_HAL_Driver/stm32f7xx_hal_tim_ex.su ./Drivers/STM32F7xx_HAL_Driver/stm32f7xx_hal_uart.d ./Drivers/STM32F7xx_HAL_Driver/stm32f7xx_hal_uart.o ./Drivers/STM32F7xx_HAL_Driver/stm32f7xx_hal_uart.su ./Drivers/STM32F7xx_HAL_Driver/stm32f7xx_hal_uart_ex.d ./Drivers/STM32F7xx_HAL_Driver/stm32f7xx_hal_uart_ex.o ./Drivers/STM32F7xx_HAL_Driver/stm32f7xx_hal_uart_ex.su ./Drivers/STM32F7xx_HAL_Driver/stm32f7xx_ll_fmc.d ./Drivers/STM32F7xx_HAL_Driver/stm32f7xx_ll_fmc.o ./Drivers/STM32F7xx_HAL_Driver/stm32f7xx_ll_fmc.su
rm -rf ./Drivers/CMSIS/system_stm32f7xx.d ./Drivers/CMSIS/system_stm32f7xx.o ./Drivers/CMSIS/system_stm32f7xx.su
rm -rf ./Drivers/BSP/STM32F7508-Discovery/stm32f7508_discovery.d ./Drivers/BSP/STM32F7508-Discovery/stm32f7508_discovery.o ./Drivers/BSP/STM32F7508-Discovery/stm32f7508_discovery.su ./Drivers/BSP/STM32F7508-Discovery/stm32f7508_discovery_sdram.d ./Drivers/BSP/STM32F7508-Discovery/stm32f7508_discovery_sdram.o ./Drivers/BSP/STM32F7508-Discovery/stm32f7508_discovery_sdram.su ./Drivers/BSP/STM32F7508-Discovery/stm32f7508_discovery_ts.d ./Drivers/BSP/STM32F7508-Discovery/stm32f7508_discovery_ts.o ./Drivers/BSP/STM32F7508-Discovery/stm32f7508_discovery_ts.su
rm -rf ./Drivers/BSP/Components/ft5336.d ./Drivers/BSP/Components/ft5336.o ./Drivers/BSP/Components/ft5336.su
rm -rf ./Application/User/gui/FrontendApplication.d ./Application/User/gui/FrontendApplication.o ./Application/User/gui/FrontendApplication.su ./Application/User/gui/Model.d ./Application/User/gui/Model.o ./Application/User/gui/Model.su ./Application/User/gui/Screen1Presenter.d ./Application/User/gui/Screen1Presenter.o ./Application/User/gui/Screen1Presenter.su ./Application/User/gui/Screen1View.d ./Application/User/gui/Screen1View.o ./Application/User/gui/Screen1View.su
rm -rf ./Application/User/generated/ApplicationFontProvider.d ./Application/User/generated/ApplicationFontProvider.o ./Application/User/generated/ApplicationFontProvider.su ./Application/User/generated/BitmapDatabase.d ./Application/User/generated/BitmapDatabase.o ./Application/User/generated/BitmapDatabase.su ./Application/User/generated/CachedFont.d ./Application/User/generated/CachedFont.o ./Application/User/generated/CachedFont.su ./Application/User/generated/FontCache.d ./Application/User/generated/FontCache.o ./Application/User/generated/FontCache.su ./Application/User/generated/Font_verdana_10_4bpp_0.d ./Application/User/generated/Font_verdana_10_4bpp_0.o ./Application/User/generated/Font_verdana_10_4bpp_0.su ./Application/User/generated/Font_verdana_20_4bpp_0.d ./Application/User/generated/Font_verdana_20_4bpp_0.o ./Application/User/generated/Font_verdana_20_4bpp_0.su ./Application/User/generated/Font_verdana_40_4bpp_0.d ./Application/User/generated/Font_verdana_40_4bpp_0.o ./Application/User/generated/Font_verdana_40_4bpp_0.su ./Application/User/generated/FrontendApplicationBase.d ./Application/User/generated/FrontendApplicationBase.o ./Application/User/generated/FrontendApplicationBase.su ./Application/User/generated/GeneratedFont.d ./Application/User/generated/GeneratedFont.o ./Application/User/generated/GeneratedFont.su ./Application/User/generated/Kerning_verdana_10_4bpp.d ./Application/User/generated/Kerning_verdana_10_4bpp.o ./Application/User/generated/Kerning_verdana_10_4bpp.su ./Application/User/generated/Kerning_verdana_20_4bpp.d ./Application/User/generated/Kerning_verdana_20_4bpp.o ./Application/User/generated/Kerning_verdana_20_4bpp.su ./Application/User/generated/Kerning_verdana_40_4bpp.d ./Application/User/generated/Kerning_verdana_40_4bpp.o ./Application/User/generated/Kerning_verdana_40_4bpp.su ./Application/User/generated/LanguageGb.d ./Application/User/generated/LanguageGb.o ./Application/User/generated/LanguageGb.su ./Application/User/generated/Screen1ViewBase.d ./Application/User/generated/Screen1ViewBase.o ./Application/User/generated/Screen1ViewBase.su ./Application/User/generated/Table_verdana_10_4bpp.d ./Application/User/generated/Table_verdana_10_4bpp.o ./Application/User/generated/Table_verdana_10_4bpp.su ./Application/User/generated/Table_verdana_20_4bpp.d ./Application/User/generated/Table_verdana_20_4bpp.o ./Application/User/generated/Table_verdana_20_4bpp.su ./Application/User/generated/Table_verdana_40_4bpp.d ./Application/User/generated/Table_verdana_40_4bpp.o ./Application/User/generated/Table_verdana_40_4bpp.su ./Application/User/generated/Texts.d ./Application/User/generated/Texts.o ./Application/User/generated/Texts.su ./Application/User/generated/TypedTextDatabase.d ./Application/User/generated/TypedTextDatabase.o ./Application/User/generated/TypedTextDatabase.su ./Application/User/generated/UnmappedDataFont.d ./Application/User/generated/UnmappedDataFont.o ./Application/User/generated/UnmappedDataFont.su
rm -rf ./Application/User/TouchGFX/target/generated/OSWrappers.d ./Application/User/TouchGFX/target/generated/OSWrappers.o ./Application/User/TouchGFX/target/generated/OSWrappers.su ./Application/User/TouchGFX/target/generated/STM32DMA.d ./Application/User/TouchGFX/target/generated/STM32DMA.o ./Application/User/TouchGFX/target/generated/STM32DMA.su ./Application/User/TouchGFX/target/generated/TouchGFXConfiguration.d ./Application/User/TouchGFX/target/generated/TouchGFXConfiguration.o ./Application/User/TouchGFX/target/generated/TouchGFXConfiguration.su ./Application/User/TouchGFX/target/generated/TouchGFXGeneratedHAL.d ./Application/User/TouchGFX/target/generated/TouchGFXGeneratedHAL.o ./Application/User/TouchGFX/target/generated/TouchGFXGeneratedHAL.su
rm -rf ./Application/User/TouchGFX/target/CortexMMCUInstrumentation.d ./Application/User/TouchGFX/target/CortexMMCUInstrumentation.o ./Application/User/TouchGFX/target/CortexMMCUInstrumentation.su ./Application/User/TouchGFX/target/STM32TouchController.d ./Application/User/TouchGFX/target/STM32TouchController.o ./Application/User/TouchGFX/target/STM32TouchController.su ./Application/User/TouchGFX/target/TouchGFXGPIO.d ./Application/User/TouchGFX/target/TouchGFXGPIO.o ./Application/User/TouchGFX/target/TouchGFXGPIO.su ./Application/User/TouchGFX/target/TouchGFXHAL.d ./Application/User/TouchGFX/target/TouchGFXHAL.o ./Application/User/TouchGFX/target/TouchGFXHAL.su
rm -rf ./Application/User/TouchGFX/App/app_touchgfx.d ./Application/User/TouchGFX/App/app_touchgfx.o ./Application/User/TouchGFX/App/app_touchgfx.su
rm -rf ./Application/User/LWIP/Target/ethernetif.d ./Application/User/LWIP/Target/ethernetif.o ./Application/User/LWIP/Target/ethernetif.su
rm -rf ./Application/User/LWIP/App/lwip.d ./Application/User/LWIP/App/lwip.o ./Application/User/LWIP/App/lwip.su
rm -rf ./Application/User/freertos.d ./Application/User/freertos.o ./Application/User/freertos.su ./Application/User/main.d ./Application/User/main.o ./Application/User/main.su ./Application/User/stm32f7xx_hal_msp.d ./Application/User/stm32f7xx_hal_msp.o ./Application/User/stm32f7xx_hal_msp.su ./Application/User/stm32f7xx_hal_timebase_tim.d ./Application/User/stm32f7xx_hal_timebase_tim.o ./Application/User/stm32f7xx_hal_timebase_tim.su ./Application/User/stm32f7xx_it.d ./Application/User/stm32f7xx_it.o ./Application/User/stm32f7xx_it.su ./Application/User/syscalls.d ./Application/User/syscalls.o ./Application/User/syscalls.su ./Application/User/sysmem.d ./Application/User/sysmem.o ./Application/User/sysmem.su
rm -rf ./Application/Startup/startup_stm32f750n8hx.d ./Application/Startup/startup_stm32f750n8hx.o
rm -rf ./Middlewares/LwIP/tcp.d ./Middlewares/LwIP/tcp.o ./Middlewares/LwIP/tcp.su ./Middlewares/LwIP/tcp_in.d ./Middlewares/LwIP/tcp_in.o ./Middlewares/LwIP/tcp_in.su ./Middlewares/LwIP/tcp_out.d ./Middlewares/LwIP/tcp_out.o ./Middlewares/LwIP/tcp_out.su ./Middlewares/LwIP/tcpip.d ./Middlewares/LwIP/tcpip.o ./Middlewares/LwIP/tcpip.su ./Middlewares/LwIP/timeouts.d ./Middlewares/LwIP/timeouts.o ./Middlewares/LwIP/timeouts.su ./Middlewares/LwIP/udp.d ./Middlewares/LwIP/udp.o ./Middlewares/LwIP/udp.su ./Middlewares/LwIP/upap.d ./Middlewares/LwIP/upap.o ./Middlewares/LwIP/upap.su ./Middlewares/LwIP/utils.d ./Middlewares/LwIP/utils.o ./Middlewares/LwIP/utils.su ./Middlewares/LwIP/vj.d ./Middlewares/LwIP/vj.o ./Middlewares/LwIP/vj.su ./Middlewares/LwIP/zepif.d ./Middlewares/LwIP/zepif.o ./Middlewares/LwIP/zepif.su
rm -rf STM32F7508-DK.elf STM32F7508-DK.hex STM32F7508-DK.list STM32F7508-DK.map default.size.stdout
 
20:27:16 **** Build of configuration Debug for project STM32F7508-DK ****
make -j12 all 
arm-none-eabi-gcc "C:/PP/Dydaktyka/MATERIALY/HMI_MATERIALY/HMI-M2M/STM32F7508-DK/DemoApp07_LwIP/Middlewares/Third_Party/LwIP/src/core/altcp.c" -mcpu=cortex-m7 -std=gnu11 -g3 -DUSE_HAL_DRIVER -DSTM32F750xx -DDEBUG -c -I../../Core/Inc -I../../Drivers/CMSIS/Include -I../../Drivers/BSP/STM32F7508-Discovery -I../../TouchGFX/target -I../../Drivers/CMSIS/Device/ST/STM32F7xx/Include -I../../Drivers/STM32F7xx_HAL_Driver/Inc -I../../TouchGFX/App -I../../Middlewares/Third_Party/FreeRTOS/Source/CMSIS_RTOS -I../../TouchGFX/target/generated -I../../Drivers/STM32F7xx_HAL_Driver/Inc/Legacy -I../../Drivers/BSP/Components/Common -I../../Middlewares/Third_Party/FreeRTOS/Source/portable/GCC/ARM_CM7/r0p1 -I../../Middlewares/Third_Party/FreeRTOS/Source/include -I../../Middlewares/ST/touchgfx/framework/include -I../../TouchGFX/generated/fonts/include -I../../TouchGFX/generated/gui_generated/include -I../../TouchGFX/generated/images/include -I../../TouchGFX/generated/texts/include -I../../TouchGFX/gui/include -I../../TouchGFX/generated/videos/include -I../../LWIP/App -I../../LWIP/Target -I../../Middlewares/Third_Party/LwIP/src/include -I../../Middlewares/Third_Party/LwIP/system -I../../Middlewares/Third_Party/LwIP/src/include/netif/ppp -I../../Middlewares/Third_Party/LwIP/src/include/lwip -I../../Middlewares/Third_Party/LwIP/src/include/lwip/apps -I../../Middlewares/Third_Party/LwIP/src/include/lwip/priv -I../../Middlewares/Third_Party/LwIP/src/include/lwip/prot -I../../Middlewares/Third_Party/LwIP/src/include/netif -I../../Middlewares/Third_Party/LwIP/src/include/compat/posix -I../../Middlewares/Third_Party/LwIP/src/include/compat/posix/arpa -I../../Middlewares/Third_Party/LwIP/src/include/compat/posix/net -I../../Middlewares/Third_Party/LwIP/src/include/compat/posix/sys -I../../Middlewares/Third_Party/LwIP/src/include/compat/stdc -I../../Middlewares/Third_Party/LwIP/system/arch -Os -ffunction-sections -fdata-sections -Wall -fstack-usage -MMD -MP -MF"Middlewares/LwIP/altcp.d" -MT"Middlewares/LwIP/altcp.o" --specs=nano.specs -mfpu=fpv5-sp-d16 -mfloat-abi=hard -mthumb -o "Middlewares/LwIP/altcp.o"
arm-none-eabi-gcc "C:/PP/Dydaktyka/MATERIALY/HMI_MATERIALY/HMI-M2M/STM32F7508-DK/DemoApp07_LwIP/Middlewares/Third_Party/LwIP/src/core/altcp_alloc.c" -mcpu=cortex-m7 -std=gnu11 -g3 -DUSE_HAL_DRIVER -DSTM32F750xx -DDEBUG -c -I../../Core/Inc -I../../Drivers/CMSIS/Include -I../../Drivers/BSP/STM32F7508-Discovery -I../../TouchGFX/target -I../../Drivers/CMSIS/Device/ST/STM32F7xx/Include -I../../Drivers/STM32F7xx_HAL_Driver/Inc -I../../TouchGFX/App -I../../Middlewares/Third_Party/FreeRTOS/Source/CMSIS_RTOS -I../../TouchGFX/target/generated -I../../Drivers/STM32F7xx_HAL_Driver/Inc/Legacy -I../../Drivers/BSP/Components/Common -I../../Middlewares/Third_Party/FreeRTOS/Source/portable/GCC/ARM_CM7/r0p1 -I../../Middlewares/Third_Party/FreeRTOS/Source/include -I../../Middlewares/ST/touchgfx/framework/include -I../../TouchGFX/generated/fonts/include -I../../TouchGFX/generated/gui_generated/include -I../../TouchGFX/generated/images/include -I../../TouchGFX/generated/texts/include -I../../TouchGFX/gui/include -I../../TouchGFX/generated/videos/include -I../../LWIP/App -I../../LWIP/Target -I../../Middlewares/Third_Party/LwIP/src/include -I../../Middlewares/Third_Party/LwIP/system -I../../Middlewares/Third_Party/LwIP/src/include/netif/ppp -I../../Middlewares/Third_Party/LwIP/src/include/lwip -I../../Middlewares/Third_Party/LwIP/src/include/lwip/apps -I../../Middlewares/Third_Party/LwIP/src/include/lwip/priv -I../../Middlewares/Third_Party/LwIP/src/include/lwip/prot -I../../Middlewares/Third_Party/LwIP/src/include/netif -I../../Middlewares/Third_Party/LwIP/src/include/compat/posix -I../../Middlewares/Third_Party/LwIP/src/include/compat/posix/arpa -I../../Middlewares/Third_Party/LwIP/src/include/compat/posix/net -I../../Middlewares/Third_Party/LwIP/src/include/compat/posix/sys -I../../Middlewares/Third_Party/LwIP/src/include/compat/stdc -I../../Middlewares/Third_Party/LwIP/system/arch -Os -ffunction-sections -fdata-sections -Wall -fstack-usage -MMD -MP -MF"Middlewares/LwIP/altcp_alloc.d" -MT"Middlewares/LwIP/altcp_alloc.o" --specs=nano.specs -mfpu=fpv5-sp-d16 -mfloat-abi=hard -mthumb -o "Middlewares/LwIP/altcp_alloc.o"
arm-none-eabi-gcc "C:/PP/Dydaktyka/MATERIALY/HMI_MATERIALY/HMI-M2M/STM32F7508-DK/DemoApp07_LwIP/Middlewares/Third_Party/LwIP/src/core/altcp_tcp.c" -mcpu=cortex-m7 -std=gnu11 -g3 -DUSE_HAL_DRIVER -DSTM32F750xx -DDEBUG -c -I../../Core/Inc -I../../Drivers/CMSIS/Include -I../../Drivers/BSP/STM32F7508-Discovery -I../../TouchGFX/target -I../../Drivers/CMSIS/Device/ST/STM32F7xx/Include -I../../Drivers/STM32F7xx_HAL_Driver/Inc -I../../TouchGFX/App -I../../Middlewares/Third_Party/FreeRTOS/Source/CMSIS_RTOS -I../../TouchGFX/target/generated -I../../Drivers/STM32F7xx_HAL_Driver/Inc/Legacy -I../../Drivers/BSP/Components/Common -I../../Middlewares/Third_Party/FreeRTOS/Source/portable/GCC/ARM_CM7/r0p1 -I../../Middlewares/Third_Party/FreeRTOS/Source/include -I../../Middlewares/ST/touchgfx/framework/include -I../../TouchGFX/generated/fonts/include -I../../TouchGFX/generated/gui_generated/include -I../../TouchGFX/generated/images/include -I../../TouchGFX/generated/texts/include -I../../TouchGFX/gui/include -I../../TouchGFX/generated/videos/include -I../../LWIP/App -I../../LWIP/Target -I../../Middlewares/Third_Party/LwIP/src/include -I../../Middlewares/Third_Party/LwIP/system -I../../Middlewares/Third_Party/LwIP/src/include/netif/ppp -I../../Middlewares/Third_Party/LwIP/src/include/lwip -I../../Middlewares/Third_Party/LwIP/src/include/lwip/apps -I../../Middlewares/Third_Party/LwIP/src/include/lwip/priv -I../../Middlewares/Third_Party/LwIP/src/include/lwip/prot -I../../Middlewares/Third_Party/LwIP/src/include/netif -I../../Middlewares/Third_Party/LwIP/src/include/compat/posix -I../../Middlewares/Third_Party/LwIP/src/include/compat/posix/arpa -I../../Middlewares/Third_Party/LwIP/src/include/compat/posix/net -I../../Middlewares/Third_Party/LwIP/src/include/compat/posix/sys -I../../Middlewares/Third_Party/LwIP/src/include/compat/stdc -I../../Middlewares/Third_Party/LwIP/system/arch -Os -ffunction-sections -fdata-sections -Wall -fstack-usage -MMD -MP -MF"Middlewares/LwIP/altcp_tcp.d" -MT"Middlewares/LwIP/altcp_tcp.o" --specs=nano.specs -mfpu=fpv5-sp-d16 -mfloat-abi=hard -mthumb -o "Middlewares/LwIP/altcp_tcp.o"
arm-none-eabi-gcc "C:/PP/Dydaktyka/MATERIALY/HMI_MATERIALY/HMI-M2M/STM32F7508-DK/DemoApp07_LwIP/Middlewares/Third_Party/LwIP/src/api/api_lib.c" -mcpu=cortex-m7 -std=gnu11 -g3 -DUSE_HAL_DRIVER -DSTM32F750xx -DDEBUG -c -I../../Core/Inc -I../../Drivers/CMSIS/Include -I../../Drivers/BSP/STM32F7508-Discovery -I../../TouchGFX/target -I../../Drivers/CMSIS/Device/ST/STM32F7xx/Include -I../../Drivers/STM32F7xx_HAL_Driver/Inc -I../../TouchGFX/App -I../../Middlewares/Third_Party/FreeRTOS/Source/CMSIS_RTOS -I../../TouchGFX/target/generated -I../../Drivers/STM32F7xx_HAL_Driver/Inc/Legacy -I../../Drivers/BSP/Components/Common -I../../Middlewares/Third_Party/FreeRTOS/Source/portable/GCC/ARM_CM7/r0p1 -I../../Middlewares/Third_Party/FreeRTOS/Source/include -I../../Middlewares/ST/touchgfx/framework/include -I../../TouchGFX/generated/fonts/include -I../../TouchGFX/generated/gui_generated/include -I../../TouchGFX/generated/images/include -I../../TouchGFX/generated/texts/include -I../../TouchGFX/gui/include -I../../TouchGFX/generated/videos/include -I../../LWIP/App -I../../LWIP/Target -I../../Middlewares/Third_Party/LwIP/src/include -I../../Middlewares/Third_Party/LwIP/system -I../../Middlewares/Third_Party/LwIP/src/include/netif/ppp -I../../Middlewares/Third_Party/LwIP/src/include/lwip -I../../Middlewares/Third_Party/LwIP/src/include/lwip/apps -I../../Middlewares/Third_Party/LwIP/src/include/lwip/priv -I../../Middlewares/Third_Party/LwIP/src/include/lwip/prot -I../../Middlewares/Third_Party/LwIP/src/include/netif -I../../Middlewares/Third_Party/LwIP/src/include/compat/posix -I../../Middlewares/Third_Party/LwIP/src/include/compat/posix/arpa -I../../Middlewares/Third_Party/LwIP/src/include/compat/posix/net -I../../Middlewares/Third_Party/LwIP/src/include/compat/posix/sys -I../../Middlewares/Third_Party/LwIP/src/include/compat/stdc -I../../Middlewares/Third_Party/LwIP/system/arch -Os -ffunction-sections -fdata-sections -Wall -fstack-usage -MMD -MP -MF"Middlewares/LwIP/api_lib.d" -MT"Middlewares/LwIP/api_lib.o" --specs=nano.specs -mfpu=fpv5-sp-d16 -mfloat-abi=hard -mthumb -o "Middlewares/LwIP/api_lib.o"
arm-none-eabi-gcc "C:/PP/Dydaktyka/MATERIALY/HMI_MATERIALY/HMI-M2M/STM32F7508-DK/DemoApp07_LwIP/Middlewares/Third_Party/LwIP/src/api/api_msg.c" -mcpu=cortex-m7 -std=gnu11 -g3 -DUSE_HAL_DRIVER -DSTM32F750xx -DDEBUG -c -I../../Core/Inc -I../../Drivers/CMSIS/Include -I../../Drivers/BSP/STM32F7508-Discovery -I../../TouchGFX/target -I../../Drivers/CMSIS/Device/ST/STM32F7xx/Include -I../../Drivers/STM32F7xx_HAL_Driver/Inc -I../../TouchGFX/App -I../../Middlewares/Third_Party/FreeRTOS/Source/CMSIS_RTOS -I../../TouchGFX/target/generated -I../../Drivers/STM32F7xx_HAL_Driver/Inc/Legacy -I../../Drivers/BSP/Components/Common -I../../Middlewares/Third_Party/FreeRTOS/Source/portable/GCC/ARM_CM7/r0p1 -I../../Middlewares/Third_Party/FreeRTOS/Source/include -I../../Middlewares/ST/touchgfx/framework/include -I../../TouchGFX/generated/fonts/include -I../../TouchGFX/generated/gui_generated/include -I../../TouchGFX/generated/images/include -I../../TouchGFX/generated/texts/include -I../../TouchGFX/gui/include -I../../TouchGFX/generated/videos/include -I../../LWIP/App -I../../LWIP/Target -I../../Middlewares/Third_Party/LwIP/src/include -I../../Middlewares/Third_Party/LwIP/system -I../../Middlewares/Third_Party/LwIP/src/include/netif/ppp -I../../Middlewares/Third_Party/LwIP/src/include/lwip -I../../Middlewares/Third_Party/LwIP/src/include/lwip/apps -I../../Middlewares/Third_Party/LwIP/src/include/lwip/priv -I../../Middlewares/Third_Party/LwIP/src/include/lwip/prot -I../../Middlewares/Third_Party/LwIP/src/include/netif -I../../Middlewares/Third_Party/LwIP/src/include/compat/posix -I../../Middlewares/Third_Party/LwIP/src/include/compat/posix/arpa -I../../Middlewares/Third_Party/LwIP/src/include/compat/posix/net -I../../Middlewares/Third_Party/LwIP/src/include/compat/posix/sys -I../../Middlewares/Third_Party/LwIP/src/include/compat/stdc -I../../Middlewares/Third_Party/LwIP/system/arch -Os -ffunction-sections -fdata-sections -Wall -fstack-usage -MMD -MP -MF"Middlewares/LwIP/api_msg.d" -MT"Middlewares/LwIP/api_msg.o" --specs=nano.specs -mfpu=fpv5-sp-d16 -mfloat-abi=hard -mthumb -o "Middlewares/LwIP/api_msg.o"
arm-none-eabi-gcc "C:/PP/Dydaktyka/MATERIALY/HMI_MATERIALY/HMI-M2M/STM32F7508-DK/DemoApp07_LwIP/Middlewares/Third_Party/LwIP/src/netif/ppp/auth.c" -mcpu=cortex-m7 -std=gnu11 -g3 -DUSE_HAL_DRIVER -DSTM32F750xx -DDEBUG -c -I../../Core/Inc -I../../Drivers/CMSIS/Include -I../../Drivers/BSP/STM32F7508-Discovery -I../../TouchGFX/target -I../../Drivers/CMSIS/Device/ST/STM32F7xx/Include -I../../Drivers/STM32F7xx_HAL_Driver/Inc -I../../TouchGFX/App -I../../Middlewares/Third_Party/FreeRTOS/Source/CMSIS_RTOS -I../../TouchGFX/target/generated -I../../Drivers/STM32F7xx_HAL_Driver/Inc/Legacy -I../../Drivers/BSP/Components/Common -I../../Middlewares/Third_Party/FreeRTOS/Source/portable/GCC/ARM_CM7/r0p1 -I../../Middlewares/Third_Party/FreeRTOS/Source/include -I../../Middlewares/ST/touchgfx/framework/include -I../../TouchGFX/generated/fonts/include -I../../TouchGFX/generated/gui_generated/include -I../../TouchGFX/generated/images/include -I../../TouchGFX/generated/texts/include -I../../TouchGFX/gui/include -I../../TouchGFX/generated/videos/include -I../../LWIP/App -I../../LWIP/Target -I../../Middlewares/Third_Party/LwIP/src/include -I../../Middlewares/Third_Party/LwIP/system -I../../Middlewares/Third_Party/LwIP/src/include/netif/ppp -I../../Middlewares/Third_Party/LwIP/src/include/lwip -I../../Middlewares/Third_Party/LwIP/src/include/lwip/apps -I../../Middlewares/Third_Party/LwIP/src/include/lwip/priv -I../../Middlewares/Third_Party/LwIP/src/include/lwip/prot -I../../Middlewares/Third_Party/LwIP/src/include/netif -I../../Middlewares/Third_Party/LwIP/src/include/compat/posix -I../../Middlewares/Third_Party/LwIP/src/include/compat/posix/arpa -I../../Middlewares/Third_Party/LwIP/src/include/compat/posix/net -I../../Middlewares/Third_Party/LwIP/src/include/compat/posix/sys -I../../Middlewares/Third_Party/LwIP/src/include/compat/stdc -I../../Middlewares/Third_Party/LwIP/system/arch -Os -ffunction-sections -fdata-sections -Wall -fstack-usage -MMD -MP -MF"Middlewares/LwIP/auth.d" -MT"Middlewares/LwIP/auth.o" --specs=nano.specs -mfpu=fpv5-sp-d16 -mfloat-abi=hard -mthumb -o "Middlewares/LwIP/auth.o"
arm-none-eabi-gcc "C:/PP/Dydaktyka/MATERIALY/HMI_MATERIALY/HMI-M2M/STM32F7508-DK/DemoApp07_LwIP/Middlewares/Third_Party/LwIP/src/core/ipv4/autoip.c" -mcpu=cortex-m7 -std=gnu11 -g3 -DUSE_HAL_DRIVER -DSTM32F750xx -DDEBUG -c -I../../Core/Inc -I../../Drivers/CMSIS/Include -I../../Drivers/BSP/STM32F7508-Discovery -I../../TouchGFX/target -I../../Drivers/CMSIS/Device/ST/STM32F7xx/Include -I../../Drivers/STM32F7xx_HAL_Driver/Inc -I../../TouchGFX/App -I../../Middlewares/Third_Party/FreeRTOS/Source/CMSIS_RTOS -I../../TouchGFX/target/generated -I../../Drivers/STM32F7xx_HAL_Driver/Inc/Legacy -I../../Drivers/BSP/Components/Common -I../../Middlewares/Third_Party/FreeRTOS/Source/portable/GCC/ARM_CM7/r0p1 -I../../Middlewares/Third_Party/FreeRTOS/Source/include -I../../Middlewares/ST/touchgfx/framework/include -I../../TouchGFX/generated/fonts/include -I../../TouchGFX/generated/gui_generated/include -I../../TouchGFX/generated/images/include -I../../TouchGFX/generated/texts/include -I../../TouchGFX/gui/include -I../../TouchGFX/generated/videos/include -I../../LWIP/App -I../../LWIP/Target -I../../Middlewares/Third_Party/LwIP/src/include -I../../Middlewares/Third_Party/LwIP/system -I../../Middlewares/Third_Party/LwIP/src/include/netif/ppp -I../../Middlewares/Third_Party/LwIP/src/include/lwip -I../../Middlewares/Third_Party/LwIP/src/include/lwip/apps -I../../Middlewares/Third_Party/LwIP/src/include/lwip/priv -I../../Middlewares/Third_Party/LwIP/src/include/lwip/prot -I../../Middlewares/Third_Party/LwIP/src/include/netif -I../../Middlewares/Third_Party/LwIP/src/include/compat/posix -I../../Middlewares/Third_Party/LwIP/src/include/compat/posix/arpa -I../../Middlewares/Third_Party/LwIP/src/include/compat/posix/net -I../../Middlewares/Third_Party/LwIP/src/include/compat/posix/sys -I../../Middlewares/Third_Party/LwIP/src/include/compat/stdc -I../../Middlewares/Third_Party/LwIP/system/arch -Os -ffunction-sections -fdata-sections -Wall -fstack-usage -MMD -MP -MF"Middlewares/LwIP/autoip.d" -MT"Middlewares/LwIP/autoip.o" --specs=nano.specs -mfpu=fpv5-sp-d16 -mfloat-abi=hard -mthumb -o "Middlewares/LwIP/autoip.o"
arm-none-eabi-gcc "C:/PP/Dydaktyka/MATERIALY/HMI_MATERIALY/HMI-M2M/STM32F7508-DK/DemoApp07_LwIP/Middlewares/Third_Party/LwIP/src/netif/bridgeif.c" -mcpu=cortex-m7 -std=gnu11 -g3 -DUSE_HAL_DRIVER -DSTM32F750xx -DDEBUG -c -I../../Core/Inc -I../../Drivers/CMSIS/Include -I../../Drivers/BSP/STM32F7508-Discovery -I../../TouchGFX/target -I../../Drivers/CMSIS/Device/ST/STM32F7xx/Include -I../../Drivers/STM32F7xx_HAL_Driver/Inc -I../../TouchGFX/App -I../../Middlewares/Third_Party/FreeRTOS/Source/CMSIS_RTOS -I../../TouchGFX/target/generated -I../../Drivers/STM32F7xx_HAL_Driver/Inc/Legacy -I../../Drivers/BSP/Components/Common -I../../Middlewares/Third_Party/FreeRTOS/Source/portable/GCC/ARM_CM7/r0p1 -I../../Middlewares/Third_Party/FreeRTOS/Source/include -I../../Middlewares/ST/touchgfx/framework/include -I../../TouchGFX/generated/fonts/include -I../../TouchGFX/generated/gui_generated/include -I../../TouchGFX/generated/images/include -I../../TouchGFX/generated/texts/include -I../../TouchGFX/gui/include -I../../TouchGFX/generated/videos/include -I../../LWIP/App -I../../LWIP/Target -I../../Middlewares/Third_Party/LwIP/src/include -I../../Middlewares/Third_Party/LwIP/system -I../../Middlewares/Third_Party/LwIP/src/include/netif/ppp -I../../Middlewares/Third_Party/LwIP/src/include/lwip -I../../Middlewares/Third_Party/LwIP/src/include/lwip/apps -I../../Middlewares/Third_Party/LwIP/src/include/lwip/priv -I../../Middlewares/Third_Party/LwIP/src/include/lwip/prot -I../../Middlewares/Third_Party/LwIP/src/include/netif -I../../Middlewares/Third_Party/LwIP/src/include/compat/posix -I../../Middlewares/Third_Party/LwIP/src/include/compat/posix/arpa -I../../Middlewares/Third_Party/LwIP/src/include/compat/posix/net -I../../Middlewares/Third_Party/LwIP/src/include/compat/posix/sys -I../../Middlewares/Third_Party/LwIP/src/include/compat/stdc -I../../Middlewares/Third_Party/LwIP/system/arch -Os -ffunction-sections -fdata-sections -Wall -fstack-usage -MMD -MP -MF"Middlewares/LwIP/bridgeif.d" -MT"Middlewares/LwIP/bridgeif.o" --specs=nano.specs -mfpu=fpv5-sp-d16 -mfloat-abi=hard -mthumb -o "Middlewares/LwIP/bridgeif.o"
arm-none-eabi-gcc "C:/PP/Dydaktyka/MATERIALY/HMI_MATERIALY/HMI-M2M/STM32F7508-DK/DemoApp07_LwIP/Middlewares/Third_Party/LwIP/src/netif/bridgeif_fdb.c" -mcpu=cortex-m7 -std=gnu11 -g3 -DUSE_HAL_DRIVER -DSTM32F750xx -DDEBUG -c -I../../Core/Inc -I../../Drivers/CMSIS/Include -I../../Drivers/BSP/STM32F7508-Discovery -I../../TouchGFX/target -I../../Drivers/CMSIS/Device/ST/STM32F7xx/Include -I../../Drivers/STM32F7xx_HAL_Driver/Inc -I../../TouchGFX/App -I../../Middlewares/Third_Party/FreeRTOS/Source/CMSIS_RTOS -I../../TouchGFX/target/generated -I../../Drivers/STM32F7xx_HAL_Driver/Inc/Legacy -I../../Drivers/BSP/Components/Common -I../../Middlewares/Third_Party/FreeRTOS/Source/portable/GCC/ARM_CM7/r0p1 -I../../Middlewares/Third_Party/FreeRTOS/Source/include -I../../Middlewares/ST/touchgfx/framework/include -I../../TouchGFX/generated/fonts/include -I../../TouchGFX/generated/gui_generated/include -I../../TouchGFX/generated/images/include -I../../TouchGFX/generated/texts/include -I../../TouchGFX/gui/include -I../../TouchGFX/generated/videos/include -I../../LWIP/App -I../../LWIP/Target -I../../Middlewares/Third_Party/LwIP/src/include -I../../Middlewares/Third_Party/LwIP/system -I../../Middlewares/Third_Party/LwIP/src/include/netif/ppp -I../../Middlewares/Third_Party/LwIP/src/include/lwip -I../../Middlewares/Third_Party/LwIP/src/include/lwip/apps -I../../Middlewares/Third_Party/LwIP/src/include/lwip/priv -I../../Middlewares/Third_Party/LwIP/src/include/lwip/prot -I../../Middlewares/Third_Party/LwIP/src/include/netif -I../../Middlewares/Third_Party/LwIP/src/include/compat/posix -I../../Middlewares/Third_Party/LwIP/src/include/compat/posix/arpa -I../../Middlewares/Third_Party/LwIP/src/include/compat/posix/net -I../../Middlewares/Third_Party/LwIP/src/include/compat/posix/sys -I../../Middlewares/Third_Party/LwIP/src/include/compat/stdc -I../../Middlewares/Third_Party/LwIP/system/arch -Os -ffunction-sections -fdata-sections -Wall -fstack-usage -MMD -MP -MF"Middlewares/LwIP/bridgeif_fdb.d" -MT"Middlewares/LwIP/bridgeif_fdb.o" --specs=nano.specs -mfpu=fpv5-sp-d16 -mfloat-abi=hard -mthumb -o "Middlewares/LwIP/bridgeif_fdb.o"
arm-none-eabi-gcc "C:/PP/Dydaktyka/MATERIALY/HMI_MATERIALY/HMI-M2M/STM32F7508-DK/DemoApp07_LwIP/Middlewares/Third_Party/LwIP/src/netif/ppp/ccp.c" -mcpu=cortex-m7 -std=gnu11 -g3 -DUSE_HAL_DRIVER -DSTM32F750xx -DDEBUG -c -I../../Core/Inc -I../../Drivers/CMSIS/Include -I../../Drivers/BSP/STM32F7508-Discovery -I../../TouchGFX/target -I../../Drivers/CMSIS/Device/ST/STM32F7xx/Include -I../../Drivers/STM32F7xx_HAL_Driver/Inc -I../../TouchGFX/App -I../../Middlewares/Third_Party/FreeRTOS/Source/CMSIS_RTOS -I../../TouchGFX/target/generated -I../../Drivers/STM32F7xx_HAL_Driver/Inc/Legacy -I../../Drivers/BSP/Components/Common -I../../Middlewares/Third_Party/FreeRTOS/Source/portable/GCC/ARM_CM7/r0p1 -I../../Middlewares/Third_Party/FreeRTOS/Source/include -I../../Middlewares/ST/touchgfx/framework/include -I../../TouchGFX/generated/fonts/include -I../../TouchGFX/generated/gui_generated/include -I../../TouchGFX/generated/images/include -I../../TouchGFX/generated/texts/include -I../../TouchGFX/gui/include -I../../TouchGFX/generated/videos/include -I../../LWIP/App -I../../LWIP/Target -I../../Middlewares/Third_Party/LwIP/src/include -I../../Middlewares/Third_Party/LwIP/system -I../../Middlewares/Third_Party/LwIP/src/include/netif/ppp -I../../Middlewares/Third_Party/LwIP/src/include/lwip -I../../Middlewares/Third_Party/LwIP/src/include/lwip/apps -I../../Middlewares/Third_Party/LwIP/src/include/lwip/priv -I../../Middlewares/Third_Party/LwIP/src/include/lwip/prot -I../../Middlewares/Third_Party/LwIP/src/include/netif -I../../Middlewares/Third_Party/LwIP/src/include/compat/posix -I../../Middlewares/Third_Party/LwIP/src/include/compat/posix/arpa -I../../Middlewares/Third_Party/LwIP/src/include/compat/posix/net -I../../Middlewares/Third_Party/LwIP/src/include/compat/posix/sys -I../../Middlewares/Third_Party/LwIP/src/include/compat/stdc -I../../Middlewares/Third_Party/LwIP/system/arch -Os -ffunction-sections -fdata-sections -Wall -fstack-usage -MMD -MP -MF"Middlewares/LwIP/ccp.d" -MT"Middlewares/LwIP/ccp.o" --specs=nano.specs -mfpu=fpv5-sp-d16 -mfloat-abi=hard -mthumb -o "Middlewares/LwIP/ccp.o"
arm-none-eabi-gcc "C:/PP/Dydaktyka/MATERIALY/HMI_MATERIALY/HMI-M2M/STM32F7508-DK/DemoApp07_LwIP/Middlewares/Third_Party/LwIP/src/netif/ppp/chap-md5.c" -mcpu=cortex-m7 -std=gnu11 -g3 -DUSE_HAL_DRIVER -DSTM32F750xx -DDEBUG -c -I../../Core/Inc -I../../Drivers/CMSIS/Include -I../../Drivers/BSP/STM32F7508-Discovery -I../../TouchGFX/target -I../../Drivers/CMSIS/Device/ST/STM32F7xx/Include -I../../Drivers/STM32F7xx_HAL_Driver/Inc -I../../TouchGFX/App -I../../Middlewares/Third_Party/FreeRTOS/Source/CMSIS_RTOS -I../../TouchGFX/target/generated -I../../Drivers/STM32F7xx_HAL_Driver/Inc/Legacy -I../../Drivers/BSP/Components/Common -I../../Middlewares/Third_Party/FreeRTOS/Source/portable/GCC/ARM_CM7/r0p1 -I../../Middlewares/Third_Party/FreeRTOS/Source/include -I../../Middlewares/ST/touchgfx/framework/include -I../../TouchGFX/generated/fonts/include -I../../TouchGFX/generated/gui_generated/include -I../../TouchGFX/generated/images/include -I../../TouchGFX/generated/texts/include -I../../TouchGFX/gui/include -I../../TouchGFX/generated/videos/include -I../../LWIP/App -I../../LWIP/Target -I../../Middlewares/Third_Party/LwIP/src/include -I../../Middlewares/Third_Party/LwIP/system -I../../Middlewares/Third_Party/LwIP/src/include/netif/ppp -I../../Middlewares/Third_Party/LwIP/src/include/lwip -I../../Middlewares/Third_Party/LwIP/src/include/lwip/apps -I../../Middlewares/Third_Party/LwIP/src/include/lwip/priv -I../../Middlewares/Third_Party/LwIP/src/include/lwip/prot -I../../Middlewares/Third_Party/LwIP/src/include/netif -I../../Middlewares/Third_Party/LwIP/src/include/compat/posix -I../../Middlewares/Third_Party/LwIP/src/include/compat/posix/arpa -I../../Middlewares/Third_Party/LwIP/src/include/compat/posix/net -I../../Middlewares/Third_Party/LwIP/src/include/compat/posix/sys -I../../Middlewares/Third_Party/LwIP/src/include/compat/stdc -I../../Middlewares/Third_Party/LwIP/system/arch -Os -ffunction-sections -fdata-sections -Wall -fstack-usage -MMD -MP -MF"Middlewares/LwIP/chap-md5.d" -MT"Middlewares/LwIP/chap-md5.o" --specs=nano.specs -mfpu=fpv5-sp-d16 -mfloat-abi=hard -mthumb -o "Middlewares/LwIP/chap-md5.o"
arm-none-eabi-gcc "C:/PP/Dydaktyka/MATERIALY/HMI_MATERIALY/HMI-M2M/STM32F7508-DK/DemoApp07_LwIP/Middlewares/Third_Party/LwIP/src/netif/ppp/chap-new.c" -mcpu=cortex-m7 -std=gnu11 -g3 -DUSE_HAL_DRIVER -DSTM32F750xx -DDEBUG -c -I../../Core/Inc -I../../Drivers/CMSIS/Include -I../../Drivers/BSP/STM32F7508-Discovery -I../../TouchGFX/target -I../../Drivers/CMSIS/Device/ST/STM32F7xx/Include -I../../Drivers/STM32F7xx_HAL_Driver/Inc -I../../TouchGFX/App -I../../Middlewares/Third_Party/FreeRTOS/Source/CMSIS_RTOS -I../../TouchGFX/target/generated -I../../Drivers/STM32F7xx_HAL_Driver/Inc/Legacy -I../../Drivers/BSP/Components/Common -I../../Middlewares/Third_Party/FreeRTOS/Source/portable/GCC/ARM_CM7/r0p1 -I../../Middlewares/Third_Party/FreeRTOS/Source/include -I../../Middlewares/ST/touchgfx/framework/include -I../../TouchGFX/generated/fonts/include -I../../TouchGFX/generated/gui_generated/include -I../../TouchGFX/generated/images/include -I../../TouchGFX/generated/texts/include -I../../TouchGFX/gui/include -I../../TouchGFX/generated/videos/include -I../../LWIP/App -I../../LWIP/Target -I../../Middlewares/Third_Party/LwIP/src/include -I../../Middlewares/Third_Party/LwIP/system -I../../Middlewares/Third_Party/LwIP/src/include/netif/ppp -I../../Middlewares/Third_Party/LwIP/src/include/lwip -I../../Middlewares/Third_Party/LwIP/src/include/lwip/apps -I../../Middlewares/Third_Party/LwIP/src/include/lwip/priv -I../../Middlewares/Third_Party/LwIP/src/include/lwip/prot -I../../Middlewares/Third_Party/LwIP/src/include/netif -I../../Middlewares/Third_Party/LwIP/src/include/compat/posix -I../../Middlewares/Third_Party/LwIP/src/include/compat/posix/arpa -I../../Middlewares/Third_Party/LwIP/src/include/compat/posix/net -I../../Middlewares/Third_Party/LwIP/src/include/compat/posix/sys -I../../Middlewares/Third_Party/LwIP/src/include/compat/stdc -I../../Middlewares/Third_Party/LwIP/system/arch -Os -ffunction-sections -fdata-sections -Wall -fstack-usage -MMD -MP -MF"Middlewares/LwIP/chap-new.d" -MT"Middlewares/LwIP/chap-new.o" --specs=nano.specs -mfpu=fpv5-sp-d16 -mfloat-abi=hard -mthumb -o "Middlewares/LwIP/chap-new.o"
arm-none-eabi-gcc "C:/PP/Dydaktyka/MATERIALY/HMI_MATERIALY/HMI-M2M/STM32F7508-DK/DemoApp07_LwIP/Middlewares/Third_Party/LwIP/src/netif/ppp/chap_ms.c" -mcpu=cortex-m7 -std=gnu11 -g3 -DUSE_HAL_DRIVER -DSTM32F750xx -DDEBUG -c -I../../Core/Inc -I../../Drivers/CMSIS/Include -I../../Drivers/BSP/STM32F7508-Discovery -I../../TouchGFX/target -I../../Drivers/CMSIS/Device/ST/STM32F7xx/Include -I../../Drivers/STM32F7xx_HAL_Driver/Inc -I../../TouchGFX/App -I../../Middlewares/Third_Party/FreeRTOS/Source/CMSIS_RTOS -I../../TouchGFX/target/generated -I../../Drivers/STM32F7xx_HAL_Driver/Inc/Legacy -I../../Drivers/BSP/Components/Common -I../../Middlewares/Third_Party/FreeRTOS/Source/portable/GCC/ARM_CM7/r0p1 -I../../Middlewares/Third_Party/FreeRTOS/Source/include -I../../Middlewares/ST/touchgfx/framework/include -I../../TouchGFX/generated/fonts/include -I../../TouchGFX/generated/gui_generated/include -I../../TouchGFX/generated/images/include -I../../TouchGFX/generated/texts/include -I../../TouchGFX/gui/include -I../../TouchGFX/generated/videos/include -I../../LWIP/App -I../../LWIP/Target -I../../Middlewares/Third_Party/LwIP/src/include -I../../Middlewares/Third_Party/LwIP/system -I../../Middlewares/Third_Party/LwIP/src/include/netif/ppp -I../../Middlewares/Third_Party/LwIP/src/include/lwip -I../../Middlewares/Third_Party/LwIP/src/include/lwip/apps -I../../Middlewares/Third_Party/LwIP/src/include/lwip/priv -I../../Middlewares/Third_Party/LwIP/src/include/lwip/prot -I../../Middlewares/Third_Party/LwIP/src/include/netif -I../../Middlewares/Third_Party/LwIP/src/include/compat/posix -I../../Middlewares/Third_Party/LwIP/src/include/compat/posix/arpa -I../../Middlewares/Third_Party/LwIP/src/include/compat/posix/net -I../../Middlewares/Third_Party/LwIP/src/include/compat/posix/sys -I../../Middlewares/Third_Party/LwIP/src/include/compat/stdc -I../../Middlewares/Third_Party/LwIP/system/arch -Os -ffunction-sections -fdata-sections -Wall -fstack-usage -MMD -MP -MF"Middlewares/LwIP/chap_ms.d" -MT"Middlewares/LwIP/chap_ms.o" --specs=nano.specs -mfpu=fpv5-sp-d16 -mfloat-abi=hard -mthumb -o "Middlewares/LwIP/chap_ms.o"
arm-none-eabi-gcc "C:/PP/Dydaktyka/MATERIALY/HMI_MATERIALY/HMI-M2M/STM32F7508-DK/DemoApp07_LwIP/Middlewares/Third_Party/LwIP/src/core/def.c" -mcpu=cortex-m7 -std=gnu11 -g3 -DUSE_HAL_DRIVER -DSTM32F750xx -DDEBUG -c -I../../Core/Inc -I../../Drivers/CMSIS/Include -I../../Drivers/BSP/STM32F7508-Discovery -I../../TouchGFX/target -I../../Drivers/CMSIS/Device/ST/STM32F7xx/Include -I../../Drivers/STM32F7xx_HAL_Driver/Inc -I../../TouchGFX/App -I../../Middlewares/Third_Party/FreeRTOS/Source/CMSIS_RTOS -I../../TouchGFX/target/generated -I../../Drivers/STM32F7xx_HAL_Driver/Inc/Legacy -I../../Drivers/BSP/Components/Common -I../../Middlewares/Third_Party/FreeRTOS/Source/portable/GCC/ARM_CM7/r0p1 -I../../Middlewares/Third_Party/FreeRTOS/Source/include -I../../Middlewares/ST/touchgfx/framework/include -I../../TouchGFX/generated/fonts/include -I../../TouchGFX/generated/gui_generated/include -I../../TouchGFX/generated/images/include -I../../TouchGFX/generated/texts/include -I../../TouchGFX/gui/include -I../../TouchGFX/generated/videos/include -I../../LWIP/App -I../../LWIP/Target -I../../Middlewares/Third_Party/LwIP/src/include -I../../Middlewares/Third_Party/LwIP/system -I../../Middlewares/Third_Party/LwIP/src/include/netif/ppp -I../../Middlewares/Third_Party/LwIP/src/include/lwip -I../../Middlewares/Third_Party/LwIP/src/include/lwip/apps -I../../Middlewares/Third_Party/LwIP/src/include/lwip/priv -I../../Middlewares/Third_Party/LwIP/src/include/lwip/prot -I../../Middlewares/Third_Party/LwIP/src/include/netif -I../../Middlewares/Third_Party/LwIP/src/include/compat/posix -I../../Middlewares/Third_Party/LwIP/src/include/compat/posix/arpa -I../../Middlewares/Third_Party/LwIP/src/include/compat/posix/net -I../../Middlewares/Third_Party/LwIP/src/include/compat/posix/sys -I../../Middlewares/Third_Party/LwIP/src/include/compat/stdc -I../../Middlewares/Third_Party/LwIP/system/arch -Os -ffunction-sections -fdata-sections -Wall -fstack-usage -MMD -MP -MF"Middlewares/LwIP/def.d" -MT"Middlewares/LwIP/def.o" --specs=nano.specs -mfpu=fpv5-sp-d16 -mfloat-abi=hard -mthumb -o "Middlewares/LwIP/def.o"
arm-none-eabi-gcc "C:/PP/Dydaktyka/MATERIALY/HMI_MATERIALY/HMI-M2M/STM32F7508-DK/DemoApp07_LwIP/Middlewares/Third_Party/LwIP/src/netif/ppp/demand.c" -mcpu=cortex-m7 -std=gnu11 -g3 -DUSE_HAL_DRIVER -DSTM32F750xx -DDEBUG -c -I../../Core/Inc -I../../Drivers/CMSIS/Include -I../../Drivers/BSP/STM32F7508-Discovery -I../../TouchGFX/target -I../../Drivers/CMSIS/Device/ST/STM32F7xx/Include -I../../Drivers/STM32F7xx_HAL_Driver/Inc -I../../TouchGFX/App -I../../Middlewares/Third_Party/FreeRTOS/Source/CMSIS_RTOS -I../../TouchGFX/target/generated -I../../Drivers/STM32F7xx_HAL_Driver/Inc/Legacy -I../../Drivers/BSP/Components/Common -I../../Middlewares/Third_Party/FreeRTOS/Source/portable/GCC/ARM_CM7/r0p1 -I../../Middlewares/Third_Party/FreeRTOS/Source/include -I../../Middlewares/ST/touchgfx/framework/include -I../../TouchGFX/generated/fonts/include -I../../TouchGFX/generated/gui_generated/include -I../../TouchGFX/generated/images/include -I../../TouchGFX/generated/texts/include -I../../TouchGFX/gui/include -I../../TouchGFX/generated/videos/include -I../../LWIP/App -I../../LWIP/Target -I../../Middlewares/Third_Party/LwIP/src/include -I../../Middlewares/Third_Party/LwIP/system -I../../Middlewares/Third_Party/LwIP/src/include/netif/ppp -I../../Middlewares/Third_Party/LwIP/src/include/lwip -I../../Middlewares/Third_Party/LwIP/src/include/lwip/apps -I../../Middlewares/Third_Party/LwIP/src/include/lwip/priv -I../../Middlewares/Third_Party/LwIP/src/include/lwip/prot -I../../Middlewares/Third_Party/LwIP/src/include/netif -I../../Middlewares/Third_Party/LwIP/src/include/compat/posix -I../../Middlewares/Third_Party/LwIP/src/include/compat/posix/arpa -I../../Middlewares/Third_Party/LwIP/src/include/compat/posix/net -I../../Middlewares/Third_Party/LwIP/src/include/compat/posix/sys -I../../Middlewares/Third_Party/LwIP/src/include/compat/stdc -I../../Middlewares/Third_Party/LwIP/system/arch -Os -ffunction-sections -fdata-sections -Wall -fstack-usage -MMD -MP -MF"Middlewares/LwIP/demand.d" -MT"Middlewares/LwIP/demand.o" --specs=nano.specs -mfpu=fpv5-sp-d16 -mfloat-abi=hard -mthumb -o "Middlewares/LwIP/demand.o"
arm-none-eabi-gcc "C:/PP/Dydaktyka/MATERIALY/HMI_MATERIALY/HMI-M2M/STM32F7508-DK/DemoApp07_LwIP/Middlewares/Third_Party/LwIP/src/core/ipv4/dhcp.c" -mcpu=cortex-m7 -std=gnu11 -g3 -DUSE_HAL_DRIVER -DSTM32F750xx -DDEBUG -c -I../../Core/Inc -I../../Drivers/CMSIS/Include -I../../Drivers/BSP/STM32F7508-Discovery -I../../TouchGFX/target -I../../Drivers/CMSIS/Device/ST/STM32F7xx/Include -I../../Drivers/STM32F7xx_HAL_Driver/Inc -I../../TouchGFX/App -I../../Middlewares/Third_Party/FreeRTOS/Source/CMSIS_RTOS -I../../TouchGFX/target/generated -I../../Drivers/STM32F7xx_HAL_Driver/Inc/Legacy -I../../Drivers/BSP/Components/Common -I../../Middlewares/Third_Party/FreeRTOS/Source/portable/GCC/ARM_CM7/r0p1 -I../../Middlewares/Third_Party/FreeRTOS/Source/include -I../../Middlewares/ST/touchgfx/framework/include -I../../TouchGFX/generated/fonts/include -I../../TouchGFX/generated/gui_generated/include -I../../TouchGFX/generated/images/include -I../../TouchGFX/generated/texts/include -I../../TouchGFX/gui/include -I../../TouchGFX/generated/videos/include -I../../LWIP/App -I../../LWIP/Target -I../../Middlewares/Third_Party/LwIP/src/include -I../../Middlewares/Third_Party/LwIP/system -I../../Middlewares/Third_Party/LwIP/src/include/netif/ppp -I../../Middlewares/Third_Party/LwIP/src/include/lwip -I../../Middlewares/Third_Party/LwIP/src/include/lwip/apps -I../../Middlewares/Third_Party/LwIP/src/include/lwip/priv -I../../Middlewares/Third_Party/LwIP/src/include/lwip/prot -I../../Middlewares/Third_Party/LwIP/src/include/netif -I../../Middlewares/Third_Party/LwIP/src/include/compat/posix -I../../Middlewares/Third_Party/LwIP/src/include/compat/posix/arpa -I../../Middlewares/Third_Party/LwIP/src/include/compat/posix/net -I../../Middlewares/Third_Party/LwIP/src/include/compat/posix/sys -I../../Middlewares/Third_Party/LwIP/src/include/compat/stdc -I../../Middlewares/Third_Party/LwIP/system/arch -Os -ffunction-sections -fdata-sections -Wall -fstack-usage -MMD -MP -MF"Middlewares/LwIP/dhcp.d" -MT"Middlewares/LwIP/dhcp.o" --specs=nano.specs -mfpu=fpv5-sp-d16 -mfloat-abi=hard -mthumb -o "Middlewares/LwIP/dhcp.o"
arm-none-eabi-gcc "C:/PP/Dydaktyka/MATERIALY/HMI_MATERIALY/HMI-M2M/STM32F7508-DK/DemoApp07_LwIP/Middlewares/Third_Party/LwIP/src/core/ipv6/dhcp6.c" -mcpu=cortex-m7 -std=gnu11 -g3 -DUSE_HAL_DRIVER -DSTM32F750xx -DDEBUG -c -I../../Core/Inc -I../../Drivers/CMSIS/Include -I../../Drivers/BSP/STM32F7508-Discovery -I../../TouchGFX/target -I../../Drivers/CMSIS/Device/ST/STM32F7xx/Include -I../../Drivers/STM32F7xx_HAL_Driver/Inc -I../../TouchGFX/App -I../../Middlewares/Third_Party/FreeRTOS/Source/CMSIS_RTOS -I../../TouchGFX/target/generated -I../../Drivers/STM32F7xx_HAL_Driver/Inc/Legacy -I../../Drivers/BSP/Components/Common -I../../Middlewares/Third_Party/FreeRTOS/Source/portable/GCC/ARM_CM7/r0p1 -I../../Middlewares/Third_Party/FreeRTOS/Source/include -I../../Middlewares/ST/touchgfx/framework/include -I../../TouchGFX/generated/fonts/include -I../../TouchGFX/generated/gui_generated/include -I../../TouchGFX/generated/images/include -I../../TouchGFX/generated/texts/include -I../../TouchGFX/gui/include -I../../TouchGFX/generated/videos/include -I../../LWIP/App -I../../LWIP/Target -I../../Middlewares/Third_Party/LwIP/src/include -I../../Middlewares/Third_Party/LwIP/system -I../../Middlewares/Third_Party/LwIP/src/include/netif/ppp -I../../Middlewares/Third_Party/LwIP/src/include/lwip -I../../Middlewares/Third_Party/LwIP/src/include/lwip/apps -I../../Middlewares/Third_Party/LwIP/src/include/lwip/priv -I../../Middlewares/Third_Party/LwIP/src/include/lwip/prot -I../../Middlewares/Third_Party/LwIP/src/include/netif -I../../Middlewares/Third_Party/LwIP/src/include/compat/posix -I../../Middlewares/Third_Party/LwIP/src/include/compat/posix/arpa -I../../Middlewares/Third_Party/LwIP/src/include/compat/posix/net -I../../Middlewares/Third_Party/LwIP/src/include/compat/posix/sys -I../../Middlewares/Third_Party/LwIP/src/include/compat/stdc -I../../Middlewares/Third_Party/LwIP/system/arch -Os -ffunction-sections -fdata-sections -Wall -fstack-usage -MMD -MP -MF"Middlewares/LwIP/dhcp6.d" -MT"Middlewares/LwIP/dhcp6.o" --specs=nano.specs -mfpu=fpv5-sp-d16 -mfloat-abi=hard -mthumb -o "Middlewares/LwIP/dhcp6.o"
arm-none-eabi-gcc "C:/PP/Dydaktyka/MATERIALY/HMI_MATERIALY/HMI-M2M/STM32F7508-DK/DemoApp07_LwIP/Middlewares/Third_Party/LwIP/src/core/dns.c" -mcpu=cortex-m7 -std=gnu11 -g3 -DUSE_HAL_DRIVER -DSTM32F750xx -DDEBUG -c -I../../Core/Inc -I../../Drivers/CMSIS/Include -I../../Drivers/BSP/STM32F7508-Discovery -I../../TouchGFX/target -I../../Drivers/CMSIS/Device/ST/STM32F7xx/Include -I../../Drivers/STM32F7xx_HAL_Driver/Inc -I../../TouchGFX/App -I../../Middlewares/Third_Party/FreeRTOS/Source/CMSIS_RTOS -I../../TouchGFX/target/generated -I../../Drivers/STM32F7xx_HAL_Driver/Inc/Legacy -I../../Drivers/BSP/Components/Common -I../../Middlewares/Third_Party/FreeRTOS/Source/portable/GCC/ARM_CM7/r0p1 -I../../Middlewares/Third_Party/FreeRTOS/Source/include -I../../Middlewares/ST/touchgfx/framework/include -I../../TouchGFX/generated/fonts/include -I../../TouchGFX/generated/gui_generated/include -I../../TouchGFX/generated/images/include -I../../TouchGFX/generated/texts/include -I../../TouchGFX/gui/include -I../../TouchGFX/generated/videos/include -I../../LWIP/App -I../../LWIP/Target -I../../Middlewares/Third_Party/LwIP/src/include -I../../Middlewares/Third_Party/LwIP/system -I../../Middlewares/Third_Party/LwIP/src/include/netif/ppp -I../../Middlewares/Third_Party/LwIP/src/include/lwip -I../../Middlewares/Third_Party/LwIP/src/include/lwip/apps -I../../Middlewares/Third_Party/LwIP/src/include/lwip/priv -I../../Middlewares/Third_Party/LwIP/src/include/lwip/prot -I../../Middlewares/Third_Party/LwIP/src/include/netif -I../../Middlewares/Third_Party/LwIP/src/include/compat/posix -I../../Middlewares/Third_Party/LwIP/src/include/compat/posix/arpa -I../../Middlewares/Third_Party/LwIP/src/include/compat/posix/net -I../../Middlewares/Third_Party/LwIP/src/include/compat/posix/sys -I../../Middlewares/Third_Party/LwIP/src/include/compat/stdc -I../../Middlewares/Third_Party/LwIP/system/arch -Os -ffunction-sections -fdata-sections -Wall -fstack-usage -MMD -MP -MF"Middlewares/LwIP/dns.d" -MT"Middlewares/LwIP/dns.o" --specs=nano.specs -mfpu=fpv5-sp-d16 -mfloat-abi=hard -mthumb -o "Middlewares/LwIP/dns.o"
arm-none-eabi-gcc "C:/PP/Dydaktyka/MATERIALY/HMI_MATERIALY/HMI-M2M/STM32F7508-DK/DemoApp07_LwIP/Middlewares/Third_Party/LwIP/src/netif/ppp/eap.c" -mcpu=cortex-m7 -std=gnu11 -g3 -DUSE_HAL_DRIVER -DSTM32F750xx -DDEBUG -c -I../../Core/Inc -I../../Drivers/CMSIS/Include -I../../Drivers/BSP/STM32F7508-Discovery -I../../TouchGFX/target -I../../Drivers/CMSIS/Device/ST/STM32F7xx/Include -I../../Drivers/STM32F7xx_HAL_Driver/Inc -I../../TouchGFX/App -I../../Middlewares/Third_Party/FreeRTOS/Source/CMSIS_RTOS -I../../TouchGFX/target/generated -I../../Drivers/STM32F7xx_HAL_Driver/Inc/Legacy -I../../Drivers/BSP/Components/Common -I../../Middlewares/Third_Party/FreeRTOS/Source/portable/GCC/ARM_CM7/r0p1 -I../../Middlewares/Third_Party/FreeRTOS/Source/include -I../../Middlewares/ST/touchgfx/framework/include -I../../TouchGFX/generated/fonts/include -I../../TouchGFX/generated/gui_generated/include -I../../TouchGFX/generated/images/include -I../../TouchGFX/generated/texts/include -I../../TouchGFX/gui/include -I../../TouchGFX/generated/videos/include -I../../LWIP/App -I../../LWIP/Target -I../../Middlewares/Third_Party/LwIP/src/include -I../../Middlewares/Third_Party/LwIP/system -I../../Middlewares/Third_Party/LwIP/src/include/netif/ppp -I../../Middlewares/Third_Party/LwIP/src/include/lwip -I../../Middlewares/Third_Party/LwIP/src/include/lwip/apps -I../../Middlewares/Third_Party/LwIP/src/include/lwip/priv -I../../Middlewares/Third_Party/LwIP/src/include/lwip/prot -I../../Middlewares/Third_Party/LwIP/src/include/netif -I../../Middlewares/Third_Party/LwIP/src/include/compat/posix -I../../Middlewares/Third_Party/LwIP/src/include/compat/posix/arpa -I../../Middlewares/Third_Party/LwIP/src/include/compat/posix/net -I../../Middlewares/Third_Party/LwIP/src/include/compat/posix/sys -I../../Middlewares/Third_Party/LwIP/src/include/compat/stdc -I../../Middlewares/Third_Party/LwIP/system/arch -Os -ffunction-sections -fdata-sections -Wall -fstack-usage -MMD -MP -MF"Middlewares/LwIP/eap.d" -MT"Middlewares/LwIP/eap.o" --specs=nano.specs -mfpu=fpv5-sp-d16 -mfloat-abi=hard -mthumb -o "Middlewares/LwIP/eap.o"
arm-none-eabi-gcc "C:/PP/Dydaktyka/MATERIALY/HMI_MATERIALY/HMI-M2M/STM32F7508-DK/DemoApp07_LwIP/Middlewares/Third_Party/LwIP/src/netif/ppp/ecp.c" -mcpu=cortex-m7 -std=gnu11 -g3 -DUSE_HAL_DRIVER -DSTM32F750xx -DDEBUG -c -I../../Core/Inc -I../../Drivers/CMSIS/Include -I../../Drivers/BSP/STM32F7508-Discovery -I../../TouchGFX/target -I../../Drivers/CMSIS/Device/ST/STM32F7xx/Include -I../../Drivers/STM32F7xx_HAL_Driver/Inc -I../../TouchGFX/App -I../../Middlewares/Third_Party/FreeRTOS/Source/CMSIS_RTOS -I../../TouchGFX/target/generated -I../../Drivers/STM32F7xx_HAL_Driver/Inc/Legacy -I../../Drivers/BSP/Components/Common -I../../Middlewares/Third_Party/FreeRTOS/Source/portable/GCC/ARM_CM7/r0p1 -I../../Middlewares/Third_Party/FreeRTOS/Source/include -I../../Middlewares/ST/touchgfx/framework/include -I../../TouchGFX/generated/fonts/include -I../../TouchGFX/generated/gui_generated/include -I../../TouchGFX/generated/images/include -I../../TouchGFX/generated/texts/include -I../../TouchGFX/gui/include -I../../TouchGFX/generated/videos/include -I../../LWIP/App -I../../LWIP/Target -I../../Middlewares/Third_Party/LwIP/src/include -I../../Middlewares/Third_Party/LwIP/system -I../../Middlewares/Third_Party/LwIP/src/include/netif/ppp -I../../Middlewares/Third_Party/LwIP/src/include/lwip -I../../Middlewares/Third_Party/LwIP/src/include/lwip/apps -I../../Middlewares/Third_Party/LwIP/src/include/lwip/priv -I../../Middlewares/Third_Party/LwIP/src/include/lwip/prot -I../../Middlewares/Third_Party/LwIP/src/include/netif -I../../Middlewares/Third_Party/LwIP/src/include/compat/posix -I../../Middlewares/Third_Party/LwIP/src/include/compat/posix/arpa -I../../Middlewares/Third_Party/LwIP/src/include/compat/posix/net -I../../Middlewares/Third_Party/LwIP/src/include/compat/posix/sys -I../../Middlewares/Third_Party/LwIP/src/include/compat/stdc -I../../Middlewares/Third_Party/LwIP/system/arch -Os -ffunction-sections -fdata-sections -Wall -fstack-usage -MMD -MP -MF"Middlewares/LwIP/ecp.d" -MT"Middlewares/LwIP/ecp.o" --specs=nano.specs -mfpu=fpv5-sp-d16 -mfloat-abi=hard -mthumb -o "Middlewares/LwIP/ecp.o"
arm-none-eabi-gcc "C:/PP/Dydaktyka/MATERIALY/HMI_MATERIALY/HMI-M2M/STM32F7508-DK/DemoApp07_LwIP/Middlewares/Third_Party/LwIP/src/api/err.c" -mcpu=cortex-m7 -std=gnu11 -g3 -DUSE_HAL_DRIVER -DSTM32F750xx -DDEBUG -c -I../../Core/Inc -I../../Drivers/CMSIS/Include -I../../Drivers/BSP/STM32F7508-Discovery -I../../TouchGFX/target -I../../Drivers/CMSIS/Device/ST/STM32F7xx/Include -I../../Drivers/STM32F7xx_HAL_Driver/Inc -I../../TouchGFX/App -I../../Middlewares/Third_Party/FreeRTOS/Source/CMSIS_RTOS -I../../TouchGFX/target/generated -I../../Drivers/STM32F7xx_HAL_Driver/Inc/Legacy -I../../Drivers/BSP/Components/Common -I../../Middlewares/Third_Party/FreeRTOS/Source/portable/GCC/ARM_CM7/r0p1 -I../../Middlewares/Third_Party/FreeRTOS/Source/include -I../../Middlewares/ST/touchgfx/framework/include -I../../TouchGFX/generated/fonts/include -I../../TouchGFX/generated/gui_generated/include -I../../TouchGFX/generated/images/include -I../../TouchGFX/generated/texts/include -I../../TouchGFX/gui/include -I../../TouchGFX/generated/videos/include -I../../LWIP/App -I../../LWIP/Target -I../../Middlewares/Third_Party/LwIP/src/include -I../../Middlewares/Third_Party/LwIP/system -I../../Middlewares/Third_Party/LwIP/src/include/netif/ppp -I../../Middlewares/Third_Party/LwIP/src/include/lwip -I../../Middlewares/Third_Party/LwIP/src/include/lwip/apps -I../../Middlewares/Third_Party/LwIP/src/include/lwip/priv -I../../Middlewares/Third_Party/LwIP/src/include/lwip/prot -I../../Middlewares/Third_Party/LwIP/src/include/netif -I../../Middlewares/Third_Party/LwIP/src/include/compat/posix -I../../Middlewares/Third_Party/LwIP/src/include/compat/posix/arpa -I../../Middlewares/Third_Party/LwIP/src/include/compat/posix/net -I../../Middlewares/Third_Party/LwIP/src/include/compat/posix/sys -I../../Middlewares/Third_Party/LwIP/src/include/compat/stdc -I../../Middlewares/Third_Party/LwIP/system/arch -Os -ffunction-sections -fdata-sections -Wall -fstack-usage -MMD -MP -MF"Middlewares/LwIP/err.d" -MT"Middlewares/LwIP/err.o" --specs=nano.specs -mfpu=fpv5-sp-d16 -mfloat-abi=hard -mthumb -o "Middlewares/LwIP/err.o"
arm-none-eabi-gcc "C:/PP/Dydaktyka/MATERIALY/HMI_MATERIALY/HMI-M2M/STM32F7508-DK/DemoApp07_LwIP/Middlewares/Third_Party/LwIP/src/core/ipv4/etharp.c" -mcpu=cortex-m7 -std=gnu11 -g3 -DUSE_HAL_DRIVER -DSTM32F750xx -DDEBUG -c -I../../Core/Inc -I../../Drivers/CMSIS/Include -I../../Drivers/BSP/STM32F7508-Discovery -I../../TouchGFX/target -I../../Drivers/CMSIS/Device/ST/STM32F7xx/Include -I../../Drivers/STM32F7xx_HAL_Driver/Inc -I../../TouchGFX/App -I../../Middlewares/Third_Party/FreeRTOS/Source/CMSIS_RTOS -I../../TouchGFX/target/generated -I../../Drivers/STM32F7xx_HAL_Driver/Inc/Legacy -I../../Drivers/BSP/Components/Common -I../../Middlewares/Third_Party/FreeRTOS/Source/portable/GCC/ARM_CM7/r0p1 -I../../Middlewares/Third_Party/FreeRTOS/Source/include -I../../Middlewares/ST/touchgfx/framework/include -I../../TouchGFX/generated/fonts/include -I../../TouchGFX/generated/gui_generated/include -I../../TouchGFX/generated/images/include -I../../TouchGFX/generated/texts/include -I../../TouchGFX/gui/include -I../../TouchGFX/generated/videos/include -I../../LWIP/App -I../../LWIP/Target -I../../Middlewares/Third_Party/LwIP/src/include -I../../Middlewares/Third_Party/LwIP/system -I../../Middlewares/Third_Party/LwIP/src/include/netif/ppp -I../../Middlewares/Third_Party/LwIP/src/include/lwip -I../../Middlewares/Third_Party/LwIP/src/include/lwip/apps -I../../Middlewares/Third_Party/LwIP/src/include/lwip/priv -I../../Middlewares/Third_Party/LwIP/src/include/lwip/prot -I../../Middlewares/Third_Party/LwIP/src/include/netif -I../../Middlewares/Third_Party/LwIP/src/include/compat/posix -I../../Middlewares/Third_Party/LwIP/src/include/compat/posix/arpa -I../../Middlewares/Third_Party/LwIP/src/include/compat/posix/net -I../../Middlewares/Third_Party/LwIP/src/include/compat/posix/sys -I../../Middlewares/Third_Party/LwIP/src/include/compat/stdc -I../../Middlewares/Third_Party/LwIP/system/arch -Os -ffunction-sections -fdata-sections -Wall -fstack-usage -MMD -MP -MF"Middlewares/LwIP/etharp.d" -MT"Middlewares/LwIP/etharp.o" --specs=nano.specs -mfpu=fpv5-sp-d16 -mfloat-abi=hard -mthumb -o "Middlewares/LwIP/etharp.o"
arm-none-eabi-gcc "C:/PP/Dydaktyka/MATERIALY/HMI_MATERIALY/HMI-M2M/STM32F7508-DK/DemoApp07_LwIP/Middlewares/Third_Party/LwIP/src/netif/ethernet.c" -mcpu=cortex-m7 -std=gnu11 -g3 -DUSE_HAL_DRIVER -DSTM32F750xx -DDEBUG -c -I../../Core/Inc -I../../Drivers/CMSIS/Include -I../../Drivers/BSP/STM32F7508-Discovery -I../../TouchGFX/target -I../../Drivers/CMSIS/Device/ST/STM32F7xx/Include -I../../Drivers/STM32F7xx_HAL_Driver/Inc -I../../TouchGFX/App -I../../Middlewares/Third_Party/FreeRTOS/Source/CMSIS_RTOS -I../../TouchGFX/target/generated -I../../Drivers/STM32F7xx_HAL_Driver/Inc/Legacy -I../../Drivers/BSP/Components/Common -I../../Middlewares/Third_Party/FreeRTOS/Source/portable/GCC/ARM_CM7/r0p1 -I../../Middlewares/Third_Party/FreeRTOS/Source/include -I../../Middlewares/ST/touchgfx/framework/include -I../../TouchGFX/generated/fonts/include -I../../TouchGFX/generated/gui_generated/include -I../../TouchGFX/generated/images/include -I../../TouchGFX/generated/texts/include -I../../TouchGFX/gui/include -I../../TouchGFX/generated/videos/include -I../../LWIP/App -I../../LWIP/Target -I../../Middlewares/Third_Party/LwIP/src/include -I../../Middlewares/Third_Party/LwIP/system -I../../Middlewares/Third_Party/LwIP/src/include/netif/ppp -I../../Middlewares/Third_Party/LwIP/src/include/lwip -I../../Middlewares/Third_Party/LwIP/src/include/lwip/apps -I../../Middlewares/Third_Party/LwIP/src/include/lwip/priv -I../../Middlewares/Third_Party/LwIP/src/include/lwip/prot -I../../Middlewares/Third_Party/LwIP/src/include/netif -I../../Middlewares/Third_Party/LwIP/src/include/compat/posix -I../../Middlewares/Third_Party/LwIP/src/include/compat/posix/arpa -I../../Middlewares/Third_Party/LwIP/src/include/compat/posix/net -I../../Middlewares/Third_Party/LwIP/src/include/compat/posix/sys -I../../Middlewares/Third_Party/LwIP/src/include/compat/stdc -I../../Middlewares/Third_Party/LwIP/system/arch -Os -ffunction-sections -fdata-sections -Wall -fstack-usage -MMD -MP -MF"Middlewares/LwIP/ethernet.d" -MT"Middlewares/LwIP/ethernet.o" --specs=nano.specs -mfpu=fpv5-sp-d16 -mfloat-abi=hard -mthumb -o "Middlewares/LwIP/ethernet.o"
arm-none-eabi-gcc "C:/PP/Dydaktyka/MATERIALY/HMI_MATERIALY/HMI-M2M/STM32F7508-DK/DemoApp07_LwIP/Middlewares/Third_Party/LwIP/src/core/ipv6/ethip6.c" -mcpu=cortex-m7 -std=gnu11 -g3 -DUSE_HAL_DRIVER -DSTM32F750xx -DDEBUG -c -I../../Core/Inc -I../../Drivers/CMSIS/Include -I../../Drivers/BSP/STM32F7508-Discovery -I../../TouchGFX/target -I../../Drivers/CMSIS/Device/ST/STM32F7xx/Include -I../../Drivers/STM32F7xx_HAL_Driver/Inc -I../../TouchGFX/App -I../../Middlewares/Third_Party/FreeRTOS/Source/CMSIS_RTOS -I../../TouchGFX/target/generated -I../../Drivers/STM32F7xx_HAL_Driver/Inc/Legacy -I../../Drivers/BSP/Components/Common -I../../Middlewares/Third_Party/FreeRTOS/Source/portable/GCC/ARM_CM7/r0p1 -I../../Middlewares/Third_Party/FreeRTOS/Source/include -I../../Middlewares/ST/touchgfx/framework/include -I../../TouchGFX/generated/fonts/include -I../../TouchGFX/generated/gui_generated/include -I../../TouchGFX/generated/images/include -I../../TouchGFX/generated/texts/include -I../../TouchGFX/gui/include -I../../TouchGFX/generated/videos/include -I../../LWIP/App -I../../LWIP/Target -I../../Middlewares/Third_Party/LwIP/src/include -I../../Middlewares/Third_Party/LwIP/system -I../../Middlewares/Third_Party/LwIP/src/include/netif/ppp -I../../Middlewares/Third_Party/LwIP/src/include/lwip -I../../Middlewares/Third_Party/LwIP/src/include/lwip/apps -I../../Middlewares/Third_Party/LwIP/src/include/lwip/priv -I../../Middlewares/Third_Party/LwIP/src/include/lwip/prot -I../../Middlewares/Third_Party/LwIP/src/include/netif -I../../Middlewares/Third_Party/LwIP/src/include/compat/posix -I../../Middlewares/Third_Party/LwIP/src/include/compat/posix/arpa -I../../Middlewares/Third_Party/LwIP/src/include/compat/posix/net -I../../Middlewares/Third_Party/LwIP/src/include/compat/posix/sys -I../../Middlewares/Third_Party/LwIP/src/include/compat/stdc -I../../Middlewares/Third_Party/LwIP/system/arch -Os -ffunction-sections -fdata-sections -Wall -fstack-usage -MMD -MP -MF"Middlewares/LwIP/ethip6.d" -MT"Middlewares/LwIP/ethip6.o" --specs=nano.specs -mfpu=fpv5-sp-d16 -mfloat-abi=hard -mthumb -o "Middlewares/LwIP/ethip6.o"
arm-none-eabi-gcc "C:/PP/Dydaktyka/MATERIALY/HMI_MATERIALY/HMI-M2M/STM32F7508-DK/DemoApp07_LwIP/Middlewares/Third_Party/LwIP/src/netif/ppp/eui64.c" -mcpu=cortex-m7 -std=gnu11 -g3 -DUSE_HAL_DRIVER -DSTM32F750xx -DDEBUG -c -I../../Core/Inc -I../../Drivers/CMSIS/Include -I../../Drivers/BSP/STM32F7508-Discovery -I../../TouchGFX/target -I../../Drivers/CMSIS/Device/ST/STM32F7xx/Include -I../../Drivers/STM32F7xx_HAL_Driver/Inc -I../../TouchGFX/App -I../../Middlewares/Third_Party/FreeRTOS/Source/CMSIS_RTOS -I../../TouchGFX/target/generated -I../../Drivers/STM32F7xx_HAL_Driver/Inc/Legacy -I../../Drivers/BSP/Components/Common -I../../Middlewares/Third_Party/FreeRTOS/Source/portable/GCC/ARM_CM7/r0p1 -I../../Middlewares/Third_Party/FreeRTOS/Source/include -I../../Middlewares/ST/touchgfx/framework/include -I../../TouchGFX/generated/fonts/include -I../../TouchGFX/generated/gui_generated/include -I../../TouchGFX/generated/images/include -I../../TouchGFX/generated/texts/include -I../../TouchGFX/gui/include -I../../TouchGFX/generated/videos/include -I../../LWIP/App -I../../LWIP/Target -I../../Middlewares/Third_Party/LwIP/src/include -I../../Middlewares/Third_Party/LwIP/system -I../../Middlewares/Third_Party/LwIP/src/include/netif/ppp -I../../Middlewares/Third_Party/LwIP/src/include/lwip -I../../Middlewares/Third_Party/LwIP/src/include/lwip/apps -I../../Middlewares/Third_Party/LwIP/src/include/lwip/priv -I../../Middlewares/Third_Party/LwIP/src/include/lwip/prot -I../../Middlewares/Third_Party/LwIP/src/include/netif -I../../Middlewares/Third_Party/LwIP/src/include/compat/posix -I../../Middlewares/Third_Party/LwIP/src/include/compat/posix/arpa -I../../Middlewares/Third_Party/LwIP/src/include/compat/posix/net -I../../Middlewares/Third_Party/LwIP/src/include/compat/posix/sys -I../../Middlewares/Third_Party/LwIP/src/include/compat/stdc -I../../Middlewares/Third_Party/LwIP/system/arch -Os -ffunction-sections -fdata-sections -Wall -fstack-usage -MMD -MP -MF"Middlewares/LwIP/eui64.d" -MT"Middlewares/LwIP/eui64.o" --specs=nano.specs -mfpu=fpv5-sp-d16 -mfloat-abi=hard -mthumb -o "Middlewares/LwIP/eui64.o"
arm-none-eabi-gcc "C:/PP/Dydaktyka/MATERIALY/HMI_MATERIALY/HMI-M2M/STM32F7508-DK/DemoApp07_LwIP/Middlewares/Third_Party/LwIP/src/netif/ppp/fsm.c" -mcpu=cortex-m7 -std=gnu11 -g3 -DUSE_HAL_DRIVER -DSTM32F750xx -DDEBUG -c -I../../Core/Inc -I../../Drivers/CMSIS/Include -I../../Drivers/BSP/STM32F7508-Discovery -I../../TouchGFX/target -I../../Drivers/CMSIS/Device/ST/STM32F7xx/Include -I../../Drivers/STM32F7xx_HAL_Driver/Inc -I../../TouchGFX/App -I../../Middlewares/Third_Party/FreeRTOS/Source/CMSIS_RTOS -I../../TouchGFX/target/generated -I../../Drivers/STM32F7xx_HAL_Driver/Inc/Legacy -I../../Drivers/BSP/Components/Common -I../../Middlewares/Third_Party/FreeRTOS/Source/portable/GCC/ARM_CM7/r0p1 -I../../Middlewares/Third_Party/FreeRTOS/Source/include -I../../Middlewares/ST/touchgfx/framework/include -I../../TouchGFX/generated/fonts/include -I../../TouchGFX/generated/gui_generated/include -I../../TouchGFX/generated/images/include -I../../TouchGFX/generated/texts/include -I../../TouchGFX/gui/include -I../../TouchGFX/generated/videos/include -I../../LWIP/App -I../../LWIP/Target -I../../Middlewares/Third_Party/LwIP/src/include -I../../Middlewares/Third_Party/LwIP/system -I../../Middlewares/Third_Party/LwIP/src/include/netif/ppp -I../../Middlewares/Third_Party/LwIP/src/include/lwip -I../../Middlewares/Third_Party/LwIP/src/include/lwip/apps -I../../Middlewares/Third_Party/LwIP/src/include/lwip/priv -I../../Middlewares/Third_Party/LwIP/src/include/lwip/prot -I../../Middlewares/Third_Party/LwIP/src/include/netif -I../../Middlewares/Third_Party/LwIP/src/include/compat/posix -I../../Middlewares/Third_Party/LwIP/src/include/compat/posix/arpa -I../../Middlewares/Third_Party/LwIP/src/include/compat/posix/net -I../../Middlewares/Third_Party/LwIP/src/include/compat/posix/sys -I../../Middlewares/Third_Party/LwIP/src/include/compat/stdc -I../../Middlewares/Third_Party/LwIP/system/arch -Os -ffunction-sections -fdata-sections -Wall -fstack-usage -MMD -MP -MF"Middlewares/LwIP/fsm.d" -MT"Middlewares/LwIP/fsm.o" --specs=nano.specs -mfpu=fpv5-sp-d16 -mfloat-abi=hard -mthumb -o "Middlewares/LwIP/fsm.o"
arm-none-eabi-gcc "C:/PP/Dydaktyka/MATERIALY/HMI_MATERIALY/HMI-M2M/STM32F7508-DK/DemoApp07_LwIP/Middlewares/Third_Party/LwIP/src/core/ipv4/icmp.c" -mcpu=cortex-m7 -std=gnu11 -g3 -DUSE_HAL_DRIVER -DSTM32F750xx -DDEBUG -c -I../../Core/Inc -I../../Drivers/CMSIS/Include -I../../Drivers/BSP/STM32F7508-Discovery -I../../TouchGFX/target -I../../Drivers/CMSIS/Device/ST/STM32F7xx/Include -I../../Drivers/STM32F7xx_HAL_Driver/Inc -I../../TouchGFX/App -I../../Middlewares/Third_Party/FreeRTOS/Source/CMSIS_RTOS -I../../TouchGFX/target/generated -I../../Drivers/STM32F7xx_HAL_Driver/Inc/Legacy -I../../Drivers/BSP/Components/Common -I../../Middlewares/Third_Party/FreeRTOS/Source/portable/GCC/ARM_CM7/r0p1 -I../../Middlewares/Third_Party/FreeRTOS/Source/include -I../../Middlewares/ST/touchgfx/framework/include -I../../TouchGFX/generated/fonts/include -I../../TouchGFX/generated/gui_generated/include -I../../TouchGFX/generated/images/include -I../../TouchGFX/generated/texts/include -I../../TouchGFX/gui/include -I../../TouchGFX/generated/videos/include -I../../LWIP/App -I../../LWIP/Target -I../../Middlewares/Third_Party/LwIP/src/include -I../../Middlewares/Third_Party/LwIP/system -I../../Middlewares/Third_Party/LwIP/src/include/netif/ppp -I../../Middlewares/Third_Party/LwIP/src/include/lwip -I../../Middlewares/Third_Party/LwIP/src/include/lwip/apps -I../../Middlewares/Third_Party/LwIP/src/include/lwip/priv -I../../Middlewares/Third_Party/LwIP/src/include/lwip/prot -I../../Middlewares/Third_Party/LwIP/src/include/netif -I../../Middlewares/Third_Party/LwIP/src/include/compat/posix -I../../Middlewares/Third_Party/LwIP/src/include/compat/posix/arpa -I../../Middlewares/Third_Party/LwIP/src/include/compat/posix/net -I../../Middlewares/Third_Party/LwIP/src/include/compat/posix/sys -I../../Middlewares/Third_Party/LwIP/src/include/compat/stdc -I../../Middlewares/Third_Party/LwIP/system/arch -Os -ffunction-sections -fdata-sections -Wall -fstack-usage -MMD -MP -MF"Middlewares/LwIP/icmp.d" -MT"Middlewares/LwIP/icmp.o" --specs=nano.specs -mfpu=fpv5-sp-d16 -mfloat-abi=hard -mthumb -o "Middlewares/LwIP/icmp.o"
arm-none-eabi-gcc "C:/PP/Dydaktyka/MATERIALY/HMI_MATERIALY/HMI-M2M/STM32F7508-DK/DemoApp07_LwIP/Middlewares/Third_Party/LwIP/src/core/ipv6/icmp6.c" -mcpu=cortex-m7 -std=gnu11 -g3 -DUSE_HAL_DRIVER -DSTM32F750xx -DDEBUG -c -I../../Core/Inc -I../../Drivers/CMSIS/Include -I../../Drivers/BSP/STM32F7508-Discovery -I../../TouchGFX/target -I../../Drivers/CMSIS/Device/ST/STM32F7xx/Include -I../../Drivers/STM32F7xx_HAL_Driver/Inc -I../../TouchGFX/App -I../../Middlewares/Third_Party/FreeRTOS/Source/CMSIS_RTOS -I../../TouchGFX/target/generated -I../../Drivers/STM32F7xx_HAL_Driver/Inc/Legacy -I../../Drivers/BSP/Components/Common -I../../Middlewares/Third_Party/FreeRTOS/Source/portable/GCC/ARM_CM7/r0p1 -I../../Middlewares/Third_Party/FreeRTOS/Source/include -I../../Middlewares/ST/touchgfx/framework/include -I../../TouchGFX/generated/fonts/include -I../../TouchGFX/generated/gui_generated/include -I../../TouchGFX/generated/images/include -I../../TouchGFX/generated/texts/include -I../../TouchGFX/gui/include -I../../TouchGFX/generated/videos/include -I../../LWIP/App -I../../LWIP/Target -I../../Middlewares/Third_Party/LwIP/src/include -I../../Middlewares/Third_Party/LwIP/system -I../../Middlewares/Third_Party/LwIP/src/include/netif/ppp -I../../Middlewares/Third_Party/LwIP/src/include/lwip -I../../Middlewares/Third_Party/LwIP/src/include/lwip/apps -I../../Middlewares/Third_Party/LwIP/src/include/lwip/priv -I../../Middlewares/Third_Party/LwIP/src/include/lwip/prot -I../../Middlewares/Third_Party/LwIP/src/include/netif -I../../Middlewares/Third_Party/LwIP/src/include/compat/posix -I../../Middlewares/Third_Party/LwIP/src/include/compat/posix/arpa -I../../Middlewares/Third_Party/LwIP/src/include/compat/posix/net -I../../Middlewares/Third_Party/LwIP/src/include/compat/posix/sys -I../../Middlewares/Third_Party/LwIP/src/include/compat/stdc -I../../Middlewares/Third_Party/LwIP/system/arch -Os -ffunction-sections -fdata-sections -Wall -fstack-usage -MMD -MP -MF"Middlewares/LwIP/icmp6.d" -MT"Middlewares/LwIP/icmp6.o" --specs=nano.specs -mfpu=fpv5-sp-d16 -mfloat-abi=hard -mthumb -o "Middlewares/LwIP/icmp6.o"
[...]
arm-none-eabi-gcc "C:/PP/Dydaktyka/MATERIALY/HMI_MATERIALY/HMI-M2M/STM32F7508-DK/DemoApp07_LwIP/LWIP/App/lwip.c" -mcpu=cortex-m7 -std=gnu11 -g3 -DUSE_HAL_DRIVER -DSTM32F750xx -DDEBUG -c -I../../Core/Inc -I../../Drivers/CMSIS/Include -I../../Drivers/BSP/STM32F7508-Discovery -I../../TouchGFX/target -I../../Drivers/CMSIS/Device/ST/STM32F7xx/Include -I../../Drivers/STM32F7xx_HAL_Driver/Inc -I../../TouchGFX/App -I../../Middlewares/Third_Party/FreeRTOS/Source/CMSIS_RTOS -I../../TouchGFX/target/generated -I../../Drivers/STM32F7xx_HAL_Driver/Inc/Legacy -I../../Drivers/BSP/Components/Common -I../../Middlewares/Third_Party/FreeRTOS/Source/portable/GCC/ARM_CM7/r0p1 -I../../Middlewares/Third_Party/FreeRTOS/Source/include -I../../Middlewares/ST/touchgfx/framework/include -I../../TouchGFX/generated/fonts/include -I../../TouchGFX/generated/gui_generated/include -I../../TouchGFX/generated/images/include -I../../TouchGFX/generated/texts/include -I../../TouchGFX/gui/include -I../../TouchGFX/generated/videos/include -I../../LWIP/App -I../../LWIP/Target -I../../Middlewares/Third_Party/LwIP/src/include -I../../Middlewares/Third_Party/LwIP/system -I../../Middlewares/Third_Party/LwIP/src/include/netif/ppp -I../../Middlewares/Third_Party/LwIP/src/include/lwip -I../../Middlewares/Third_Party/LwIP/src/include/lwip/apps -I../../Middlewares/Third_Party/LwIP/src/include/lwip/priv -I../../Middlewares/Third_Party/LwIP/src/include/lwip/prot -I../../Middlewares/Third_Party/LwIP/src/include/netif -I../../Middlewares/Third_Party/LwIP/src/include/compat/posix -I../../Middlewares/Third_Party/LwIP/src/include/compat/posix/arpa -I../../Middlewares/Third_Party/LwIP/src/include/compat/posix/net -I../../Middlewares/Third_Party/LwIP/src/include/compat/posix/sys -I../../Middlewares/Third_Party/LwIP/src/include/compat/stdc -I../../Middlewares/Third_Party/LwIP/system/arch -Os -ffunction-sections -fdata-sections -Wall -fstack-usage -MMD -MP -MF"Application/User/LWIP/App/lwip.d" -MT"Application/User/LWIP/App/lwip.o" --specs=nano.specs -mfpu=fpv5-sp-d16 -mfloat-abi=hard -mthumb -o "Application/User/LWIP/App/lwip.o"
arm-none-eabi-gcc "C:/PP/Dydaktyka/MATERIALY/HMI_MATERIALY/HMI-M2M/STM32F7508-DK/DemoApp07_LwIP/Core/Src/freertos.c" -mcpu=cortex-m7 -std=gnu11 -g3 -DUSE_HAL_DRIVER -DSTM32F750xx -DDEBUG -c -I../../Core/Inc -I../../Drivers/CMSIS/Include -I../../Drivers/BSP/STM32F7508-Discovery -I../../TouchGFX/target -I../../Drivers/CMSIS/Device/ST/STM32F7xx/Include -I../../Drivers/STM32F7xx_HAL_Driver/Inc -I../../TouchGFX/App -I../../Middlewares/Third_Party/FreeRTOS/Source/CMSIS_RTOS -I../../TouchGFX/target/generated -I../../Drivers/STM32F7xx_HAL_Driver/Inc/Legacy -I../../Drivers/BSP/Components/Common -I../../Middlewares/Third_Party/FreeRTOS/Source/portable/GCC/ARM_CM7/r0p1 -I../../Middlewares/Third_Party/FreeRTOS/Source/include -I../../Middlewares/ST/touchgfx/framework/include -I../../TouchGFX/generated/fonts/include -I../../TouchGFX/generated/gui_generated/include -I../../TouchGFX/generated/images/include -I../../TouchGFX/generated/texts/include -I../../TouchGFX/gui/include -I../../TouchGFX/generated/videos/include -I../../LWIP/App -I../../LWIP/Target -I../../Middlewares/Third_Party/LwIP/src/include -I../../Middlewares/Third_Party/LwIP/system -I../../Middlewares/Third_Party/LwIP/src/include/netif/ppp -I../../Middlewares/Third_Party/LwIP/src/include/lwip -I../../Middlewares/Third_Party/LwIP/src/include/lwip/apps -I../../Middlewares/Third_Party/LwIP/src/include/lwip/priv -I../../Middlewares/Third_Party/LwIP/src/include/lwip/prot -I../../Middlewares/Third_Party/LwIP/src/include/netif -I../../Middlewares/Third_Party/LwIP/src/include/compat/posix -I../../Middlewares/Third_Party/LwIP/src/include/compat/posix/arpa -I../../Middlewares/Third_Party/LwIP/src/include/compat/posix/net -I../../Middlewares/Third_Party/LwIP/src/include/compat/posix/sys -I../../Middlewares/Third_Party/LwIP/src/include/compat/stdc -I../../Middlewares/Third_Party/LwIP/system/arch -Os -ffunction-sections -fdata-sections -Wall -fstack-usage -MMD -MP -MF"Application/User/freertos.d" -MT"Application/User/freertos.o" --specs=nano.specs -mfpu=fpv5-sp-d16 -mfloat-abi=hard -mthumb -o "Application/User/freertos.o"
arm-none-eabi-gcc "C:/PP/Dydaktyka/MATERIALY/HMI_MATERIALY/HMI-M2M/STM32F7508-DK/DemoApp07_LwIP/Core/Src/main.c" -mcpu=cortex-m7 -std=gnu11 -g3 -DUSE_HAL_DRIVER -DSTM32F750xx -DDEBUG -c -I../../Core/Inc -I../../Drivers/CMSIS/Include -I../../Drivers/BSP/STM32F7508-Discovery -I../../TouchGFX/target -I../../Drivers/CMSIS/Device/ST/STM32F7xx/Include -I../../Drivers/STM32F7xx_HAL_Driver/Inc -I../../TouchGFX/App -I../../Middlewares/Third_Party/FreeRTOS/Source/CMSIS_RTOS -I../../TouchGFX/target/generated -I../../Drivers/STM32F7xx_HAL_Driver/Inc/Legacy -I../../Drivers/BSP/Components/Common -I../../Middlewares/Third_Party/FreeRTOS/Source/portable/GCC/ARM_CM7/r0p1 -I../../Middlewares/Third_Party/FreeRTOS/Source/include -I../../Middlewares/ST/touchgfx/framework/include -I../../TouchGFX/generated/fonts/include -I../../TouchGFX/generated/gui_generated/include -I../../TouchGFX/generated/images/include -I../../TouchGFX/generated/texts/include -I../../TouchGFX/gui/include -I../../TouchGFX/generated/videos/include -I../../LWIP/App -I../../LWIP/Target -I../../Middlewares/Third_Party/LwIP/src/include -I../../Middlewares/Third_Party/LwIP/system -I../../Middlewares/Third_Party/LwIP/src/include/netif/ppp -I../../Middlewares/Third_Party/LwIP/src/include/lwip -I../../Middlewares/Third_Party/LwIP/src/include/lwip/apps -I../../Middlewares/Third_Party/LwIP/src/include/lwip/priv -I../../Middlewares/Third_Party/LwIP/src/include/lwip/prot -I../../Middlewares/Third_Party/LwIP/src/include/netif -I../../Middlewares/Third_Party/LwIP/src/include/compat/posix -I../../Middlewares/Third_Party/LwIP/src/include/compat/posix/arpa -I../../Middlewares/Third_Party/LwIP/src/include/compat/posix/net -I../../Middlewares/Third_Party/LwIP/src/include/compat/posix/sys -I../../Middlewares/Third_Party/LwIP/src/include/compat/stdc -I../../Middlewares/Third_Party/LwIP/system/arch -Os -ffunction-sections -fdata-sections -Wall -fstack-usage -MMD -MP -MF"Application/User/main.d" -MT"Application/User/main.o" --specs=nano.specs -mfpu=fpv5-sp-d16 -mfloat-abi=hard -mthumb -o "Application/User/main.o"
arm-none-eabi-gcc "C:/PP/Dydaktyka/MATERIALY/HMI_MATERIALY/HMI-M2M/STM32F7508-DK/DemoApp07_LwIP/Core/Src/stm32f7xx_hal_msp.c" -mcpu=cortex-m7 -std=gnu11 -g3 -DUSE_HAL_DRIVER -DSTM32F750xx -DDEBUG -c -I../../Core/Inc -I../../Drivers/CMSIS/Include -I../../Drivers/BSP/STM32F7508-Discovery -I../../TouchGFX/target -I../../Drivers/CMSIS/Device/ST/STM32F7xx/Include -I../../Drivers/STM32F7xx_HAL_Driver/Inc -I../../TouchGFX/App -I../../Middlewares/Third_Party/FreeRTOS/Source/CMSIS_RTOS -I../../TouchGFX/target/generated -I../../Drivers/STM32F7xx_HAL_Driver/Inc/Legacy -I../../Drivers/BSP/Components/Common -I../../Middlewares/Third_Party/FreeRTOS/Source/portable/GCC/ARM_CM7/r0p1 -I../../Middlewares/Third_Party/FreeRTOS/Source/include -I../../Middlewares/ST/touchgfx/framework/include -I../../TouchGFX/generated/fonts/include -I../../TouchGFX/generated/gui_generated/include -I../../TouchGFX/generated/images/include -I../../TouchGFX/generated/texts/include -I../../TouchGFX/gui/include -I../../TouchGFX/generated/videos/include -I../../LWIP/App -I../../LWIP/Target -I../../Middlewares/Third_Party/LwIP/src/include -I../../Middlewares/Third_Party/LwIP/system -I../../Middlewares/Third_Party/LwIP/src/include/netif/ppp -I../../Middlewares/Third_Party/LwIP/src/include/lwip -I../../Middlewares/Third_Party/LwIP/src/include/lwip/apps -I../../Middlewares/Third_Party/LwIP/src/include/lwip/priv -I../../Middlewares/Third_Party/LwIP/src/include/lwip/prot -I../../Middlewares/Third_Party/LwIP/src/include/netif -I../../Middlewares/Third_Party/LwIP/src/include/compat/posix -I../../Middlewares/Third_Party/LwIP/src/include/compat/posix/arpa -I../../Middlewares/Third_Party/LwIP/src/include/compat/posix/net -I../../Middlewares/Third_Party/LwIP/src/include/compat/posix/sys -I../../Middlewares/Third_Party/LwIP/src/include/compat/stdc -I../../Middlewares/Third_Party/LwIP/system/arch -Os -ffunction-sections -fdata-sections -Wall -fstack-usage -MMD -MP -MF"Application/User/stm32f7xx_hal_msp.d" -MT"Application/User/stm32f7xx_hal_msp.o" --specs=nano.specs -mfpu=fpv5-sp-d16 -mfloat-abi=hard -mthumb -o "Application/User/stm32f7xx_hal_msp.o"
arm-none-eabi-gcc "C:/PP/Dydaktyka/MATERIALY/HMI_MATERIALY/HMI-M2M/STM32F7508-DK/DemoApp07_LwIP/Core/Src/stm32f7xx_hal_timebase_tim.c" -mcpu=cortex-m7 -std=gnu11 -g3 -DUSE_HAL_DRIVER -DSTM32F750xx -DDEBUG -c -I../../Core/Inc -I../../Drivers/CMSIS/Include -I../../Drivers/BSP/STM32F7508-Discovery -I../../TouchGFX/target -I../../Drivers/CMSIS/Device/ST/STM32F7xx/Include -I../../Drivers/STM32F7xx_HAL_Driver/Inc -I../../TouchGFX/App -I../../Middlewares/Third_Party/FreeRTOS/Source/CMSIS_RTOS -I../../TouchGFX/target/generated -I../../Drivers/STM32F7xx_HAL_Driver/Inc/Legacy -I../../Drivers/BSP/Components/Common -I../../Middlewares/Third_Party/FreeRTOS/Source/portable/GCC/ARM_CM7/r0p1 -I../../Middlewares/Third_Party/FreeRTOS/Source/include -I../../Middlewares/ST/touchgfx/framework/include -I../../TouchGFX/generated/fonts/include -I../../TouchGFX/generated/gui_generated/include -I../../TouchGFX/generated/images/include -I../../TouchGFX/generated/texts/include -I../../TouchGFX/gui/include -I../../TouchGFX/generated/videos/include -I../../LWIP/App -I../../LWIP/Target -I../../Middlewares/Third_Party/LwIP/src/include -I../../Middlewares/Third_Party/LwIP/system -I../../Middlewares/Third_Party/LwIP/src/include/netif/ppp -I../../Middlewares/Third_Party/LwIP/src/include/lwip -I../../Middlewares/Third_Party/LwIP/src/include/lwip/apps -I../../Middlewares/Third_Party/LwIP/src/include/lwip/priv -I../../Middlewares/Third_Party/LwIP/src/include/lwip/prot -I../../Middlewares/Third_Party/LwIP/src/include/netif -I../../Middlewares/Third_Party/LwIP/src/include/compat/posix -I../../Middlewares/Third_Party/LwIP/src/include/compat/posix/arpa -I../../Middlewares/Third_Party/LwIP/src/include/compat/posix/net -I../../Middlewares/Third_Party/LwIP/src/include/compat/posix/sys -I../../Middlewares/Third_Party/LwIP/src/include/compat/stdc -I../../Middlewares/Third_Party/LwIP/system/arch -Os -ffunction-sections -fdata-sections -Wall -fstack-usage -MMD -MP -MF"Application/User/stm32f7xx_hal_timebase_tim.d" -MT"Application/User/stm32f7xx_hal_timebase_tim.o" --specs=nano.specs -mfpu=fpv5-sp-d16 -mfloat-abi=hard -mthumb -o "Application/User/stm32f7xx_hal_timebase_tim.o"
In file included from C:/PP/Dydaktyka/MATERIALY/HMI_MATERIALY/HMI-M2M/STM32F7508-DK/DemoApp07_LwIP/LWIP/App/lwip.h:36,
                 from C:/PP/Dydaktyka/MATERIALY/HMI_MATERIALY/HMI-M2M/STM32F7508-DK/DemoApp07_LwIP/LWIP/App/lwip.c:22:
../../LWIP/Target/ethernetif.h:43:13: warning: 'ethernetif_input' declared 'static' but never defined [-Wunused-function]
   43 | static void ethernetif_input(void const * argument);
      |             ^~~~~~~~~~~~~~~~
arm-none-eabi-gcc "C:/PP/Dydaktyka/MATERIALY/HMI_MATERIALY/HMI-M2M/STM32F7508-DK/DemoApp07_LwIP/Core/Src/stm32f7xx_it.c" -mcpu=cortex-m7 -std=gnu11 -g3 -DUSE_HAL_DRIVER -DSTM32F750xx -DDEBUG -c -I../../Core/Inc -I../../Drivers/CMSIS/Include -I../../Drivers/BSP/STM32F7508-Discovery -I../../TouchGFX/target -I../../Drivers/CMSIS/Device/ST/STM32F7xx/Include -I../../Drivers/STM32F7xx_HAL_Driver/Inc -I../../TouchGFX/App -I../../Middlewares/Third_Party/FreeRTOS/Source/CMSIS_RTOS -I../../TouchGFX/target/generated -I../../Drivers/STM32F7xx_HAL_Driver/Inc/Legacy -I../../Drivers/BSP/Components/Common -I../../Middlewares/Third_Party/FreeRTOS/Source/portable/GCC/ARM_CM7/r0p1 -I../../Middlewares/Third_Party/FreeRTOS/Source/include -I../../Middlewares/ST/touchgfx/framework/include -I../../TouchGFX/generated/fonts/include -I../../TouchGFX/generated/gui_generated/include -I../../TouchGFX/generated/images/include -I../../TouchGFX/generated/texts/include -I../../TouchGFX/gui/include -I../../TouchGFX/generated/videos/include -I../../LWIP/App -I../../LWIP/Target -I../../Middlewares/Third_Party/LwIP/src/include -I../../Middlewares/Third_Party/LwIP/system -I../../Middlewares/Third_Party/LwIP/src/include/netif/ppp -I../../Middlewares/Third_Party/LwIP/src/include/lwip -I../../Middlewares/Third_Party/LwIP/src/include/lwip/apps -I../../Middlewares/Third_Party/LwIP/src/include/lwip/priv -I../../Middlewares/Third_Party/LwIP/src/include/lwip/prot -I../../Middlewares/Third_Party/LwIP/src/include/netif -I../../Middlewares/Third_Party/LwIP/src/include/compat/posix -I../../Middlewares/Third_Party/LwIP/src/include/compat/posix/arpa -I../../Middlewares/Third_Party/LwIP/src/include/compat/posix/net -I../../Middlewares/Third_Party/LwIP/src/include/compat/posix/sys -I../../Middlewares/Third_Party/LwIP/src/include/compat/stdc -I../../Middlewares/Third_Party/LwIP/system/arch -Os -ffunction-sections -fdata-sections -Wall -fstack-usage -MMD -MP -MF"Application/User/stm32f7xx_it.d" -MT"Application/User/stm32f7xx_it.o" --specs=nano.specs -mfpu=fpv5-sp-d16 -mfloat-abi=hard -mthumb -o "Application/User/stm32f7xx_it.o"
In file included from ../../LWIP/App/lwip.h:36,
                 from C:/PP/Dydaktyka/MATERIALY/HMI_MATERIALY/HMI-M2M/STM32F7508-DK/DemoApp07_LwIP/Core/Src/main.c:23:
../../LWIP/Target/ethernetif.h:43:13: warning: 'ethernetif_input' declared 'static' but never defined [-Wunused-function]
   43 | static void ethernetif_input(void const * argument);
      |             ^~~~~~~~~~~~~~~~
arm-none-eabi-gcc "../Application/User/syscalls.c" -mcpu=cortex-m7 -std=gnu11 -g3 -DUSE_HAL_DRIVER -DSTM32F750xx -DDEBUG -c -I../../Core/Inc -I../../Drivers/CMSIS/Include -I../../Drivers/BSP/STM32F7508-Discovery -I../../TouchGFX/target -I../../Drivers/CMSIS/Device/ST/STM32F7xx/Include -I../../Drivers/STM32F7xx_HAL_Driver/Inc -I../../TouchGFX/App -I../../Middlewares/Third_Party/FreeRTOS/Source/CMSIS_RTOS -I../../TouchGFX/target/generated -I../../Drivers/STM32F7xx_HAL_Driver/Inc/Legacy -I../../Drivers/BSP/Components/Common -I../../Middlewares/Third_Party/FreeRTOS/Source/portable/GCC/ARM_CM7/r0p1 -I../../Middlewares/Third_Party/FreeRTOS/Source/include -I../../Middlewares/ST/touchgfx/framework/include -I../../TouchGFX/generated/fonts/include -I../../TouchGFX/generated/gui_generated/include -I../../TouchGFX/generated/images/include -I../../TouchGFX/generated/texts/include -I../../TouchGFX/gui/include -I../../TouchGFX/generated/videos/include -I../../LWIP/App -I../../LWIP/Target -I../../Middlewares/Third_Party/LwIP/src/include -I../../Middlewares/Third_Party/LwIP/system -I../../Middlewares/Third_Party/LwIP/src/include/netif/ppp -I../../Middlewares/Third_Party/LwIP/src/include/lwip -I../../Middlewares/Third_Party/LwIP/src/include/lwip/apps -I../../Middlewares/Third_Party/LwIP/src/include/lwip/priv -I../../Middlewares/Third_Party/LwIP/src/include/lwip/prot -I../../Middlewares/Third_Party/LwIP/src/include/netif -I../../Middlewares/Third_Party/LwIP/src/include/compat/posix -I../../Middlewares/Third_Party/LwIP/src/include/compat/posix/arpa -I../../Middlewares/Third_Party/LwIP/src/include/compat/posix/net -I../../Middlewares/Third_Party/LwIP/src/include/compat/posix/sys -I../../Middlewares/Third_Party/LwIP/src/include/compat/stdc -I../../Middlewares/Third_Party/LwIP/system/arch -Os -ffunction-sections -fdata-sections -Wall -fstack-usage -MMD -MP -MF"Application/User/syscalls.d" -MT"Application/User/syscalls.o" --specs=nano.specs -mfpu=fpv5-sp-d16 -mfloat-abi=hard -mthumb -o "Application/User/syscalls.o"
arm-none-eabi-gcc "../Application/User/sysmem.c" -mcpu=cortex-m7 -std=gnu11 -g3 -DUSE_HAL_DRIVER -DSTM32F750xx -DDEBUG -c -I../../Core/Inc -I../../Drivers/CMSIS/Include -I../../Drivers/BSP/STM32F7508-Discovery -I../../TouchGFX/target -I../../Drivers/CMSIS/Device/ST/STM32F7xx/Include -I../../Drivers/STM32F7xx_HAL_Driver/Inc -I../../TouchGFX/App -I../../Middlewares/Third_Party/FreeRTOS/Source/CMSIS_RTOS -I../../TouchGFX/target/generated -I../../Drivers/STM32F7xx_HAL_Driver/Inc/Legacy -I../../Drivers/BSP/Components/Common -I../../Middlewares/Third_Party/FreeRTOS/Source/portable/GCC/ARM_CM7/r0p1 -I../../Middlewares/Third_Party/FreeRTOS/Source/include -I../../Middlewares/ST/touchgfx/framework/include -I../../TouchGFX/generated/fonts/include -I../../TouchGFX/generated/gui_generated/include -I../../TouchGFX/generated/images/include -I../../TouchGFX/generated/texts/include -I../../TouchGFX/gui/include -I../../TouchGFX/generated/videos/include -I../../LWIP/App -I../../LWIP/Target -I../../Middlewares/Third_Party/LwIP/src/include -I../../Middlewares/Third_Party/LwIP/system -I../../Middlewares/Third_Party/LwIP/src/include/netif/ppp -I../../Middlewares/Third_Party/LwIP/src/include/lwip -I../../Middlewares/Third_Party/LwIP/src/include/lwip/apps -I../../Middlewares/Third_Party/LwIP/src/include/lwip/priv -I../../Middlewares/Third_Party/LwIP/src/include/lwip/prot -I../../Middlewares/Third_Party/LwIP/src/include/netif -I../../Middlewares/Third_Party/LwIP/src/include/compat/posix -I../../Middlewares/Third_Party/LwIP/src/include/compat/posix/arpa -I../../Middlewares/Third_Party/LwIP/src/include/compat/posix/net -I../../Middlewares/Third_Party/LwIP/src/include/compat/posix/sys -I../../Middlewares/Third_Party/LwIP/src/include/compat/stdc -I../../Middlewares/Third_Party/LwIP/system/arch -Os -ffunction-sections -fdata-sections -Wall -fstack-usage -MMD -MP -MF"Application/User/sysmem.d" -MT"Application/User/sysmem.o" --specs=nano.specs -mfpu=fpv5-sp-d16 -mfloat-abi=hard -mthumb -o "Application/User/sysmem.o"
arm-none-eabi-gcc -mcpu=cortex-m7 -g3 -DDEBUG -c -x assembler-with-cpp -MMD -MP -MF"Application/Startup/startup_stm32f750n8hx.d" -MT"Application/Startup/startup_stm32f750n8hx.o" --specs=nano.specs -mfpu=fpv5-sp-d16 -mfloat-abi=hard -mthumb -o "Application/Startup/startup_stm32f750n8hx.o" "../Application/Startup/startup_stm32f750n8hx.s"
arm-none-eabi-g++ -o "STM32F7508-DK.elf" @"objects.list"  -l:libtouchgfx-float-abi-hard.a -mcpu=cortex-m7 -T"C:\PP\Dydaktyka\MATERIALY\HMI_MATERIALY\HMI-M2M\STM32F7508-DK\DemoApp07_LwIP\STM32CubeIDE\STM32F750N8HX_FLASH.ld" --specs=nosys.specs -Wl,-Map="STM32F7508-DK.map" -Wl,--gc-sections -static -LC:/dev/pacman/at/stm32f750_disco/STM32F7508-DK/Middlewares/ST/touchgfx/lib/core/cortex_m7/gcc -LC:/PP/Dydaktyka/MATERIALY/HMI_MATERIALY/HMI-M2M/STM32F7508-DK/DemoApp07_LwIP/Middlewares/ST/touchgfx/lib/core/cortex_m7/gcc --specs=nano.specs -mfpu=fpv5-sp-d16 -mfloat-abi=hard -mthumb -Wl,--start-group -lc -lm -lstdc++ -lsupc++ -Wl,--end-group
Finished building target: STM32F7508-DK.elf
 
arm-none-eabi-size   STM32F7508-DK.elf 
arm-none-eabi-objdump -h -S  STM32F7508-DK.elf  > "STM32F7508-DK.list"
arm-none-eabi-objcopy  -O ihex  STM32F7508-DK.elf  "STM32F7508-DK.hex"
   text	   data	    bss	    dec	    hex	filename
 150812	   8688	 109540	 269040	  41af0	STM32F7508-DK.elf
Finished building: default.size.stdout
 
Finished building: STM32F7508-DK.hex
 
Finished building: STM32F7508-DK.list
 
