02:47:52 **** Incremental Build of configuration Debug for project STM32F7508-DK ****
make -j12 all 
arm-none-eabi-g++ "C:/PP/Dydaktyka/MATERIALY/HMI_MATERIALY/HMI-M2M/STM32F7508-DK/DemoApp06_CMSIS_DSP/TouchGFX/generated/texts/src/Texts.cpp" -mcpu=cortex-m7 -std=gnu++14 -g3 -DUSE_HAL_DRIVER -DSTM32F750xx -DDEBUG -c -I../../Core/Inc -IC:/Users/AW/STM32Cube/Repository/Packs/ARM/CMSIS/5.7.0/CMSIS/DSP/Include -I../../Drivers/CMSIS/Include -I../../Drivers/BSP/STM32F7508-Discovery -I../../TouchGFX/target -I../../Drivers/CMSIS/Device/ST/STM32F7xx/Include -I../../Drivers/STM32F7xx_HAL_Driver/Inc -I../../TouchGFX/App -I../../Middlewares/Third_Party/FreeRTOS/Source/CMSIS_RTOS -I../../TouchGFX/target/generated -I../../Drivers/STM32F7xx_HAL_Driver/Inc/Legacy -I../../Drivers/BSP/Components/Common -I../../Middlewares/Third_Party/FreeRTOS/Source/portable/GCC/ARM_CM7/r0p1 -I../../Middlewares/Third_Party/FreeRTOS/Source/include -I../../Middlewares/ST/touchgfx/framework/include -I../../TouchGFX/generated/fonts/include -I../../TouchGFX/generated/gui_generated/include -I../../TouchGFX/generated/images/include -I../../TouchGFX/generated/texts/include -I../../TouchGFX/gui/include -I../../Middlewares/Third_Party/FreeRTOS/Source/CMSIS_RTOS_V2 -I../../TouchGFX/generated/videos/include -I../../Middlewares/Third_Party/ARM_CMSIS/CMSIS/Core/Include/ -I../../Middlewares/Third_Party/ARM_CMSIS/CMSIS/Core_A/Include/ -I../../Middlewares/Third_Party/ARM_CMSIS/CMSIS/DSP/Include -Os -ffunction-sections -fdata-sections -fno-exceptions -fno-rtti -fno-use-cxa-atexit -Wall -femit-class-debug-always -fstack-usage -MMD -MP -MF"Application/User/generated/Texts.d" -MT"Application/User/generated/Texts.o" --specs=nano.specs -mfpu=fpv5-sp-d16 -mfloat-abi=hard -mthumb -o "Application/User/generated/Texts.o"
arm-none-eabi-g++ -o "STM32F7508-DK.elf" @"objects.list"  -l:libtouchgfx-float-abi-hard.a -l:libarm_cortexM7lfsp_math.a -mcpu=cortex-m7 -T"C:\PP\Dydaktyka\MATERIALY\HMI_MATERIALY\HMI-M2M\STM32F7508-DK\DemoApp06_CMSIS_DSP\STM32CubeIDE\STM32F750N8HX_FLASH.ld" --specs=nosys.specs -Wl,-Map="STM32F7508-DK.map" -Wl,--gc-sections -static -LC:/dev/pacman/at/stm32f750_disco/STM32F7508-DK/Middlewares/ST/touchgfx/lib/core/cortex_m7/gcc -LC:/TouchGFXProjects/CMSIS_DSP_Test/Middlewares/ST/touchgfx/lib/core/cortex_m7/gcc -LC:/Users/AW/STM32Cube/Repository/Packs/ARM/CMSIS/5.7.0/CMSIS/DSP/Lib/GCC -LC:/PP/Dydaktyka/MATERIALY/HMI_MATERIALY/HMI-M2M/STM32F7508-DK/DemoApp06_CMSIS_DSP/Middlewares/ST/touchgfx/lib/core/cortex_m7/gcc --specs=nano.specs -mfpu=fpv5-sp-d16 -mfloat-abi=hard -mthumb -u _printf_float -Wl,--start-group -lc -lm -lstdc++ -lsupc++ -Wl,--end-group
Finished building target: STM32F7508-DK.elf
 
arm-none-eabi-size   STM32F7508-DK.elf 
arm-none-eabi-objdump -h -S  STM32F7508-DK.elf  > "STM32F7508-DK.list"
arm-none-eabi-objcopy  -O ihex  STM32F7508-DK.elf  "STM32F7508-DK.hex"
   text	   data	    bss	    dec	    hex	filename
 182640	   9048	  91828	 283516	  4537c	STM32F7508-DK.elf
Finished building: default.size.stdout
 
Finished building: STM32F7508-DK.hex
 
Finished building: STM32F7508-DK.list
 

02:47:54 Build Finished. 0 errors, 0 warnings. (took 2s.316ms)

