C:/PP/Dydaktyka/MATERIALY/HMI_MATERIALY/HMI-M2M/STM32F7508-DK/MyFirstTouchGFXApp/Drivers/BSP/STM32F7508-Discovery/stm32f7508_discovery_ts.c:130:9:BSP_TS_Init	8	static
C:/PP/Dydaktyka/MATERIALY/HMI_MATERIALY/HMI-M2M/STM32F7508-DK/MyFirstTouchGFXApp/Drivers/BSP/STM32F7508-Discovery/stm32f7508_discovery_ts.c:160:9:BSP_TS_DeInit	0	static
C:/PP/Dydaktyka/MATERIALY/HMI_MATERIALY/HMI-M2M/STM32F7508-DK/MyFirstTouchGFXApp/Drivers/BSP/STM32F7508-Discovery/stm32f7508_discovery_ts.c:170:9:BSP_TS_ITConfig	32	static
C:/PP/Dydaktyka/MATERIALY/HMI_MATERIALY/HMI-M2M/STM32F7508-DK/MyFirstTouchGFXApp/Drivers/BSP/STM32F7508-Discovery/stm32f7508_discovery_ts.c:195:9:BSP_TS_ITGetStatus	8	static
C:/PP/Dydaktyka/MATERIALY/HMI_MATERIALY/HMI-M2M/STM32F7508-DK/MyFirstTouchGFXApp/Drivers/BSP/STM32F7508-Discovery/stm32f7508_discovery_ts.c:326:9:BSP_TS_Get_GestureId	16	static
C:/PP/Dydaktyka/MATERIALY/HMI_MATERIALY/HMI-M2M/STM32F7508-DK/MyFirstTouchGFXApp/Drivers/BSP/STM32F7508-Discovery/stm32f7508_discovery_ts.c:206:9:BSP_TS_GetState	88	static
C:/PP/Dydaktyka/MATERIALY/HMI_MATERIALY/HMI-M2M/STM32F7508-DK/MyFirstTouchGFXApp/Drivers/BSP/STM32F7508-Discovery/stm32f7508_discovery_ts.c:370:6:BSP_TS_ITClear	8	static
C:/PP/Dydaktyka/MATERIALY/HMI_MATERIALY/HMI-M2M/STM32F7508-DK/MyFirstTouchGFXApp/Drivers/BSP/STM32F7508-Discovery/stm32f7508_discovery_ts.c:388:9:BSP_TS_ResetTouchData	0	static
