stm32f7xx_hal_msp.c:64:6:HAL_MspInit	8	static
stm32f7xx_hal_msp.c:88:6:HAL_CRC_MspInit	8	static
stm32f7xx_hal_msp.c:110:6:HAL_CRC_MspDeInit	0	static
stm32f7xx_hal_msp.c:132:6:HAL_DMA2D_MspInit	16	static
stm32f7xx_hal_msp.c:157:6:HAL_DMA2D_MspDeInit	0	static
stm32f7xx_hal_msp.c:182:6:HAL_I2C_MspInit	168	static
stm32f7xx_hal_msp.c:228:6:HAL_I2C_MspDeInit	8	static
stm32f7xx_hal_msp.c:259:6:HAL_LTDC_MspInit	192	static
stm32f7xx_hal_msp.c:376:6:HAL_LTDC_MspDeInit	8	static
stm32f7xx_hal_msp.c:445:6:HAL_TIM_Encoder_MspInit	40	static
stm32f7xx_hal_msp.c:481:6:HAL_TIM_Base_MspInit	16	static
stm32f7xx_hal_msp.c:506:6:HAL_TIM_Encoder_MspDeInit	0	static
stm32f7xx_hal_msp.c:535:6:HAL_TIM_Base_MspDeInit	0	static
stm32f7xx_hal_msp.c:560:6:HAL_UART_MspInit	192	static
stm32f7xx_hal_msp.c:618:6:HAL_UART_MspDeInit	8	static
stm32f7xx_hal_msp.c:753:6:HAL_SDRAM_MspInit	48	static
stm32f7xx_hal_msp.c:839:6:HAL_SDRAM_MspDeInit	8	static
