../../TouchGFX/target/STM32TouchController.hpp:36:7:STM32TouchController::~STM32TouchController()	0	static
C:/PP/Dydaktyka/MATERIALY/HMI_MATERIALY/HMI-M2M/STM32F7508-DK/MyFirstTouchGFXApp/TouchGFX/target/STM32TouchController.cpp:35:6:virtual bool STM32TouchController::sampleTouch(int32_t&, int32_t&)	64	static
../../TouchGFX/target/STM32TouchController.hpp:36:7:virtual STM32TouchController::~STM32TouchController()	8	static
C:/PP/Dydaktyka/MATERIALY/HMI_MATERIALY/HMI-M2M/STM32F7508-DK/MyFirstTouchGFXApp/TouchGFX/target/STM32TouchController.cpp:26:6:virtual void STM32TouchController::init()	8	static
